Board: ZCU111
Serial Number: 0000-0000
Mac Address: 01:02:03:04:05:06


Info: Ethernet, SD, USB, SATA Test test started...

Info: The test will take 0 hours, 02 minutes, and 36 seconds. 0:02:36

Entering step: 0


Info: This step started at: 2018-06-13 20:01:19

Entering step: 1


Info: This step started at: 2018-06-13 20:01:19

User has confirmed: "Set mode switch SW6 to "0111" (Up,Down,Down,Down).
Connect a DP monitor.
Insert SD card with contents of SATA_SD folder.
Connect USB3 thumbdrive and SATA drive. "

step finished 

Entering step: 2


Info: This step started at: 2018-06-13 20:01:22

C:\zcu111_bit\tests\ZCU111>cd bat\ 

C:\zcu111_bit\tests\ZCU111\bat>ezoutlet.exe reset 192.168.0.12 
step finished 

Entering step: 3


Info: This step started at: 2018-06-13 20:01:25
Xilinx Zynq MP First Stage Boot Loader 
Release 2018.1   Apr 12 2018  -  08:36:28
NOTICE:  ATF running on XCZU28DR/silicon v4/RTL5.1 at 0xfffea000
NOTICE:  BL31: Secure code at 0x0
NOTICE:  BL31: Non secure code at 0x8000000
NOTICE:  BL31: v1.4(release):xilinx-v2017.4-1351-gdf4a7e97
NOTICE:  BL31: Built : 14:29:32, Apr 12 2018
PMUFW:	v1.0


U-Boot 2018.01 (Apr 12 2018 - 08:34:07 -0600) Xilinx ZynqMP ZCU111

I2C:   ready
DRAM:  4 GiB
EL Level:	EL2
Chip ID:	zu28dr
MMC:   sdhci@ff170000: 0 (SD)
SF: Detected mt25qu02g with page size 512 Bytes, erase size 128 KiB, total 512 MiB
*** Warning - bad CRC, using default environment

In:    serial@ff000000
Out:   serial@ff000000
Err:   serial@ff000000
Model: ZynqMP ZCU111 RevA
Board: Xilinx ZynqMP
Bootmode: LVL_SHFT_SD_MODE1
Net:   ZYNQ GEM: ff0e0000, phyaddr c, interface rgmii-id
eth0: ethernet@ff0e0000
U-BOOT for xilinx-zcu111-2018_1

ethernet@ff0e0000 Waiting for PHY auto negotiation to complete....... done
BOOTP broadcast 1
BOOTP broadcast 2
BOOTP broadcast 3
BOOTP broadcast 4
BOOTP broadcast 5

****** Vivado v2018.1 (64-bit)
  **** SW Build 2188600 on Wed Apr  4 18:40:38 MDT 2018
  **** IP Build 2185939 on Wed Apr  4 20:55:05 MDT 2018
    ** Copyright 1986-2018 Xilinx, Inc. All Rights Reserved.

source {tcl\five_second_delay.tcl}
# after 5000
BOOTP broadcast 6
BOOTP broadcast 7
BOOTP broadcast 8
INFO: [Common 17-206] Exiting Vivado at Wed Jun 13 20:01:44 2018...
step finished 

Entering step: 4


Info: This step started at: 2018-06-13 20:01:44
Writing: '\n'
BOOTP broadcast 9
BOOTP broadcast 10

Entering step: 5


Info: This step started at: 2018-06-13 20:01:49
BOOTP broadcast 11
Writing: '\n'
BOOTP broadcast 12
BOOTP broadcast 13

Entering step: 6


Info: This step started at: 2018-06-13 20:01:54
BOOTP broadcast 14
BOOTP broadcast 15
BOOTP broadcast 16
BOOTP broadcast 17

Retry time exceeded
Hit any key to stop autoboot:  4  3  2  1  0 
Device: sdhci@ff170000
Manufacturer ID: 3
OEM: 5344
Name: SS08G 
Tran Speed: 50000000
Rd Block Len: 512
SD version 3.0
High Capacity: Yes
Capacity: 7.4 GiB
Bus Width: 4-bit
Erase Group Size: 512 Bytes
reading image.ub
14886576 bytes read in 1000 ms (14.2 MiB/s)
## Loading kernel from FIT Image at 10000000 ...
   Using 'conf@system-top.dtb' configuration
   Trying 'kernel@1' kernel subimage
     Description:  Linux kernel
     Type:         Kernel Image
     Compression:  gzip compressed
     Data Start:   0x10000108
     Data Size:    6911810 Bytes = 6.6 MiB
     Architecture: AArch64
     OS:           Linux
     Load Address: 0x00080000
     Entry Point:  0x00080000
     Hash algo:    sha1
     Hash value:   5537e07d6b1a72210e1a106d2c25b8fc61610dfb
   Verifying Hash Integrity ... sha1+ OK
## Loading ramdisk from FIT Image at 10000000 ...
   Using 'conf@system-top.dtb' configuration
   Trying 'ramdisk@1' ramdisk subimage
     Description:  petalinux-user-image
     Type:         RAMDisk Image
     Compression:  gzip compressed
     Data Start:   0x106a2014
     Data Size:    7930123 Bytes = 7.6 MiB
     Architecture: AArch64
     OS:           Linux
     Load Address: unavailable
     Entry Point:  unavailable
     Hash algo:    sha1
     Hash value:   6b63df6dfd9f3b5885a6e7d16fc5b62ebd32e2b3
   Verifying Hash Integrity ... sha1+ OK
## Loading fdt from FIT Image at 10000000 ...
   Using 'conf@system-top.dtb' configuration
   Trying 'fdt@system-top.dtb' fdt subimage
     Description:  Flattened Device Tree blob
     Type:         Flat Device Tree
     Compression:  uncompressed
     Data Start:   0x10697950
     Data Size:    42495 Bytes = 41.5 KiB
     Architecture: AArch64
     Hash algo:    sha1
     Hash value:   7c9a59c0feb83ffb1bb31acf172edab23ff5df74
   Verifying Hash Integrity ... sha1+ OK
   Booting using the fdt blob at 0x10697950
   Uncompressing Kernel Image ... OK
   Loading Ramdisk to 0786f000, end 07fff10b ... OK
   Loading Device Tree to 0000000007861000, end 000000000786e5fe ... OK

Starting kernel ...

[    0.000000] Booting Linux on physical CPU 0x0
[    0.000000] Linux version 4.14.0-xilinx-v2018.1 (oe-user@oe-host) (gcc version 7.2.0 (GCC)) #1 SMP Thu Apr 12 08:32:17 MDT 2018
[    0.000000] Boot CPU: AArch64 Processor [410fd034]
[    0.000000] Machine model: ZynqMP ZCU111 RevA
[    0.000000] earlycon: cdns0 at MMIO 0x00000000ff000000 (options '115200n8')
[    0.000000] bootconsole [cdns0] enabled
[    0.000000] efi: Getting EFI parameters from FDT:
[    0.000000] efi: UEFI not found.
[    0.000000] cma: Reserved 256 MiB at 0x000000006fc00000
[    0.000000] psci: probing for conduit method from DT.
[    0.000000] psci: PSCIv1.1 detected in firmware.
[    0.000000] psci: Using standard PSCI v0.2 function IDs
[    0.000000] psci: MIGRATE_INFO_TYPE not supported.
[    0.000000] percpu: Embedded 21 pages/cpu @ffffffc87ff65000 s46488 r8192 d31336 u86016
[    0.000000] Detected VIPT I-cache on CPU0
[    0.000000] CPU features: enabling workaround for ARM erratum 845719
[    0.000000] Built 1 zonelists, mobility grouping on.  Total pages: 1033987
[    0.000000] Kernel command line: earlycon clk_ignore_unused
[    0.000000] PID hash table entries: 4096 (order: 3, 32768 bytes)
[    0.000000] Dentry cache hash table entries: 524288 (order: 10, 4194304 bytes)
[    0.000000] Inode-cache hash table entries: 262144 (order: 9, 2097152 bytes)
[    0.000000] software IO TLB [mem 0x6bc00000-0x6fc00000] (64MB) mapped at [ffffffc06bc00000-ffffffc06fbfffff]
[    0.000000] Memory: 3776980K/4193280K available (9916K kernel code, 640K rwdata, 2996K rodata, 512K init, 2168K bss, 154156K reserved, 262144K cma-reserved)
[    0.000000] Virtual kernel memory layout:
[    0.000000]     modules : 0xffffff8000000000 - 0xffffff8008000000   (   128 MB)
[    0.000000]     vmalloc : 0xffffff8008000000 - 0xffffffbebfff0000   (   250 GB)
[    0.000000]       .text : 0xffffff8008080000 - 0xffffff8008a30000   (  9920 KB)
[    0.000000]     .rodata : 0xffffff8008a30000 - 0xffffff8008d20000   (  3008 KB)
[    0.000000]       .init : 0xffffff8008d20000 - 0xffffff8008da0000   (   512 KB)
[    0.000000]       .data : 0xffffff8008da0000 - 0xffffff8008e40200   (   641 KB)
[    0.000000]        .bss : 0xffffff8008e40200 - 0xffffff800905e2b0   (  2169 KB)
[    0.000000]     fixed   : 0xffffffbefe7fd000 - 0xffffffbefec00000   (  4108 KB)
[    0.000000]     PCI I/O : 0xffffffbefee00000 - 0xffffffbeffe00000   (    16 MB)
[    0.000000]     vmemmap : 0xffffffbf00000000 - 0xffffffc000000000   (     4 GB maximum)
[    0.000000]               0xffffffbf00000000 - 0xffffffbf1dc00000   (   476 MB actual)
[    0.000000]     memory  : 0xffffffc000000000 - 0xffffffc880000000   ( 34816 MB)
[    0.000000] Hierarchical RCU implementation.
[    0.000000] 	RCU event tracing is enabled.
[    0.000000] 	RCU restricting CPUs from NR_CPUS=8 to nr_cpu_ids=4.
[    0.000000] RCU: Adjusting geometry for rcu_fanout_leaf=16, nr_cpu_ids=4
[    0.000000] NR_IRQS: 64, nr_irqs: 64, preallocated irqs: 0
[    0.000000] GIC: Adjusting CPU interface base to 0x00000000f902f000
[    0.000000] GIC: Using split EOI/Deactivate mode
[    0.000000] irq-xilinx: /amba_pl@0/interrupt-controller@a0001000: num_irq=3, edge=0x3
[    0.000000] arch_timer: cp15 timer(s) running at 99.99MHz (phys).
[    0.000000] clocksource: arch_sys_counter: mask: 0xffffffffffffff max_cycles: 0x171015c90f, max_idle_ns: 440795203080 ns
[    0.000003] sched_clock: 56 bits at 99MHz, resolution 10ns, wraps every 4398046511101ns
[    0.008325] Console: colour dummy device 80x25
[    0.012585] console [tty0] enabled
[    0.015951] bootconsole [cdns0] disabled
[    0.000000] Booting Linux on physical CPU 0x0
[    0.000000] Linux version 4.14.0-xilinx-v2018.1 (oe-user@oe-host) (gcc version 7.2.0 (GCC)) #1 SMP Thu Apr 12 08:32:17 MDT 2018
[    0.000000] Boot CPU: AArch64 Processor [410fd034]
[    0.000000] Machine model: ZynqMP ZCU111 RevA
[    0.000000] earlycon: cdns0 at MMIO 0x00000000ff000000 (options '115200n8')
[    0.000000] bootconsole [cdns0] enabled
[    0.000000] efi: Getting EFI parameters from FDT:
[    0.000000] efi: UEFI not found.
[    0.000000] cma: Reserved 256 MiB at 0x000000006fc00000
[    0.000000] psci: probing for conduit method from DT.
[    0.000000] psci: PSCIv1.1 detected in firmware.
[    0.000000] psci: Using standard PSCI v0.2 function IDs
[    0.000000] psci: MIGRATE_INFO_TYPE not supported.
[    0.000000] percpu: Embedded 21 pages/cpu @ffffffc87ff65000 s46488 r8192 d31336 u86016
[    0.000000] Detected VIPT I-cache on CPU0
[    0.000000] CPU features: enabling workaround for ARM erratum 845719
[    0.000000] Built 1 zonelists, mobility grouping on.  Total pages: 1033987
[    0.000000] Kernel command line: earlycon clk_ignore_unused
[    0.000000] PID hash table entries: 4096 (order: 3, 32768 bytes)
[    0.000000] Dentry cache hash table entries: 524288 (order: 10, 4194304 bytes)
[    0.000000] Inode-cache hash table entries: 262144 (order: 9, 2097152 bytes)
[    0.000000] software IO TLB [mem 0x6bc00000-0x6fc00000] (64MB) mapped at [ffffffc06bc00000-ffffffc06fbfffff]
[    0.000000] Memory: 3776980K/4193280K available (9916K kernel code, 640K rwdata, 2996K rodata, 512K init, 2168K bss, 154156K reserved, 262144K cma-reserved)
[    0.000000] Virtual kernel memory layout:
[    0.000000]     modules : 0xffffff8000000000 - 0xffffff8008000000   (   128 MB)
[    0.000000]     vmalloc : 0xffffff8008000000 - 0xffffffbebfff0000   (   250 GB)
[    0.000000]       .text : 0xffffff8008080000 - 0xffffff8008a30000   (  9920 KB)
[    0.000000]     .rodata : 0xffffff8008a30000 - 0xffffff8008d20000   (  3008 KB)
[    0.000000]       .init : 0xffffff8008d20000 - 0xffffff8008da0000   (   512 KB)
[    0.000000]       .data : 0xffffff8008da0000 - 0xffffff8008e40200   (   641 KB)
[    0.000000]        .bss : 0xffffff8008e40200 - 0xffffff800905e2b0   (  2169 KB)
[    0.000000]     fixed   : 0xffffffbefe7fd000 - 0xffffffbefec00000   (  4108 KB)
[    0.000000]     PCI I/O : 0xffffffbefee00000 - 0xffffffbeffe00000   (    16 MB)
[    0.000000]     vmemmap : 0xffffffbf00000000 - 0xffffffc000000000   (     4 GB maximum)
[    0.000000]               0xffffffbf00000000 - 0xffffffbf1dc00000   (   476 MB actual)
[    0.000000]     memory  : 0xffffffc000000000 - 0xffffffc880000000   ( 34816 MB)
[    0.000000] Hierarchical RCU implementation.
[    0.000000] 	RCU event tracing is enabled.
[    0.000000] 	RCU restricting CPUs from NR_CPUS=8 to nr_cpu_ids=4.
[    0.000000] RCU: Adjusting geometry for rcu_fanout_leaf=16, nr_cpu_ids=4
[    0.000000] NR_IRQS: 64, nr_irqs: 64, preallocated irqs: 0
[    0.000000] GIC: Adjusting CPU interface base to 0x00000000f902f000
[    0.000000] GIC: Using split EOI/Deactivate mode
[    0.000000] irq-xilinx: /amba_pl@0/interrupt-controller@a0001000: num_irq=3, edge=0x3
[    0.000000] arch_timer: cp15 timer(s) running at 99.99MHz (phys).
[    0.000000] clocksource: arch_sys_counter: mask: 0xffffffffffffff max_cycles: 0x171015c90f, max_idle_ns: 440795203080 ns
[    0.000003] sched_clock: 56 bits at 99MHz, resolution 10ns, wraps every 4398046511101ns
[    0.008325] Console: colour dummy device 80x25
[    0.012585] console [tty0] enabled
[    0.015951] bootconsole [cdns0] disabled
[    0.019861] Calibrating delay loop (skipped), value calculated using timer frequency.. 199.99 BogoMIPS (lpj=399996)
[    0.019875] pid_max: default: 32768 minimum: 301
[    0.019978] Mount-cache hash table entries: 8192 (order: 4, 65536 bytes)
[    0.019996] Mountpoint-cache hash table entries: 8192 (order: 4, 65536 bytes)
[    0.020592] ASID allocator initialised with 65536 entries
[    0.020647] Hierarchical SRCU implementation.
[    0.020983] EFI services will not be available.
[    0.021008] zynqmp_plat_init Platform Management API v1.0
[    0.021017] zynqmp_plat_init Trustzone version v1.0
[    0.021120] smp: Bringing up secondary CPUs ...
[    0.021369] Detected VIPT I-cache on CPU1
[    0.021398] CPU1: Booted secondary processor [410fd034]
[    0.021671] Detected VIPT I-cache on CPU2
[    0.021688] CPU2: Booted secondary processor [410fd034]
[    0.021950] Detected VIPT I-cache on CPU3
[    0.021967] CPU3: Booted secondary processor [410fd034]
[    0.022008] smp: Brought up 1 node, 4 CPUs
[    0.022041] SMP: Total of 4 processors activated.
[    0.022049] CPU features: detected feature: 32-bit EL0 Support
[    0.022060] CPU: All CPU(s) started at EL2
[    0.022076] alternatives: patching kernel code
[    0.022795] devtmpfs: initialized
[    0.027159] random: get_random_u32 called from bucket_table_alloc+0x108/0x260 with crng_init=0
[    0.027318] clocksource: jiffies: mask: 0xffffffff max_cycles: 0xffffffff, max_idle_ns: 7645041785100000 ns
[    0.027339] futex hash table entries: 1024 (order: 5, 131072 bytes)
[    0.032794] xor: measuring software checksum speed
[    0.071936]    8regs     :  2303.000 MB/sec
[    0.111966]    8regs_prefetch:  2053.000 MB/sec
[    0.151995]    32regs    :  2830.000 MB/sec
[    0.192026]    32regs_prefetch:  2381.000 MB/sec
[    0.192034] xor: using function: 32regs (2830.000 MB/sec)
[    0.192109] pinctrl core: initialized pinctrl subsystem
[    0.192278] random: fast init done
[    0.192629] NET: Registered protocol family 16
[    0.193399] cpuidle: using governor menu
[    0.193915] vdso: 2 pages (1 code @ ffffff8008a36000, 1 data @ ffffff8008da4000)
[    0.193931] hw-breakpoint: found 6 breakpoint and 4 watchpoint registers.
[    0.194391] DMA: preallocated 256 KiB pool for atomic allocations
[    0.224133] reset_zynqmp reset-controller: Xilinx zynqmp reset driver probed
[    0.224608] ARM CCI_400_r1 PMU driver probed
[    0.229280] zynqmp-pinctrl ff180000.pinctrl: zynqmp pinctrl initialized
[    0.237753] HugeTLB registered 2.00 MiB page size, pre-allocated 0 pages
[    0.304241] raid6: int64x1  gen()   403 MB/s
[    0.372257] raid6: int64x1  xor()   446 MB/s
[    0.440328] raid6: int64x2  gen()   689 MB/s
[    0.508335] raid6: int64x2  xor()   603 MB/s
[    0.576333] raid6: int64x4  gen()  1042 MB/s
[    0.644413] raid6: int64x4  xor()   742 MB/s
[    0.712476] raid6: int64x8  gen()   980 MB/s
[    0.780483] raid6: int64x8  xor()   745 MB/s
[    0.848596] raid6: neonx1   gen()   727 MB/s
[    0.916589] raid6: neonx1   xor()   852 MB/s
[    0.984617] raid6: neonx2   gen()  1169 MB/s
[    1.052673] raid6: neonx2   xor()  1206 MB/s
[    1.120733] raid6: neonx4   gen()  1505 MB/s
[    1.188759] raid6: neonx4   xor()  1441 MB/s
[    1.256829] raid6: neonx8   gen()  1652 MB/s
[    1.324861] raid6: neonx8   xor()  1533 MB/s
[    1.324869] raid6: using algorithm neonx8 gen() 1652 MB/s
[    1.324876] raid6: .... xor() 1533 MB/s, rmw enabled
[    1.324884] raid6: using neon recovery algorithm
[    1.325410] XGpio: /amba_pl@0/gpio@a0000000: registered, base is 507
[    1.325732] XGpio: /amba_pl@0/gpio@a0002000: registered, base is 499
[    1.327095] SCSI subsystem initialized
[    1.327260] usbcore: registered new interface driver usbfs
[    1.327299] usbcore: registered new interface driver hub
[    1.327340] usbcore: registered new device driver usb
[    1.327400] media: Linux media interface: v0.10
[    1.327425] Linux video capture interface: v2.00
[    1.327463] pps_core: LinuxPPS API ver. 1 registered
[    1.327472] pps_core: Software ver. 5.3.6 - Copyright 2005-2007 Rodolfo Giometti <giometti@linux.it>
[    1.327492] PTP clock support registered
[    1.327516] EDAC MC: Ver: 3.0.0
[    1.327857] zynqmp-ipi ff9905c0.mailbox: Probed ZynqMP IPI Mailbox driver.
[    1.328012] FPGA manager framework
[    1.328118] fpga-region fpga-full: FPGA Region probed
[    1.328222] Advanced Linux Sound Architecture Driver Initialized.
[    1.328468] Bluetooth: Core ver 2.22
[    1.328499] NET: Registered protocol family 31
[    1.328507] Bluetooth: HCI device and connection manager initialized
[    1.328519] Bluetooth: HCI socket layer initialized
[    1.328529] Bluetooth: L2CAP socket layer initialized
[    1.328546] Bluetooth: SCO socket layer initialized
[    1.329037] clocksource: Switched to clocksource arch_sys_counter
[    1.329108] VFS: Disk quotas dquot_6.6.0
[    1.329154] VFS: Dquot-cache hash table entries: 512 (order 0, 4096 bytes)
[    1.333152] NET: Registered protocol family 2
[    1.333465] TCP established hash table entries: 32768 (order: 6, 262144 bytes)
[    1.333680] TCP bind hash table entries: 32768 (order: 7, 524288 bytes)
[    1.334086] TCP: Hash tables configured (established 32768 bind 32768)
[    1.334161] UDP hash table entries: 2048 (order: 4, 65536 bytes)
[    1.334238] UDP-Lite hash table entries: 2048 (order: 4, 65536 bytes)
[    1.334391] NET: Registered protocol family 1
[    1.334606] RPC: Registered named UNIX socket transport module.
[    1.334615] RPC: Registered udp transport module.
[    1.334623] RPC: Registered tcp transport module.
[    1.334630] RPC: Registered tcp NFSv4.1 backchannel transport module.
[    1.334736] Trying to unpack rootfs image as initramfs...
[    1.665884] Freeing initrd memory: 7744K
[    1.666239] hw perfevents: no interrupt-affinity property for /pmu, guessing.
[    1.666394] hw perfevents: enabled with armv8_pmuv3 PMU driver, 7 counters available
[    1.667098] audit: initializing netlink subsys (disabled)
[    1.667346] audit: type=2000 audit(1.656:1): state=initialized audit_enabled=0 res=1
[    1.667658] workingset: timestamp_bits=62 max_order=20 bucket_order=0
[    1.668351] NFS: Registering the id_resolver key type
[    1.668372] Key type id_resolver registered
[    1.668379] Key type id_legacy registered
[    1.668392] nfs4filelayout_init: NFSv4 File Layout Driver Registering...
[    1.668413] jffs2: version 2.2. (NAND) (SUMMARY)  Â© 2001-2006 Red Hat, Inc.
[    1.694858] Block layer SCSI generic (bsg) driver version 0.4 loaded (major 246)
[    1.694880] io scheduler noop registered
[    1.694888] io scheduler deadline registered
[    1.694908] io scheduler cfq registered (default)
[    1.694916] io scheduler mq-deadline registered
[    1.694924] io scheduler kyber registered
[    1.696267] xilinx-dpdma fd4c0000.dma: Xilinx DPDMA engine is probed
[    1.696714] xilinx-zynqmp-dma fd500000.dma: ZynqMP DMA driver Probe success
[    1.696873] xilinx-zynqmp-dma fd510000.dma: ZynqMP DMA driver Probe success
[    1.697040] xilinx-zynqmp-dma fd520000.dma: ZynqMP DMA driver Probe success
[    1.697197] xilinx-zynqmp-dma fd530000.dma: ZynqMP DMA driver Probe success
[    1.697355] xilinx-zynqmp-dma fd540000.dma: ZynqMP DMA driver Probe success
[    1.697515] xilinx-zynqmp-dma fd550000.dma: ZynqMP DMA driver Probe success
[    1.697674] xilinx-zynqmp-dma fd560000.dma: ZynqMP DMA driver Probe success
[    1.697829] xilinx-zynqmp-dma fd570000.dma: ZynqMP DMA driver Probe success
[    1.698051] xilinx-zynqmp-dma ffa80000.dma: ZynqMP DMA driver Probe success
[    1.698202] xilinx-zynqmp-dma ffa90000.dma: ZynqMP DMA driver Probe success
[    1.698353] xilinx-zynqmp-dma ffaa0000.dma: ZynqMP DMA driver Probe success
[    1.698503] xilinx-zynqmp-dma ffab0000.dma: ZynqMP DMA driver Probe success
[    1.698655] xilinx-zynqmp-dma ffac0000.dma: ZynqMP DMA driver Probe success
[    1.698808] xilinx-zynqmp-dma ffad0000.dma: ZynqMP DMA driver Probe success
[    1.698959] xilinx-zynqmp-dma ffae0000.dma: ZynqMP DMA driver Probe success
[    1.699117] xilinx-zynqmp-dma ffaf0000.dma: ZynqMP DMA driver Probe success
[    1.724297] Serial: 8250/16550 driver, 4 ports, IRQ sharing disabled
[    1.727717] cacheinfo: Unable to detect cache hierarchy for CPU 0
[    1.731856] brd: module loaded
[    1.735186] loop: module loaded
[    1.735706] xilinx-sdfec a0080000.sd_fec: XSDFEC0 Probe Successful
[    1.736049] xilinx-sdfec a00c0000.sd_fec: XSDFEC1 Probe Successful
[    1.736689] ahci-ceva fd0c0000.ahci: couldn't get PHY in node ahci: -517
[    1.736848] mtdoops: mtd device (mtddev=name/number) must be supplied
[    1.737685] m25p80 spi0.0: found mt25ul02g, expected n25q512a
[    1.737924] m25p80 spi0.0: mt25ul02g (524288 Kbytes)
[    1.737947] 4 ofpart partitions found on MTD device spi0.0
[    1.737956] Creating 4 MTD partitions on "spi0.0":
[    1.737968] 0x000000000000-0x000001e00000 : "boot"
[    1.738384] 0x000001e00000-0x000001e40000 : "bootenv"
[    1.738766] 0x000001e40000-0x000004240000 : "kernel"
[    1.739141] 0x000004240000-0x000020000000 : "spare"
[    1.740402] libphy: Fixed MDIO Bus: probed
[    1.741464] tun: Universal TUN/TAP device driver, 1.6
[    1.741618] CAN device driver interface
[    1.743021] macb ff0e0000.ethernet: Not enabling partial store and forward
[    1.743456] libphy: MACB_mii_bus: probed
[    1.746527] macb ff0e0000.ethernet eth0: Cadence GEM rev 0x50070106 at 0xff0e0000 irq 30 (00:0a:35:00:22:01)
[    1.746545] TI DP83867 ff0e0000.ethernet-ffffffff:0c: attached PHY driver [TI DP83867] (mii_bus:phy_addr=ff0e0000.ethernet-ffffffff:0c, irq=POLL)
[    1.747257] usbcore: registered new interface driver asix
[    1.747308] usbcore: registered new interface driver ax88179_178a
[    1.747339] usbcore: registered new interface driver cdc_ether
[    1.747368] usbcore: registered new interface driver net1080
[    1.747400] usbcore: registered new interface driver cdc_subset
[    1.747431] usbcore: registered new interface driver zaurus
[    1.747470] usbcore: registered new interface driver cdc_ncm
[    1.747783] xilinx-axipmon ffa00000.perf-monitor: Probed Xilinx APM
[    1.748916] ehci_hcd: USB 2.0 'Enhanced' Host Controller (EHCI) Driver
[    1.748927] ehci-pci: EHCI PCI platform driver
[    1.749276] usbcore: registered new interface driver uas
[    1.749315] usbcore: registered new interface driver usb-storage
[    1.749825] rtc_zynqmp ffa60000.rtc: rtc core: registered ffa60000.rtc as rtc0
[    1.749886] i2c /dev entries driver
[    1.750905] IR NEC protocol handler initialized
[    1.750914] IR RC5(x/sz) protocol handler initialized
[    1.750921] IR RC6 protocol handler initialized
[    1.750928] IR JVC protocol handler initialized
[    1.750935] IR Sony protocol handler initialized
[    1.750942] IR SANYO protocol handler initialized
[    1.750950] IR Sharp protocol handler initialized
[    1.750958] IR MCE Keyboard/mouse protocol handler initialized
[    1.750965] IR XMP protocol handler initialized
[    1.751760] usbcore: registered new interface driver uvcvideo
[    1.751769] USB Video Class driver (1.1.1)
[    1.752260] cdns-wdt fd4d0000.watchdog: Xilinx Watchdog Timer at ffffff80090fd000 with timeout 10s
[    1.752459] Bluetooth: HCI UART driver ver 2.3
[    1.752470] Bluetooth: HCI UART protocol H4 registered
[    1.752478] Bluetooth: HCI UART protocol BCSP registered
[    1.752505] Bluetooth: HCI UART protocol LL registered
[    1.752514] Bluetooth: HCI UART protocol ATH3K registered
[    1.752522] Bluetooth: HCI UART protocol Three-wire (H5) registered
[    1.752566] Bluetooth: HCI UART protocol Intel registered
[    1.752574] Bluetooth: HCI UART protocol QCA registered
[    1.752612] usbcore: registered new interface driver bcm203x
[    1.752646] usbcore: registered new interface driver bpa10x
[    1.752679] usbcore: registered new interface driver bfusb
[    1.752712] usbcore: registered new interface driver btusb
[    1.752721] Bluetooth: Generic Bluetooth SDIO driver ver 0.1
[    1.752773] usbcore: registered new interface driver ath3k
[    1.752899] EDAC MC: ECC not enabled
[    1.753120] EDAC DEVICE0: Giving out device to module zynqmp-ocm-edac controller zynqmp_ocm: DEV ff960000.memory-controller (INTERRUPT)
[    1.753987] sdhci: Secure Digital Host Controller Interface driver
[    1.753996] sdhci: Copyright(c) Pierre Ossman
[    1.754003] sdhci-pltfm: SDHCI platform and OF driver helper
[    1.797074] mmc0: SDHCI controller on ff170000.sdhci [ff170000.sdhci] using ADMA 64-bit
[    1.797503] ledtrig-cpu: registered to indicate activity on CPUs
[    1.797643] usbcore: registered new interface driver usbhid
[    1.797652] usbhid: USB HID core driver
[    1.799509] fpga_manager fpga0: Xilinx ZynqMP FPGA Manager registered
[    1.801295] pktgen: Packet Generator for packet performance testing. Version: 2.75
[    1.803682] Netfilter messages via NETLINK v0.30.
[    1.803797] ip_tables: (C) 2000-2006 Netfilter Core Team
[    1.803926] Initializing XFRM netlink socket
[    1.803987] NET: Registered protocol family 10
[    1.804400] Segment Routing with IPv6
[    1.804444] ip6_tables: (C) 2000-2006 Netfilter Core Team
[    1.804619] sit: IPv6, IPv4 and MPLS over IPv4 tunneling driver
[    1.804925] NET: Registered protocol family 17
[    1.804946] NET: Registered protocol family 15
[    1.804965] bridge: filtering via arp/ip/ip6tables is no longer available by default. Update your scripts to load br_netfilter if you need this.
[    1.804978] Ebtables v2.0 registered
[    1.805094] can: controller area network core (rev 20170425 abi 9)
[    1.805129] NET: Registered protocol family 29
[    1.805138] can: raw protocol (rev 20170425)
[    1.805147] can: broadcast manager protocol (rev 20170425 t)
[    1.805157] can: netlink gateway (rev 20170425) max_hops=1
[    1.805363] Bluetooth: RFCOMM TTY layer initialized
[    1.805375] Bluetooth: RFCOMM socket layer initialized
[    1.805395] Bluetooth: RFCOMM ver 1.11
[    1.805405] Bluetooth: BNEP (Ethernet Emulation) ver 1.3
[    1.805413] Bluetooth: BNEP filters: protocol multicast
[    1.805423] Bluetooth: BNEP socket layer initialized
[    1.805431] Bluetooth: HIDP (Human Interface Emulation) ver 1.2
[    1.805441] Bluetooth: HIDP socket layer initialized
[    1.805558] 9pnet: Installing 9P2000 support
[    1.805577] Key type dns_resolver registered
[    1.805904] registered taskstats version 1
[    1.806221] Btrfs loaded, crc32c=crc32c-generic
[    1.812550] ff000000.serial: ttyPS0 at MMIO 0xff000000 (irq = 41, base_baud = 6249999) is a xuartps
[    1.962105] mmc0: new high speed SDHC card at address aaaa
[    1.969703] mmcblk0: mmc0:aaaa SS08G 7.40 GiB 
[    1.977230]  mmcblk0: p1
[    3.431583] console [ttyPS0] enabled
[    3.435570] ff010000.serial: ttyPS1 at MMIO 0xff010000 (irq = 42, base_baud = 6249999) is a xuartps
[    3.446224] xilinx-psgtr fd400000.zynqmp_phy: Lane:1 type:8 protocol:4 pll_locked:yes
[    3.454435] PLL: shutdown
[    3.457109] PLL: shutdown
[    3.460013] PLL: enable
[    3.462508] PLL: shutdown
[    3.465867] PLL: enable
[    3.468325] xilinx-dp-snd-codec fd4a0000.zynqmp-display:zynqmp_dp_snd_codec0: Xilinx DisplayPort Sound Codec probed
[    3.478916] xilinx-dp-snd-pcm fd4a0000.zynqmp-display:zynqmp_dp_snd_pcm0: Xilinx DisplayPort Sound PCM probed
[    3.488965] xilinx-dp-snd-pcm fd4a0000.zynqmp-display:zynqmp_dp_snd_pcm1: Xilinx DisplayPort Sound PCM probed
[    3.499091] xilinx-dp-snd-pcm fd4a0000.zynqmp-display:zynqmp_dp_snd_pcm1: ASoC: Failed to create component debugfs directory
[    3.510422] xilinx-dp-snd-card fd4a0000.zynqmp-display:zynqmp_dp_snd_card: xilinx-dp-snd-codec-dai <-> xilinx-dp-snd-codec-dai mapping ok
[    3.522778] xilinx-dp-snd-card fd4a0000.zynqmp-display:zynqmp_dp_snd_card: xilinx-dp-snd-codec-dai <-> xilinx-dp-snd-codec-dai mapping ok
[    3.535407] xilinx-dp-snd-card fd4a0000.zynqmp-display:zynqmp_dp_snd_card: Xilinx DisplayPort Sound Card probed
[    3.545510] OF: graph: no port node found in /amba/zynqmp-display@fd4a0000
[    3.552427] [drm] Supports vblank timestamp caching Rev 2 (21.10.2013).
[    3.558964] [drm] No driver support for vblank timestamp query.
[    3.564925] xlnx-drm xlnx-drm.0: bound fd4a0000.zynqmp-display (ops 0xffffff8008ae4868)
[    3.610434] PLL: enable
[    3.738472] Console: switching to colour frame buffer device 240x67
[    3.763844] zynqmp-display fd4a0000.zynqmp-display: fb0:  frame buffer device
[    3.771164] [drm] Initialized xlnx 1.0.0 20130509 for fd4a0000.zynqmp-display on minor 0
[    3.779271] zynqmp-display fd4a0000.zynqmp-display: ZynqMP DisplayPort Subsystem driver probed
[    3.788322] xilinx-psgtr fd400000.zynqmp_phy: Lane:3 type:3 protocol:2 pll_locked:yes
[    3.806255] ahci-ceva fd0c0000.ahci: AHCI 0001.0301 32 slots 2 ports 6 Gbps 0x3 impl platform mode
[    3.815220] ahci-ceva fd0c0000.ahci: flags: 64bit ncq sntf pm clo only pmp fbs pio slum part ccc sds apst 
[    3.825609] scsi host0: ahci-ceva
[    3.829057] scsi host1: ahci-ceva
[    3.832415] ata1: SATA max UDMA/133 mmio [mem 0xfd0c0000-0xfd0c1fff] port 0x100 irq 39
[    3.840326] ata2: SATA max UDMA/133 mmio [mem 0xfd0c0000-0xfd0c1fff] port 0x180 irq 39
[    3.850039] xilinx-psgtr fd400000.zynqmp_phy: Lane:2 type:0 protocol:3 pll_locked:yes
[    3.860118] xhci-hcd xhci-hcd.0.auto: xHCI Host Controller
[    3.865589] xhci-hcd xhci-hcd.0.auto: new USB bus registered, assigned bus number 1
[    3.873477] xhci-hcd xhci-hcd.0.auto: hcc params 0x0238f625 hci version 0x100 quirks 0x22010010
[    3.882204] xhci-hcd xhci-hcd.0.auto: irq 63, io mem 0xfe200000
[    3.888208] usb usb1: New USB device found, idVendor=1d6b, idProduct=0002
[    3.894982] usb usb1: New USB device strings: Mfr=3, Product=2, SerialNumber=1
[    3.902186] usb usb1: Product: xHCI Host Controller
[    3.907026] usb usb1: Manufacturer: Linux 4.14.0-xilinx-v2018.1 xhci-hcd
[    3.913726] usb usb1: SerialNumber: xhci-hcd.0.auto
[    3.918845] hub 1-0:1.0: USB hub found
[    3.922567] hub 1-0:1.0: 1 port detected
[    3.926633] xhci-hcd xhci-hcd.0.auto: xHCI Host Controller
[    3.932101] xhci-hcd xhci-hcd.0.auto: new USB bus registered, assigned bus number 2
[    3.939793] usb usb2: We don't know the algorithms for LPM for this host, disabling LPM.
[    3.947952] usb usb2: New USB device found, idVendor=1d6b, idProduct=0003
[    3.954725] usb usb2: New USB device strings: Mfr=3, Product=2, SerialNumber=1
[    3.961931] usb usb2: Product: xHCI Host Controller
[    3.966772] usb usb2: Manufacturer: Linux 4.14.0-xilinx-v2018.1 xhci-hcd
[    3.973471] usb usb2: SerialNumber: xhci-hcd.0.auto
[    3.978546] hub 2-0:1.0: USB hub found
[    3.982267] hub 2-0:1.0: 1 port detected
[    3.987243] pca953x 0-0020: 0-0020 supply vcc not found, using dummy regulator
[    3.997195] pca953x 0-0020: interrupt support not compiled in
[    4.003712] ina2xx 3-0040: power monitor ina226 (Rshunt = 2000 uOhm)
[    4.010467] ina2xx 3-0041: power monitor ina226 (Rshunt = 5000 uOhm)
[    4.017227] ina2xx 3-0042: power monitor ina226 (Rshunt = 5000 uOhm)
[    4.023988] ina2xx 3-0043: power monitor ina226 (Rshunt = 5000 uOhm)
[    4.030749] ina2xx 3-0045: power monitor ina226 (Rshunt = 5000 uOhm)
[    4.037499] ina2xx 3-0046: power monitor ina226 (Rshunt = 2000 uOhm)
[    4.044257] ina2xx 3-0047: power monitor ina226 (Rshunt = 5000 uOhm)
[    4.054071] ina2xx 3-0048: power monitor ina226 (Rshunt = 5000 uOhm)
[    4.063873] ina2xx 3-0049: power monitor ina226 (Rshunt = 5000 uOhm)
[    4.073654] ina2xx 3-004a: power monitor ina226 (Rshunt = 5000 uOhm)
[    4.083439] ina2xx 3-004b: power monitor ina226 (Rshunt = 5000 uOhm)
[    4.093224] ina2xx 3-004c: power monitor ina226 (Rshunt = 5000 uOhm)
[    4.102959] ina2xx 3-004d: power monitor ina226 (Rshunt = 5000 uOhm)
[    4.112643] ina2xx 3-004e: power monitor ina226 (Rshunt = 5000 uOhm)
[    4.121914] i2c i2c-0: Added multiplexed i2c bus 3
[    4.129694] i2c i2c-0: Added multiplexed i2c bus 4
[    4.137608] i2c i2c-0: Added multiplexed i2c bus 5
[    4.145239] i2c i2c-0: Added multiplexed i2c bus 6
[    4.152694] pca954x 0-0075: registered 4 multiplexed busses for I2C mux pca9544
[    4.162705] cdns-i2c ff020000.i2c: 400 kHz mmio ff020000 irq 32
[    4.163223] ata1: SATA link down (SStatus 0 SControl 330)
[    4.163259] ata2: SATA link down (SStatus 0 SControl 330)
[    4.188996] at24 7-0054: 1024 byte 24c08 EEPROM, writable, 1 bytes/write
[    4.198319] i2c i2c-1: Added multiplexed i2c bus 7
[    4.205881] i2c i2c-1: Added multiplexed i2c bus 8
[    4.215243] si570 9-005d: registered, current frequency 300000000 Hz
[    4.224138] i2c i2c-1: Added multiplexed i2c bus 9
[    4.245353] si570 10-005d: registered, current frequency 148500000 Hz
[    4.254332] i2c i2c-1: Added multiplexed i2c bus 10
[    4.261893] i2c i2c-1: Added multiplexed i2c bus 11
[    4.269398] i2c i2c-1: Added multiplexed i2c bus 12
[    4.276828] i2c i2c-1: Added multiplexed i2c bus 13
[    4.284213] i2c i2c-1: Added multiplexed i2c bus 14
[    4.291429] pca954x 1-0074: registered 8 multiplexed busses for I2C switch pca9548
[    4.301663] i2c i2c-1: Added multiplexed i2c bus 15
[    4.308983] i2c i2c-1: Added multiplexed i2c bus 16
[    4.316261] i2c i2c-1: Added multiplexed i2c bus 17
[    4.323779] i2c i2c-1: Added multiplexed i2c bus 18
[    4.330940] i2c i2c-1: Added multiplexed i2c bus 19
[    4.338032] i2c i2c-1: Added multiplexed i2c bus 20
[    4.345144] i2c i2c-1: Added multiplexed i2c bus 21
[    4.352192] i2c i2c-1: Added multiplexed i2c bus 22
[    4.359108] pca954x 1-0075: registered 8 multiplexed busses for I2C switch pca9548
[    4.368761] cdns-i2c ff030000.i2c: 400 kHz mmio ff030000 irq 33
[    4.377936] input: gpio-keys as /devices/platform/gpio-keys/input/input0
[    4.386951] rtc_zynqmp ffa60000.rtc: setting system clock to 2018-04-12 14:56:04 UTC (1523544964)
[    4.398050] clk: Not disabling unused clocks
[    4.404442] ALSA device list:
[    4.409463]   #0: DisplayPort monitor
[    4.415600] Freeing unused kernel memory: 512K
INIT: version 2.88 booting
Starting udev
[    4.524168] udevd[1868]: starting version 3.2.2
[    4.535396] udevd[1869]: starting eudev-3.2.2
[    4.897154] usb 2-1: new SuperSpeed USB device number 2 using xhci-hcd
[    4.920499] FAT-fs (mmcblk0p1): Volume was not properly unmounted. Some data may be corrupt. Please run fsck.
[    4.925792] usb 2-1: New USB device found, idVendor=0781, idProduct=5583
[    4.925797] usb 2-1: New USB device strings: Mfr=1, Product=2, SerialNumber=3
[    4.925800] usb 2-1: Product: Ultra Fit
[    4.925803] usb 2-1: Manufacturer: SanDisk
[    4.925807] usb 2-1: SerialNumber: 4C530001170901113080
[    4.970628] usb-storage 2-1:1.0: USB Mass Storage device detected
[    4.979755] scsi host2: usb-storage 2-1:1.0
Starting internet superserver: inetd.
Configuring packages on first boot....
 (This may take several minutes. Please do not power off the machine.)
Running postinst /etc/rpm-postinsts/100-sysvinit-inittab...
update-rc.d: /etc/init.d/run-postinsts exists during rc.d purge (continuing)
 Removing any sINIT: Entering runlevel: 5
Configuring network interfaces... [    5.356241] pps pps0: new PPS source ptp0
[    5.362359] macb ff0e0000.ethernet: gem-ptp-timer ptp clock registered.
[    5.371104] IPv6: ADDRCONF(NETDEV_UP): eth0: link is not ready
udhcpc (v1.24.1) started
Sending discover...
[    5.990023] scsi 2:0:0:0: Direct-Access     SanDisk  Ultra Fit        1.00 PQ: 0 ANSI: 6
[    6.001299] sd 2:0:0:0: [sda] 60062500 512-byte logical blocks: (30.8 GB/28.6 GiB)
[    6.012350] sd 2:0:0:0: [sda] Write Protect is off
[    6.019569] sd 2:0:0:0: [sda] Write cache: disabled, read cache: enabled, doesn't support DPO or FUA
[    6.037223]  sda: sda1
[    6.043896] sd 2:0:0:0: [sda] Attached SCSI removable disk
[    6.178174] FAT-fs (sda1): Volume was not properly unmounted. Some data may be corrupt. Please run fsck.
[    6.373331] macb ff0e0000.ethernet eth0: link up (1000/Full)
[    6.381441] IPv6: ADDRCONF(NETDEV_CHANGE): eth0: link becomes ready
Sending discover...
Sending discover...
No lease, forking to background
done.
Starting Dropbear SSH server: Generating key, this may take a while...
Public key portion is:
ssh-rsa AAAAB3NzaC1yc2EAAAADAQABAAABAQCw9dva8IiF7L5Kpdx6vPptpL2mlivBiz0BlCeadwsKzRu10NHhP2T33Qlb9j/zUD8Fq/4Hqo5nt1eDqeH33fA+UsynDVHBf3la7dRIO2yaN5sqdtJVBFvWiVsPg4A1s6WLa19Cwih8oVdHmuEpsGy/kLutnxzS0C2AxzIZV+SfHTMDHrWJgcPPGKijRtzB8D1WeQbb6vnaeh/c0FAStuZ3QdP9tXMSzr4a8rt/7kHnmAHPKSVXB6TibeWT9UgpP9eT8mSOsFivrm5YdfM5rChkNTiGaUNrX4Ry6Ht2mWP0l6AHCivQVqrJgPAPJFNJAWSJYGGaPTXelbXyGiVG3XVV root@xilinx-zcu111-2018_1
Fingerprint: md5 a3:b9:d7:f7:90:48:cd:09:3b:79:00:d0:74:93:34:a5
dropbear.
Starting syslogd/klogd: done
Starting tcf-agent: OK

PetaLinux 2018.1 xilinx-zcu111-2018_1 /dev/ttyPS0

xilinx-zcu111-2018_1 login: 
Entering step: 7


Info: This step started at: 2018-06-13 20:02:28
Writing: 'root\n'
root
Password: 
Entering step: 8


Info: This step started at: 2018-06-13 20:02:30
Writing: 'root\n'

7[r[999;999H[6n
Entering step: 9


Info: This step started at: 2018-06-13 20:02:32
Writing: '\n'
8root@xilinx-zcu111-2018_1:~# 
Entering step: 10


Info: This step started at: 2018-06-13 20:02:37
[   93.444224] random: crng init done

User has responded "Yes": "Do you see the Console displaying on the DP Monitor? 
The test passed if you see the pattern on the output monitor."

step finished 

Entering step: 11


Info: This step started at: 2018-06-13 20:06:55
Writing: 'ifconfig eth0 192.168.1.10\n'
ifconfig eth0 192.168.1.10
root@xilinx-zcu111-2018_1:~# 
Entering step: 12


Info: This step started at: 2018-06-13 20:07:00
Writing: '\n'

root@xilinx-zcu111-2018_1:~# 
Entering step: 13


Info: This step started at: 2018-06-13 20:07:05
Writing: 'df\n'
df
Filesystem           1K-blocks      Used Available Use% Mounted on
devtmpfs               1888488         4   1888484   0% /dev
tmpfs                  2023688       124   2023564   0% /run
tmpfs                  2023688        92   2023596   0% /var/volatile
/dev/mmcblk0p1         7753728    165344   7588384   2% /run/media/mmcblk0p1
/dev/sda1             30016560   1796464  28220096   6% /run/media/sda1
root@xilinx-zcu111-2018_1:~# 
Entering step: 14


Info: This step started at: 2018-06-13 20:07:15
Writing: 'dmesg | grep -i SuperSpeed\n'
dmesg | grep -i SuperSpeed
[    4.897154] usb 2-1: new SuperSpeed USB device number 2 using xhci-hcd
root@xilinx-zcu111-2018_1:~# 
Entering step: 15


Info: This step started at: 2018-06-13 20:07:17
Writing: 'dmesg | grep -i SATA\n'
dmesg | grep -i SATA
[    3.832415] ata1: SATA max UDMA/133 mmio [mem 0xfd0c0000-0xfd0c1fff] port 0x100 irq 39
[    3.840326] ata2: SATA max UDMA/133 mmio [mem 0xfd0c0000-0xfd0c1fff] port 0x180 irq 39
[    4.163223] ata1: SATA link down (SStatus 0 SControl 330)
[    4.163259] ata2: SATA link down (SStatus 0 SControl 330)
root@xilinx-zcu111-2018_1:~# 
Entering step: 16


Info: This step started at: 2018-06-13 20:07:19
Writing: 'cd /run/media/mmcblk0p1\n'

Entering step: 17


Info: This step started at: 2018-06-13 20:07:21
cd /run/media/mmcblk0p1
root@xilinx-zcu111-2018_1:/run/media/mmcblk0p1# Writing: './disktest2.sh\n'
./disktest2.sh
SATA Disk Read/Write Test Start
rm: can't remove '/mnt/smartctl': No such file or directory
Disk: Iteration 1
Disk: Iteration 2
Disk: Iteration 3
Disk: Iteration 4
Disk: Iteration 5
Disk: Iteration 6
Disk: Iteration 7
Disk: Iteration 8
Disk: Iteration 9
Disk: Iteration 10
Disk: Iteration 11
Disk: Iteration 12
Disk: Iteration 13
Disk: Iteration 14
Disk: Iteration 15
Disk: Iteration 16
Disk: Iteration 17
Disk: Iteration 18
Disk: Iteration 19
Disk: Iteration 20
Disk: Iteration 21
Disk: Iteration 22
Disk: Iteration 23
Disk: Iteration 24
Disk: Iteration 25
Disk: Iteration 26
Disk: Iteration 27
Disk: Iteration 28
Disk: Iteration 29
Disk: Iteration 30
Disk: Iteration 31
Disk: Iteration 32
Disk: Iteration 33
Disk: Iteration 34
Disk: Iteration 35
Disk: Iteration 36
Disk: Iteration 37
Disk: Iteration 38
Disk: Iteration 39
Disk: Iteration 40
Disk: Iteration 41
Disk: Iteration 42
Disk: Iteration 43
Disk: Iteration 44
Disk: Iteration 45
Disk: Iteration 46
Disk: Iteration 47
Disk: Iteration 48
Disk: Iteration 49
Disk: Iteration 50
Disk: Iteration 51
Disk: Iteration 52
Disk: Iteration 53
Disk: Iteration 54
Disk: Iteration 55
Disk: Iteration 56
Disk: Iteration 57
Disk: Iteration 58
Disk: Iteration 59
Disk: Iteration 60
Disk: Iteration 61
Disk: Iteration 62
Disk: Iteration 63
Disk: Iteration 64
Disk: Iteration 65
Disk: Iteration 66
Disk: Iteration 67
Disk: Iteration 68
Disk: Iteration 69
Disk: Iteration 70
Disk: Iteration 71
Disk: Iteration 72
Disk: Iteration 73
Disk: Iteration 74
Disk: Iteration 75
Disk: Iteration 76
Disk: Iteration 77
Disk: Iteration 78
Disk: Iteration 79
Disk: Iteration 80
Disk: Iteration 81
Disk: Iteration 82
Disk: Iteration 83
Disk: Iteration 84
Disk: Iteration 85
Disk: Iteration 86
Disk: Iteration 87
Disk: Iteration 88
Disk: Iteration 89
Disk: Iteration 90
Disk: Iteration 91
Disk: Iteration 92
Disk: Iteration 93
Disk: Iteration 94
Disk: Iteration 95
Disk: Iteration 96
Disk: Iteration 97
Disk: Iteration 98
Disk: Iteration 99
Disk: Iteration 100
SATA Disk Read/Write Test - PASSED
root@xilinx-zcu111-2018_1:/run/media/mmcblk0p1# 
Entering step: 18


Info: This step started at: 2018-06-13 20:07:31
Writing: './usbtest2.sh\n'
./usbtest2.sh
USB Disk Read/Write Test Start
cp: can't stat '/run/media/sdb1/smartctl': No such file or directory
diff: can't stat '/run/media/sdb1/smartctl': No such file or directory
File Mismatch Error
rm: can't remove '/mnt/smartctl': No such file or directory
cp: can't stat '/run/media/sdb1/smartctl': No such file or directory
diff: can't stat '/run/media/sdb1/smartctl': No such file or directory
File Mismatch Error
rm: can't remove '/mnt/smartctl': No such file or directory
cp: can't stat '/run/media/sdb1/smartctl': No such file or directory
diff: can't stat '/run/media/sdb1/smartctl': No such file or directory
File Mismatch Error
rm: can't remove '/mnt/smartctl': No such file or directory
cp: can't stat '/run/media/sdb1/smartctl': No such file or directory
diff: can't stat '/run/media/sdb1/smartctl': No such file or directory
File Mismatch Error
rm: can't remove '/mnt/smartctl': No such file or directory
cp: can't stat '/run/media/sdb1/smartctl': No such file or directory
diff: can't stat '/run/media/sdb1/smartctl': No such file or directory
File Mismatch Error
rm: can't remove '/mnt/smartctl': No such file or directory
cp: can't stat '/run/media/sdb1/smartctl': No such file or directory
diff: can't stat '/run/media/sdb1/smartctl': No such file or directory
File Mismatch Error
rm: can't remove '/mnt/smartctl': No such file or directory
cp: can't stat '/run/media/sdb1/smartctl': No such file or directory
diff: can't stat '/run/media/sdb1/smartctl': No such file or directory
File Mismatch Error
rm: can't remove '/mnt/smartctl': No such file or directory
cp: can't stat '/run/media/sdb1/smartctl': No such file or directory
diff: can't stat '/run/media/sdb1/smartctl': No such file or directory
File Mismatch Error
rm: can't remove '/mnt/smartctl': No such file or directory
cp: can't stat '/run/media/sdb1/smartctl': No such file or directory
diff: can't stat '/run/media/sdb1/smartctl': No such file or directory
File Mismatch Error
rm: can't remove '/mnt/smartctl': No such file or directory
cp: can't stat '/run/media/sdb1/smartctl': No such file or directory
diff: can't stat '/run/media/sdb1/smartctl': No such file or directory
File Mismatch Error
rm: can't remove '/mnt/smartctl': No such file or directory
cp: can't stat '/run/media/sdb1/smartctl': No such file or directory
diff: can't stat '/run/media/sdb1/smartctl': No such file or directory
File Mismatch Error
rm: can't remove '/mnt/smartctl': No such file or directory
cp: can't stat '/run/media/sdb1/smartctl': No such file or directory
diff: can't stat '/run/media/sdb1/smartctl': No such file or directory
File Mismatch Error
rm: can't remove '/mnt/smartctl': No such file or directory
cp: can't stat '/run/media/sdb1/smartctl': No such file or directory
diff: can't stat '/run/media/sdb1/smartctl': No such file or directory
File Mismatch Error
rm: can't remove '/mnt/smartctl': No such file or directory
cp: can't stat '/run/media/sdb1/smartctl': No such file or directory
diff: can't stat '/run/media/sdb1/smartctl': No such file or directory
File Mismatch Error
rm: can't remove '/mnt/smartctl': No such file or directory
cp: can't stat '/run/media/sdb1/smartctl': No such file or directory
diff: can't stat '/run/media/sdb1/smartctl': No such file or directory
File Mismatch Error
rm: can't remove '/mnt/smartctl': No such file or directory
cp: can't stat '/run/media/sdb1/smartctl': No such file or directory
diff: can't stat '/run/media/sdb1/smartctl': No such file or directory
File Mismatch Error
rm: can't remove '/mnt/smartctl': No such file or directory
cp: can't stat '/run/media/sdb1/smartctl': No such file or directory
diff: can't stat '/run/media/sdb1/smartctl': No such file or directory
File Mismatch Error
rm: can't remove '/mnt/smartctl': No such file or directory
cp: can't stat '/run/media/sdb1/smartctl': No such file or directory
diff: can't stat '/run/media/sdb1/smartctl': No such file or directory
File Mismatch Error
rm: can't remove '/mnt/smartctl': No such file or directory
cp: can't stat '/run/media/sdb1/smartctl': No such file or directory
diff: can't stat '/run/media/sdb1/smartctl': No such file or directory
File Mismatch Error
rm: can't remove '/mnt/smartctl': No such file or directory
cp: can't stat '/run/media/sdb1/smartctl': No such file or directory
diff: can't stat '/run/media/sdb1/smartctl': No such file or directory
File Mismatch Error
rm: can't remove '/mnt/smartctl': No such file or directory
cp: can't stat '/run/media/sdb1/smartctl': No such file or directory
diff: can't stat '/run/media/sdb1/smartctl': No such file or directory
File Mismatch Error
rm: can't remove '/mnt/smartctl': No such file or directory
cp: can't stat '/run/media/sdb1/smartctl': No such file or directory
diff: can't stat '/run/media/sdb1/smartctl': No such file or directory
File Mismatch Error
rm: can't remove '/mnt/smartctl': No such file or directory
cp: can't stat '/run/media/sdb1/smartctl': No such file or directory
diff: can't stat '/run/media/sdb1/smartctl': No such file or directory
File Mismatch Error
rm: can't remove '/mnt/smartctl': No such file or directory
cp: can't stat '/run/media/sdb1/smartctl': No such file or directory
diff: can't stat '/run/media/sdb1/smartctl': No such file or directory
File Mismatch Error
rm: can't remove '/mnt/smartctl': No such file or directory
cp: can't stat '/run/media/sdb1/smartctl': No such file or directory
diff: can't stat '/run/media/sdb1/smartctl': No such file or directory
File Mismatch Error
rm: can't remove '/mnt/smartctl': No such file or directory
cp: can't stat '/run/media/sdb1/smartctl': No such file or directory
diff: can't stat '/run/media/sdb1/smartctl': No such file or directory
File Mismatch Error
rm: can't remove '/mnt/smartctl': No such file or directory
cp: can't stat '/run/media/sdb1/smartctl': No such file or directory
diff: can't stat '/run/media/sdb1/smartctl': No such file or directory
File Mismatch Error
rm: can't remove '/mnt/smartctl': No such file or directory
cp: can't stat '/run/media/sdb1/smartctl': No such file or directory
diff: can't stat '/run/media/sdb1/smartctl': No such file or directory
File Mismatch Error
rm: can't remove '/mnt/smartctl': No such file or directory
cp: can't stat '/run/media/sdb1/smartctl': No such file or directory
diff: can't stat '/run/media/sdb1/smartctl': No such file or directory
File Mismatch Error
rm: can't remove '/mnt/smartctl': No such file or directory
cp: can't stat '/run/media/sdb1/smartctl': No such file or directory
diff: can't stat '/run/media/sdb1/smartctl': No such file or directory
File Mismatch Error
rm: can't remove '/mnt/smartctl': No such file or directory
cp: can't stat '/run/media/sdb1/smartctl': No such file or directory
diff: can't stat '/run/media/sdb1/smartctl': No such file or directory
File Mismatch Error
rm: can't remove '/mnt/smartctl': No such file or directory
cp: can't stat '/run/media/sdb1/smartctl': No such file or directory
diff: can't stat '/run/media/sdb1/smartctl': No such file or directory
File Mismatch Error
rm: can't remove '/mnt/smartctl': No such file or directory
cp: can't stat '/run/media/sdb1/smartctl': No such file or directory
diff: can't stat '/run/media/sdb1/smartctl': No such file or directory
File Mismatch Error
rm: can't remove '/mnt/smartctl': No such file or directory
cp: can't stat '/run/media/sdb1/smartctl': No such file or directory
diff: can't stat '/run/media/sdb1/smartctl': No such file or directory
File Mismatch Error
rm: can't remove '/mnt/smartctl': No such file or directory
cp: can't stat '/run/media/sdb1/smartctl': No such file or directory
diff: can't stat '/run/media/sdb1/smartctl': No such file or directory
File Mismatch Error
rm: can't remove '/mnt/smartctl': No such file or directory
cp: can't stat '/run/media/sdb1/smartctl': No such file or directory
diff: can't stat '/run/media/sdb1/smartctl': No such file or directory
File Mismatch Error
rm: can't remove '/mnt/smartctl': No such file or directory
cp: can't stat '/run/media/sdb1/smartctl': No such file or directory
diff: can't stat '/run/media/sdb1/smartctl': No such file or directory
File Mismatch Error
rm: can't remove '/mnt/smartctl': No such file or directory
cp: can't stat '/run/media/sdb1/smartctl': No such file or directory
diff: can't stat '/run/media/sdb1/smartctl': No such file or directory
File Mismatch Error
rm: can't remove '/mnt/smartctl': No such file or directory
cp: can't stat '/run/media/sdb1/smartctl': No such file or directory
diff: can't stat '/run/media/sdb1/smartctl': No such file or directory
File Mismatch Error
rm: can't remove '/mnt/smartctl': No such file or directory
cp: can't stat '/run/media/sdb1/smartctl': No such file or directory
diff: can't stat '/run/media/sdb1/smartctl': No such file or directory
File Mismatch Error
rm: can't remove '/mnt/smartctl': No such file or directory
cp: can't stat '/run/media/sdb1/smartctl': No such file or directory
diff: can't stat '/run/media/sdb1/smartctl': No such file or directory
File Mismatch Error
rm: can't remove '/mnt/smartctl': No such file or directory
cp: can't stat '/run/media/sdb1/smartctl': No such file or directory
diff: can't stat '/run/media/sdb1/smartctl': No such file or directory
File Mismatch Error
rm: can't remove '/mnt/smartctl': No such file or directory
cp: can't stat '/run/media/sdb1/smartctl': No such file or directory
diff: can't stat '/run/media/sdb1/smartctl': No such file or directory
File Mismatch Error
rm: can't remove '/mnt/smartctl': No such file or directory
cp: can't stat '/run/media/sdb1/smartctl': No such file or directory
diff: can't stat '/run/media/sdb1/smartctl': No such file or directory
File Mismatch Error
rm: can't remove '/mnt/smartctl': No such file or directory
cp: can't stat '/run/media/sdb1/smartctl': No such file or directory
diff: can't stat '/run/med
Error: Found regular expression in step 0 of test 17 - "(.*)File\s+Mismatch\s+Error"

step finished 
the expression:(.*)File\s+Mismatch\s+Error

Error: Could not find regular expression in step 0 of test 17 - "(.*)SATA\s+link\s+up\s+6.0\s+Gbps"

Error: Could not find regular expression in step 0 of test 17 - "(.*)USB\s+Read/Write Test\s+\-\s+PASSED"

Error: Could not find regular expression in step 0 of test 17 - "(.*)reboot:\s+Power\s+down"

Entering step: 19


Info: This step started at: 2018-06-13 20:07:41

Error: Stopped because step 0 failed in test 17

Info: Result for step 0: Fail
Info: Result for step 1: Pass
Info: Result for step 2: Pass
Info: Result for step 3: Pass
Info: Result for step 4: Fail
Info: Result for step 5: Fail
Info: Result for step 6: Fail
Info: Result for step 7: Fail
Info: Result for step 8: Fail
Info: Result for step 9: Fail
Info: Result for step 10: Pass
Info: Result for step 11: Fail
Info: Result for step 12: Fail
Info: Result for step 13: Fail
Info: Result for step 14: Fail
Info: Result for step 15: Fail
Info: Result for step 16: Fail
Info: Result for step 17: Fail
Info: Result for step 18: Fail
Info: The test took 0 hours, 02 minutes, and 01 seconds. 0:02:01

Info: Run All button pressed, running through all of the checked tests 1 time.

Info: The runall will take 0 hours, 43 minutes, and 41 seconds. 0:43:41

Info: XM107 CARD TEST test started...

Info: The test will take 0 hours, 00 minutes, and 40 seconds. 0:00:40

Entering step: 0


Info: This step started at: 2018-06-13 20:22:09

Entering step: 1


Info: This step started at: 2018-06-13 20:22:09

C:\zcu111_bit\tests\ZCU111>cd bat\ 

C:\zcu111_bit\tests\ZCU111\bat>ezoutlet.exe reset 192.168.0.12 
 step finished 

Entering step: 2


Info: This step started at: 2018-06-13 20:22:13

!! Press ESC to enter System Controller mode.

****** Vivado v2018.1 (64-bit)
  **** SW Build 2188600 on Wed Apr  4 18:40:38 MDT 2018
  **** IP Build 2185939 on Wed Apr  4 20:55:05 MDT 2018
    ** Copyright 1986-2018 Xilinx, Inc. All Rights Reserved.

source {tcl\five_second_delay.tcl}
# after 5000
INFO: [Common 17-206] Exiting Vivado at Wed Jun 13 20:22:31 2018...
step finished 

Entering step: 3


Info: This step started at: 2018-06-13 20:22:31
Writing: '\x1b'
:RWriting: '\x08'
[('<setmux:1:75:01>', '', '', ''), ('<readeeprom:1:50:00:40>', '', '', ''), ('<wait:0.3>', '', '', ''), ('<interpeeprom>', '', '', ''), ('<setmux:1:74:00>', '', '', '')]Writing: '\t'
:RWriting: 'IW1\r75\r01\r\t'
IW17501:PWriting: 'IW1\r50\r00\r\tIR1\r50\r40\r\t'
IW15000:PIR15040:P01000001000A00F401090040EC87C653616D746563CD464D432B204C6F6F706261636BC0CE504342412D3139343139352D3031DA323031362D31312D30392031Writing: 'IW1\r74\r00\r\t'
IW17400:Pu'\x00\r\n!! Press ESC to enter System Controller mode.\r\n:R\r\x08:R\rIW1\r75\r01\r:P\rIW1\r50\r00\r:P\rIR1\r50\r40\r:P\r01000001000A00F401090040EC87C653616D746563CD464D432B204C6F6F706261636BC0CE504342412D3139343139352D3031DA323031362D31312D30392031\rINTERP[\x01\x00\x00\x01\x00\n\x00\x01\t\x00@SamtecFMC+ LoopbackPCBA-194195-012016-11-09 1]IW1\r74\r00\r:P\r'
step finished 

Info: Result for step 0: Pass
Info: Result for step 1: Pass
Info: Result for step 2: Pass
Info: Result for step 3: Pass

Info: The test took 0 hours, 00 minutes, and 39 seconds. 0:00:39

Info: ZCU111 EFUSE test started...

Info: The test will take 0 hours, 01 minutes, and 12 seconds. 0:01:12

Entering step: 0


Info: This step started at: 2018-06-13 20:22:48

****** Vivado v2018.1 (64-bit)
  **** SW Build 2188600 on Wed Apr  4 18:40:38 MDT 2018
  **** IP Build 2185939 on Wed Apr  4 20:55:05 MDT 2018
    ** Copyright 1986-2018 Xilinx, Inc. All Rights Reserved.

source {tcl\five_second_delay.tcl}
# after 5000
INFO: [Common 17-206] Exiting Vivado at Wed Jun 13 20:23:07 2018...
step finished 

Entering step: 1


Info: This step started at: 2018-06-13 20:23:07

****** Vivado v2018.1 (64-bit)
  **** SW Build 2188600 on Wed Apr  4 18:40:38 MDT 2018
  **** IP Build 2185939 on Wed Apr  4 20:55:05 MDT 2018
    ** Copyright 1986-2018 Xilinx, Inc. All Rights Reserved.

source {tcl\vivado_read_fpga_efuse_status.tcl}
# open_hw
# connect_hw_server -url localhost:3121
INFO: [Labtools 27-2285] Connecting to hw_server url TCP:localhost:3121
INFO: [Labtools 27-2222] Launching hw_server...
INFO: [Labtools 27-2221] Launch Output:

****** Xilinx hw_server v2018.1
  **** Build date : Apr  4 2018-19:32:53
    ** Copyright 1986-2018 Xilinx, Inc. All Rights Reserved.


connect_hw_server: Time (s): cpu = 00:00:00 ; elapsed = 00:00:14 . Memory (MB): peak = 324.359 ; gain = 2.453
# current_hw_target [get_hw_targets */xilinx_tcf/*/*]
# set_property PARAM.FREQUENCY 15000000 [get_hw_targets */xilinx_tcf/*/*]
# open_hw_target
INFO: [Labtoolstcl 44-466] Opening hw_target localhost:3121/xilinx_tcf/Xilinx/1280976b088A
# current_hw_device [lindex [get_hw_devices] 0]
# refresh_hw_device -update_hw_probes false [lindex [get_hw_devices] 0]
INFO: [Labtools 27-1434] Device xczu28dr (JTAG device index = 0) is programmed with a design that has no supported debug core(s) in it.
WARNING: [Labtools 27-3361] The debug hub core was not detected.
Resolution: 
1. Make sure the clock connected to the debug hub (dbg_hub) core is a free running clock and is active.
2. Make sure the BSCAN_SWITCH_USER_MASK device property in Vivado Hardware Manager reflects the user scan chain setting in the design and refresh the device.  To determine the user scan chain setting in the design, open the implemented design and use 'get_property C_USER_SCAN_CHAIN [get_debug_cores dbg_hub]'.
For more details on setting the scan chain property, consult the Vivado Debug and Programming User Guide (UG908).
# refresh_hw_device -update_hw_probes false [lindex [get_hw_devices] 0]
INFO: [Labtools 27-1434] Device xczu28dr (JTAG device index = 0) is programmed with a design that has no supported debug core(s) in it.
WARNING: [Labtools 27-3361] The debug hub core was not detected.
Resolution: 
1. Make sure the clock connected to the debug hub (dbg_hub) core is a free running clock and is active.
2. Make sure the BSCAN_SWITCH_USER_MASK device property in Vivado Hardware Manager reflects the user scan chain setting in the design and refresh the device.  To determine the user scan chain setting in the design, open the implemented design and use 'get_property C_USER_SCAN_CHAIN [get_debug_cores dbg_hub]'.
For more details on setting the scan chain property, consult the Vivado Debug and Programming User Guide (UG908).
# report_property [lindex [get_hw_device] 0] REGISTER.EFUSE.FUSE_DNA
Property                 Type    Read-only  Value
REGISTER.EFUSE.FUSE_DNA  string  true       400000000123022834C040C5
# report_property [lindex [get_hw_device] 1] REGISTER.EFUSE.FUSE_DNA
INFO: [Common 17-206] Exiting Vivado at Wed Jun 13 20:23:41 2018...

Info: Result for step 0: Pass
Info: Result for step 1: Pass

Info: The test took 0 hours, 01 minutes, and 12 seconds. 0:01:12

Info: ZCU111 RTC test started...

Info: The test will take 0 hours, 01 minutes, and 29 seconds. 0:01:29

Entering step: 0


Info: This step started at: 2018-06-13 20:24:01

Entering step: 1


Info: This step started at: 2018-06-13 20:24:01

C:\zcu111_bit\tests\ZCU111>cd bat\ 

C:\zcu111_bit\tests\ZCU111\bat>ezoutlet.exe reset 192.168.0.12 
step finished 

Entering step: 2


Info: This step started at: 2018-06-13 20:24:05
Xilinx Zynq MP First Stage Boot Loader 
Release 2018.1   Apr 12 2018  -  08:36:28
NOTICE:  ATF running on XCZU28DR/silicon v4/RTL5.1 at 0xfffea000
NOTICE:  BL31: Secure code at 0x0
NOTICE:  BL31: Non secure code at 0x8000000
NOTICE:  BL31: v1.4(release):xilinx-v2017.4-1351-gdf4a7e97
NOTICE:  BL31: Built : 14:29:32, Apr 12 2018
PMUFW:	v1.0


U-Boot 2018.01 (Apr 12 2018 - 08:34:07 -0600) Xilinx ZynqMP ZCU111

I2C:   ready
DRAM:  4 GiB
EL Level:	EL2
Chip ID:	zu28dr
MMC:   sdhci@ff170000: 0 (SD)
SF: Detected mt25qu02g with page size 512 Bytes, erase size 128 KiB, total 512 MiB
*** Warning - bad CRC, using default environment

In:    serial@ff000000
Out:   serial@ff000000
Err:   serial@ff000000
Model: ZynqMP ZCU111 RevA
Board: Xilinx ZynqMP
Bootmode: LVL_SHFT_SD_MODE1
Net:   ZYNQ GEM: ff0e0000, phyaddr c, interface rgmii-id
eth0: ethernet@ff0e0000
U-BOOT for xilinx-zcu111-2018_1

ethernet@ff0e0000 Waiting for PHY auto negotiation to complete....... done
BOOTP broadcast 1
BOOTP broadcast 2
BOOTP broadcast 3
BOOTP broadcast 4
BOOTP broadcast 5

****** Vivado v2018.1 (64-bit)
  **** SW Build 2188600 on Wed Apr  4 18:40:38 MDT 2018
  **** IP Build 2185939 on Wed Apr  4 20:55:05 MDT 2018
    ** Copyright 1986-2018 Xilinx, Inc. All Rights Reserved.

source {tcl\five_second_delay.tcl}
# after 5000
BOOTP broadcast 6
BOOTP broadcast 7
BOOTP broadcast 8
INFO: [Common 17-206] Exiting Vivado at Wed Jun 13 20:24:23 2018...
step finished 

Entering step: 3


Info: This step started at: 2018-06-13 20:24:24
BOOTP broadcast 9

catch { disconnect }
1
BOOTP broadcast 10

connect -url tcp:127.0.0.1:3121
BOOTP broadcast 11
attempting to launch hw_server

****** Xilinx hw_server v2018.1
  **** Build date : Apr  4 2018-19:32:53
    ** Copyright 1986-2018 Xilinx, Inc. All Rights Reserved.

INFO: hw_server application started
INFO: Use Ctrl-C to exit hw_server application



****** Xilinx hw_server v2018.1

  **** Build date : Apr  4 2018-19:32:53

    ** Copyright 1986-2018 Xilinx, Inc. All Rights Reserved.



INFO: hw_server application started

INFO: Use Ctrl-C to exit hw_server application




INFO: To connect to this hw_server instance use url: TCP:127.0.0.1:3121



tcfchan#0
targets -set -filter {name =~"*APU*"}
BOOTP broadcast 12
BOOTP broadcast 13

rst -srst

fpga -state
FPGA is not configured
after 2000

fpga -no-revision-check -file {C:/zcu111_bit/tests/ZCU111/../bitstream/zcu111_ipi.bit}
initializing  0%    0MB   0.0MB/s  ??:?? ETA  2%    0MB   0.5MB/s  ??:?? ETA  5%    1MB   0.8MB/s  ??:?? ETA  7%    2MB   1.0MB/s  ??:?? ETA 10%    3MB   1.1MB/s  00:27 ETA 12%    4MB   1.2MB/s  00:24 ETA 15%    5MB   1.2MB/s  00:22 ETA 15%    5MB   0.9MB/s  00:29 ETA 18%    5MB   1.0MB/s  00:27 ETA 20%    6MB   1.0MB/s  00:24 ETA 23%    7MB   1.1MB/s  00:23 ETA 25%    8MB   1.1MB/s  00:21 ETA 28%    9MB   1.2MB/s  00:20 ETA 30%   10MB   1.2MB/s  00:18 ETA 33%   11MB   1.2MB/s  00:17 ETA 36%   11MB   1.2MB/s  00:16 ETA 38%   12MB   1.3MB/s  00:15 ETA 41%   13MB   1.3MB/s  00:14 ETA 43%   14MB   1.3MB/s  00:14 ETA 46%   15MB   1.3MB/s  00:13 ETA 48%   16MB   1.3MB/s  00:12 ETA 51%   16MB   1.4MB/s  00:11 ETA 54%   17MB   1.4MB/s  00:11 ETA 56%   18MB   1.4MB/s  00:10 ETA 59%   19MB   1.4MB/s  00:09 ETA 61%   20MB   1.4MB/s  00:08 ETA 64%   21MB   1.4MB/s  00:08 ETA 67%   22MB   1.4MB/s  00:07 ETA 69%   22MB   1.4MB/s  00:07 ETA 72%   23MB   1.4MB/s  00:06 ETA 74%   24MB   1.4MB/s  00:05 ETA 77%   25MB   1.4MB/s  00:05 ETA 79%   26MB   1.5MB/s  00:04 ETA 82%   27MB   1.5MB/s  00:03 ETA 85%   27MB   1.5MB/s  00:03 ETA 87%   28MB   1.5MB/s  00:02 ETA 90%   29MB   1.5MB/s  00:02 ETA 92%   30MB   1.5MB/s  00:01 ETA 95%   31MB   1.5MB/s  00:01 ETA 97%   32MB   1.5MB/s  00:00 ETA100%   32MB   1.5MB/s  00:21    

after 2000

fpga -state
FPGA is configured
after 2000

fpga -ir-status
IR STATUS: 117
     Always One (Bits [0]): 1
    Always Zero (Bits [1]): 0
       ISC_Done (Bits [2]): 1
    ISC_Enabled (Bits [3]): 0
  Init Complete (Bits [4]): 1
           DONE (Bits [5]): 1
             (Bits [11:6]): 1
after 2000

targets -set -filter {name =~"*APU*"}

source {C:/zcu111_bit/tests/ZCU111/../tcl/ipi_psu_init.tcl}

psu_init

after 1000

psu_ps_pl_isolation_removal

after 1000

psu_ps_pl_reset_config

catch { psu_protection }
0
targets -set -filter {name =~"*A53*0"}

rst -processor

dow {C:/zcu111_bit/tests/ZCU111/../elf/hello_rtc.elf}
Downloading Program -- C:/zcu111_bit/tests/ZCU111/elf/hello_rtc.elf
	section, .text: 0x00000000 - 0x000031d3
	section, .init: 0x00003200 - 0x00003233
	section, .fini: 0x00003240 - 0x00003273
	section, .note.gnu.build-id: 0x00003274 - 0x00003297
	section, .rodata: 0x00003298 - 0x000035ef
	section, .rodata1: 0x000035f0 - 0x000035ff
	section, .sdata2: 0x00003600 - 0x000035ff
	section, .sbss2: 0x00003600 - 0x000035ff
	section, .data: 0x00003600 - 0x00003ef7
	section, .data1: 0x00003ef8 - 0x00003eff
	section, .ctors: 0x00003f00 - 0x00003eff
	section, .dtors: 0x00003f00 - 0x00003eff
	section, .eh_frame: 0x00003f00 - 0x00003f03
	section, .mmu_tbl0: 0x00004000 - 0x0000400f
	section, .mmu_tbl1: 0x00005000 - 0x00006fff
	section, .mmu_tbl2: 0x00007000 - 0x0000afff
	section, .preinit_array: 0x0000b000 - 0x0000afff
	section, .init_array: 0x0000b000 - 0x0000b007
	section, .fini_array: 0x0000b008 - 0x0000b047
	section, .sdata: 0x0000b048 - 0x0000b07f
	section, .sbss: 0x0000b080 - 0x0000b07f
	section, .tdata: 0x0000b080 - 0x0000b07f
	section, .tbss: 0x0000b080 - 0x0000b07f
	section, .bss: 0x0000b080 - 0x0000b13f
	section, .heap: 0x0000b140 - 0x0000d13f
	section, .stack: 0x0000d140 - 0x0001013f
  0%    0MB   0.0MB/s  ??:?? ETA100%    0MB   0.1MB/s  00:00    
Setting PC to Program Start Address 0x00000000
Successfully downloaded C:/zcu111_bit/tests/ZCU111/elf/hello_rtc.elf

targets -set -filter {name =~"*A53*0"}

con

after 2000

Day Convention : 0-Fri, 1-Sat, 2-Sun, 3-Mon, 4-Tue, 5-Wed, 6-Thur
Last set time for RTC is..
YEAR:MM:DD HR:MM:SS 	 2048:04:10 14:40:41	 Day = 0

Current RTC time is..
YEAR:MM:DD HR:MM:SS 	 2048:04:10 15:18:57	 Day = 0

Setting Time = 2016:10:17 00:00:00
RTC time after set is..
YEAR:MM:DD HR:MM:SS 	 2016:10:17 00:00:00	 Day = 3

disconnect

step finished 

Entering step: 4


Info: This step started at: 2018-06-13 20:25:09

RTC time after delay_1 is..
YEAR:MM:DD HR:MM:SS 	 2016:10:17 00:00:01	 Day = 3

RTC time after delay_2 is..
YEAR:MM:DD HR:MM:SS 	 2016:10:17 00:00:03	 Day = 3
Successfully ran RTC Set time Example Test

****** Vivado v2018.1 (64-bit)
  **** SW Build 2188600 on Wed Apr  4 18:40:38 MDT 2018
  **** IP Build 2185939 on Wed Apr  4 20:55:05 MDT 2018
    ** Copyright 1986-2018 Xilinx, Inc. All Rights Reserved.

source {tcl\five_second_delay.tcl}
# after 5000
INFO: [Common 17-206] Exiting Vivado at Wed Jun 13 20:25:28 2018...
step finished 

step finished 

Info: Result for step 0: Pass
Info: Result for step 1: Pass
Info: Result for step 2: Pass
Info: Result for step 3: Pass
Info: Result for step 4: Pass

Info: The test took 0 hours, 01 minutes, and 28 seconds. 0:01:28

Info: Test Level Shifters test started...

Info: The test will take 0 hours, 01 minutes, and 25 seconds. 0:01:25

Entering step: 0


Info: This step started at: 2018-06-13 20:25:29

Entering step: 1


Info: This step started at: 2018-06-13 20:25:30

Entering step: 2


Info: This step started at: 2018-06-13 20:25:30

C:\zcu111_bit\tests\ZCU111>cd bat\ 

C:\zcu111_bit\tests\ZCU111\bat>ezoutlet.exe reset 192.168.0.12 
 step finished 

Entering step: 3


Info: This step started at: 2018-06-13 20:25:33
Xilinx Zynq MP First Stage Boot Loader 
Release 2018.1   Apr 12 2018  -  08:36:28

!! Press ESC to enter System Controller mode.
NOTICE:  ATF running on XCZU28DR/silicon v4/RTL5.1 at 0xfffea000
NOTICE:  BL31: Secure code at 0x0
NOTICE:  BL31: Non secure code at 0x8000000
NOTICE:  BL31: v1.4(release):xilinx-v2017.4-1351-gdf4a7e97
NOTICE:  BL31: Built : 14:29:32, Apr 12 2018
PMUFW:	v1.0


U-Boot 2018.01 (Apr 12 2018 - 08:34:07 -0600) Xilinx ZynqMP ZCU111

I2C:   ready
DRAM:  4 GiB
EL Level:	EL2
Chip ID:	zu28dr
MMC:   sdhci@ff170000: 0 (SD)
SF: Detected mt25qu02g with page size 512 Bytes, erase size 128 KiB, total 512 MiB
*** Warning - bad CRC, using default environment

In:    serial@ff000000
Out:   serial@ff000000
Err:   serial@ff000000
Model: ZynqMP ZCU111 RevA
Board: Xilinx ZynqMP
Bootmode: LVL_SHFT_SD_MODE1
Net:   ZYNQ GEM: ff0e0000, phyaddr c, interface rgmii-id
eth0: ethernet@ff0e0000
U-BOOT for xilinx-zcu111-2018_1

ethernet@ff0e0000 Waiting for PHY auto negotiation to complete...... done
BOOTP broadcast 1
BOOTP broadcast 2
BOOTP broadcast 3
BOOTP broadcast 4
BOOTP broadcast 5

****** Vivado v2018.1 (64-bit)
  **** SW Build 2188600 on Wed Apr  4 18:40:38 MDT 2018
  **** IP Build 2185939 on Wed Apr  4 20:55:05 MDT 2018
    ** Copyright 1986-2018 Xilinx, Inc. All Rights Reserved.

source {tcl\five_second_delay.tcl}
# after 5000
BOOTP broadcast 6
BOOTP broadcast 7
BOOTP broadcast 8
INFO: [Common 17-206] Exiting Vivado at Wed Jun 13 20:25:51 2018...
step finished 

Entering step: 4


Info: This step started at: 2018-06-13 20:25:52
Writing: '\x1b'
BOOTP broadcast 9
:RWriting: '\x08'
[('', '', '', ''), ('', '', '', '')]Writing: '\t'
BOOTP broadcast 10
:RWriting: '\r\t'
:RWriting: '\r\t'
'\x00\r\n!! Press ESC to enter System Controller mode.\r\n:R\r\x08:R\r\r:R\r'BOOTP broadcast 11
:R
Entering step: 5


Info: This step started at: 2018-06-13 20:25:58
BOOTP broadcast 12
connect -url tcp:127.0.0.1:3121
attempting to launch hw_server

****** Xilinx hw_server v2018.1
  **** Build date : Apr  4 2018-19:32:53
    ** Copyright 1986-2018 Xilinx, Inc. All Rights Reserved.

INFO: hw_server application started
INFO: Use Ctrl-C to exit hw_server application



****** Xilinx hw_server v2018.1

  **** Build date : Apr  4 2018-19:32:53

    ** Copyright 1986-2018 Xilinx, Inc. All Rights Reserved.



INFO: hw_server application started

INFO: Use Ctrl-C to exit hw_server application




INFO: To connect to this hw_server instance use url: TCP:127.0.0.1:3121



tcfchan#0
targets -set -filter {name =~"*APU*"}
BOOTP broadcast 13

rst -system
BOOTP broadcast 14

fpga -file C:/zcu111_bit/tests/ZCU111/bitstream/level_shifters.bit
initializing  0%    0MB   0.0MB/s  ??:?? ETA  3%    1MB   2.2MB/s  ??:?? ETA  5%    1MB   1.9MB/s  ??:?? ETA  8%    2MB   1.8MB/s  ??:?? ETA  9%    3MB   1.4MB/s  ??:?? ETA 12%    4MB   1.4MB/s  ??:?? ETA 15%    4MB   1.5MB/s  00:19 ETA 17%    5MB   1.5MB/s  00:18 ETA 20%    6MB   1.5MB/s  00:17 ETA 22%    7MB   1.5MB/s  00:16 ETA 23%    7MB   1.4MB/s  00:18 ETA 25%    8MB   1.4MB/s  00:17 ETA 28%    9MB   1.4MB/s  00:16 ETA 30%   10MB   1.4MB/s  00:15 ETA 33%   10MB   1.5MB/s  00:15 ETA 36%   11MB   1.5MB/s  00:14 ETA 36%   11MB   1.4MB/s  00:15 ETA 38%   12MB   1.4MB/s  00:14 ETA 41%   13MB   1.4MB/s  00:13 ETA 44%   14MB   1.4MB/s  00:13 ETA 46%   15MB   1.4MB/s  00:12 ETA 49%   16MB   1.4MB/s  00:11 ETA 51%   16MB   1.4MB/s  00:10 ETA 54%   17MB   1.5MB/s  00:10 ETA 56%   18MB   1.5MB/s  00:09 ETA 59%   19MB   1.5MB/s  00:09 ETA 62%   20MB   1.5MB/s  00:08 ETA 64%   21MB   1.5MB/s  00:07 ETA 67%   22MB   1.5MB/s  00:07 ETA 69%   22MB   1.5MB/s  00:06 ETA 72%   23MB   1.5MB/s  00:06 ETA 75%   24MB   1.5MB/s  00:05 ETA 77%   25MB   1.5MB/s  00:04 ETA 80%   26MB   1.5MB/s  00:04 ETA 82%   27MB   1.5MB/s  00:03 ETA 85%   28MB   1.5MB/s  00:03 ETA 87%   28MB   1.5MB/s  00:02 ETA 90%   29MB   1.5MB/s  00:02 ETA 92%   30MB   1.5MB/s  00:01 ETA 95%   31MB   1.5MB/s  00:00 ETA 98%   32MB   1.5MB/s  00:00 ETA100%   32MB   1.5MB/s  00:21    

source C:/zcu111_bit/tests/ZCU111/tcl/level_shifters_psu_init.tcl

psu_init

psu_ps_pl_isolation_removal

psu_ps_pl_reset_config

targets -set -filter {name =~"*A53*0"}

rst -processor

dow C:/zcu111_bit/tests/ZCU111/elf/level_shifters.elf
Downloading Program -- C:/zcu111_bit/tests/ZCU111/elf/level_shifters.elf
	section, .text: 0xfffc0000 - 0xfffc4693
	section, .init: 0xfffc46c0 - 0xfffc46f3
	section, .fini: 0xfffc4700 - 0xfffc4733
	section, .note.gnu.build-id: 0xfffc4734 - 0xfffc4757
	section, .rodata: 0xfffc4758 - 0xfffc4a87
	section, .rodata1: 0xfffc4a88 - 0xfffc4abf
	section, .sdata2: 0xfffc4ac0 - 0xfffc4abf
	section, .sbss2: 0xfffc4ac0 - 0xfffc4abf
	section, .data: 0xfffc4ac0 - 0xfffc53b7
	section, .data1: 0xfffc53b8 - 0xfffc53bf
	section, .ctors: 0xfffc53c0 - 0xfffc53bf
	section, .dtors: 0xfffc53c0 - 0xfffc53bf
	section, .eh_frame: 0xfffc53c0 - 0xfffc53c3
	section, .mmu_tbl0: 0xfffc6000 - 0xfffc600f
	section, .mmu_tbl1: 0xfffc7000 - 0xfffc8fff
	section, .mmu_tbl2: 0xfffc9000 - 0xfffccfff
	section, .preinit_array: 0xfffcd000 - 0xfffccfff
	section, .init_array: 0xfffcd000 - 0xfffcd007
	section, .fini_array: 0xfffcd008 - 0xfffcd047
	section, .sdata: 0xfffcd048 - 0xfffcd07f
	section, .sbss: 0xfffcd080 - 0xfffcd07f
	section, .tdata: 0xfffcd080 - 0xfffcd07f
	section, .tbss: 0xfffcd080 - 0xfffcd07f
	section, .bss: 0xfffcd080 - 0xfffcd0ff
	section, .heap: 0xfffcd100 - 0xfffcf0ff
	section, .stack: 0xfffcf100 - 0xfffd20ff
  0%    0MB   0.0MB/s  ??:?? ETA100%    0MB   0.2MB/s  00:00    
Setting PC to Program Start Address 0xfffc0000
Successfully downloaded C:/zcu111_bit/tests/ZCU111/elf/level_shifters.elf

con

after 1000
Instructions:
Type the MIO two digit number and then type the value you wish to set it to.
Follow this by the 'return' key to signify the end of the command (or reset)
Example "340\r" or "341\r" will set MIO 34 accordingly
There are 8 available MIOs:
32, 33, 34, 35, 36, 37, 38, and 13

Now listening to UART Commands for Level Shifters...

step finished 

Entering step: 6


Info: This step started at: 2018-06-13 20:26:27
Writing: '\x1b'
Writing: '\x08'
[('', 'GPD\r24\r00', '', ''), ('', 'GPD\r25\r00', '', '')]Writing: '\t'
:RWriting: 'GPD\r24\r00\r\t'
GPD2400:PWriting: 'GPD\r25\r00\r\t'
'\x00\r\n!! Press ESC to enter System Controller mode.\r\n:R\r\x08:R\r\r:R\r\r:R\r\x08:R\rGPD\r24\r00\r:P\r'GPD2500:P
Entering step: 7


Info: This step started at: 2018-06-13 20:26:33

Entering step: 8


Info: This step started at: 2018-06-13 20:26:34
Writing: '320\r331\r340\r351\r360\r371\r380\r131\r'
Writing: '\x1b'
320 - Success
331 - Success
340 - Success
351 - Success
360 - Success
371 - Success
380 - Success
131 - Success
Writing: '\x08'
[('', 'GPR\r11', '', ''), ('', 'GPR\r24', '', ''), ('', 'GPR\r25', '', '')]Writing: '\t'
:RWriting: 'GPR\r11\r\t'
GPR11:P2AWriting: 'GPR\r24\r\t'
GPR24:P00Writing: 'GPR\r25\r\t'
GPR25:P01'\x00\r\n!! Press ESC to enter System Controller mode.\r\n:R\r\x08:R\r\r:R\r\r:R\r\x08:R\rGPD\r24\r00\r:P\rGPD\r25\r00\r:P\r\x08:R\rGPR\r11\r:P\r2A\rGPR\r24\r:P\r00\rGPR\r25\r:P\r01\r'
Entering step: 9


Info: This step started at: 2018-06-13 20:26:42
Writing: '321\r330\r341\r350\r361\r370\r381\r130\r'

Entering step: 10


Info: This step started at: 2018-06-13 20:26:43
321 - Success
330 - Success
341 - Success
350 - Success
361 - Success
370 - Success
381 - Success
130 - Success
Writing: '\x1b'
Writing: '\x08'
[('', 'GPR\r11', '', ''), ('', 'GPR\r24', '', ''), ('', 'GPR\r25', '', '')]Writing: '\t'
:RWriting: 'GPR\r11\r\t'
GPR11:P15Writing: 'GPR\r24\r\t'
GPR24:P01Writing: 'GPR\r25\r\t'
GPR25:P00'\x00\r\n!! Press ESC to enter System Controller mode.\r\n:R\r\x08:R\r\r:R\r\r:R\r\x08:R\rGPD\r24\r00\r:P\rGPD\r25\r00\r:P\r\x08:R\rGPR\r11\r:P\r2A\rGPR\r24\r:P\r00\rGPR\r25\r:P\r01\r\x08:R\rGPR\r11\r:P\r15\rGPR\r24\r:P\r01\rGPR\r25\r:P\r00\r'
step finished 

Info: Result for step 0: Pass
step finished 

Info: Result for step 1: Pass
Info: Result for step 2: Pass
Info: Result for step 3: Pass
Info: Result for step 4: Pass
Info: Result for step 5: Pass
Info: Result for step 6: Pass
Info: Result for step 7: Pass
Info: Result for step 8: Pass
Info: Result for step 9: Pass
Info: Result for step 10: Pass

Info: The test took 0 hours, 01 minutes, and 25 seconds. 0:01:25

Info: ZCU111 SETUP test started...

Info: The test will take 0 hours, 06 minutes, and 55 seconds. 0:06:55

Entering step: 0


Info: This step started at: 2018-06-13 20:26:55

Entering step: 1


Info: This step started at: 2018-06-13 20:26:55

C:\zcu111_bit\tests\ZCU111>cd bat\ 

C:\zcu111_bit\tests\ZCU111\bat>ezoutlet.exe reset 192.168.0.12 
 step finished 

Entering step: 2


Info: This step started at: 2018-06-13 20:26:58

!! Press ESC to enter System Controller mode.

****** Vivado v2018.1 (64-bit)
  **** SW Build 2188600 on Wed Apr  4 18:40:38 MDT 2018
  **** IP Build 2185939 on Wed Apr  4 20:55:05 MDT 2018
    ** Copyright 1986-2018 Xilinx, Inc. All Rights Reserved.

source {tcl\five_second_delay.tcl}
# after 5000
INFO: [Common 17-206] Exiting Vivado at Wed Jun 13 20:27:17 2018...
step finished 

Entering step: 3


Info: This step started at: 2018-06-13 20:27:17
Writing: '\x1b'
:RWriting: '\x08'
[('', 'IW0\r75\r04', '', ''), ('', 'IW0\r45\r0003', '', ''), ('', 'IW0\r45\r2014', '', ''), ('', 'IW0\r45\r24FFFF', '', ''), ('', 'IW0\r45\r0140', '', ''), ('', 'DLY\rC350', '', ''), ('', 'IW0\r45\r21cd1c', '', ''), ('', 'DLY\rC350', '', ''), ('', 'IW0\r45\r0180', '', ''), ('', 'DLY\rC350', '', ''), ('', 'IW0\r75\r00', '', '')]Writing: '\t'
:RWriting: 'IW0\r75\r04\r\t'
IW07504:PWriting: 'IW0\r45\r0003\r\t'
IW0450003:PWriting: 'IW0\r45\r2014\r\t'
IW0452014:PWriting: 'IW0\r45\r24FFFF\r\t'
IW04524FFFF:PWriting: 'IW0\r45\r0140\r\t'
IW0450140:PWriting: 'DLY\rC350\r\t'
DLYC350:PWriting: 'IW0\r45\r21cd1c\r\t'
IW04521cd1c:PWriting: 'DLY\rC350\r\t'
DLYC350:PWriting: 'IW0\r45\r0180\r\t'
IW0450180:PWriting: 'DLY\rC350\r\t'
DLYC350:PWriting: 'IW0\r75\r00\r\t'
'\x00\r\n!! Press ESC to enter System Controller mode.\r\n:R\r\x08:R\rIW0\r75\r04\r:P\rIW0\r45\r0003\r:P\rIW0\r45\r2014\r:P\rIW0\r45\r24FFFF\r:P\rIW0\r45\r0140\r:P\rDLY\rC350\r:P\rIW0\r45\r21cd1c\r:P\rDLY\rC350\r:P\rIW0\r45\r0180\r:P\rDLY\rC350\r:P\r'IW07500:P
Entering step: 4


Info: This step started at: 2018-06-13 20:27:37
Writing: '\x1b'
Writing: '\x08'
[('', 'IW1\r74\r10', '', ''), ('', 'IW1\r68\r010B', '', ''), ('', 'IW1\r68\r24C0', '', ''), ('', 'IW1\r68\r2504', '', ''), ('', 'IW1\r68\r0105', '', ''), ('', 'IW1\r68\r4001', '', ''), ('', 'IW1\r68\r0100', '', ''), ('', 'IW1\r68\r0B68', '', ''), ('', 'IW1\r68\r1603', '', ''), ('', 'IW1\r68\r17DC', '', ''), ('', 'IW1\r68\r18BB', '', ''), ('', 'IW1\r68\r19DD', '', ''), ('', 'IW1\r68\r1ADF', '', ''), ('', 'IW1\r68\r2002', '', ''), ('', 'IW1\r68\r2B02', '', ''), ('', 'IW1\r68\r2C04', '', ''), ('', 'IW1\r68\r323B', '', ''), ('', 'IW1\r68\r3A02', '', ''), ('', 'IW1\r68\r3E40', '', ''), ('', 'IW1\r68\r3F44', '', ''), ('', 'IW1\r68\r4004', '', ''), ('', 'IW1\r68\r430A', '', ''), ('', 'IW1\r68\r450C', '', ''), ('', 'IW1\r68\r4832', '', ''), ('', 'IW1\r68\r4C32', '', ''), ('', 'IW1\r68\r4F05', '', ''), ('', 'IW1\r68\r500F', '', ''), ('', 'IW1\r68\r5303', '', ''), ('', 'IW1\r68\r5703', '', ''), ('', 'IW1\r68\r5910', '', ''), ('', 'IW1\r68\r622F', '', ''), ('', 'IW1\r68\r63A1', '', ''), ('', 'IW1\r68\r64BD', '', ''), ('', 'IW1\r68\r9202', '', ''), ('', 'IW1\r68\r93A0', '', ''), ('', 'IW1\r68\r9680', '', ''), ('', 'IW1\r68\r9860', '', ''), ('', 'IW1\r68\r9A02', '', ''), ('', 'IW1\r68\r9B60', '', ''), ('', 'IW1\r68\r9D08', '', ''), ('', 'IW1\r68\r9E40', '', ''), ('', 'IW1\r68\rA020', '', ''), ('', 'IW1\r68\rA9A0', '', ''), ('', 'IW1\r68\rAA61', '', ''), ('', 'IW1\r68\rE521', '', ''), ('', 'IW1\r68\rEA0A', '', ''), ('', 'IW1\r68\rEB60', '', ''), ('', 'IW1\r68\r0101', '', ''), ('', 'IW1\r68\r0201', '', ''), ('', 'IW1\r68\r0302', '', ''), ('', 'IW1\r68\r0409', '', ''), ('', 'IW1\r68\r053E', '', ''), ('', 'IW1\r68\r0618', '', ''), ('', 'IW1\r68\r0701', '', ''), ('', 'IW1\r68\r0801', '', ''), ('', 'IW1\r68\r0909', '', ''), ('', 'IW1\r68\r0A3E', '', ''), ('', 'IW1\r68\r0B18', '', ''), ('', 'IW1\r68\r0C02', '', ''), ('', 'IW1\r68\r0D06', '', ''), ('', 'IW1\r68\r0E09', '', ''), ('', 'IW1\r68\r0F3B', '', ''), ('', 'IW1\r68\r1029', '', ''), ('', 'IW1\r68\r1102', '', ''), ('', 'IW1\r68\r1201', '', ''), ('', 'IW1\r68\r1309', '', ''), ('', 'IW1\r68\r143B', '', ''), ('', 'IW1\r68\r1528', '', ''), ('', 'IW1\r68\r1602', '', ''), ('', 'IW1\r68\r1701', '', ''), ('', 'IW1\r68\r1809', '', ''), ('', 'IW1\r68\r193B', '', ''), ('', 'IW1\r68\r1A28', '', ''), ('', 'IW1\r68\r1B02', '', ''), ('', 'IW1\r68\r1C01', '', ''), ('', 'IW1\r68\r1D09', '', ''), ('', 'IW1\r68\r1E3B', '', ''), ('', 'IW1\r68\r1F28', '', ''), ('', 'IW1\r68\r2002', '', ''), ('', 'IW1\r68\r2101', '', ''), ('', 'IW1\r68\r2209', '', ''), ('', 'IW1\r68\r233B', '', ''), ('', 'IW1\r68\r2428', '', ''), ('', 'IW1\r68\r2502', '', ''), ('', 'IW1\r68\r2601', '', ''), ('', 'IW1\r68\r2709', '', ''), ('', 'IW1\r68\r283B', '', ''), ('', 'IW1\r68\r2928', '', ''), ('', 'IW1\r68\r2A02', '', ''), ('', 'IW1\r68\r2B01', '', ''), ('', 'IW1\r68\r2C09', '', ''), ('', 'IW1\r68\r2D3B', '', ''), ('', 'IW1\r68\r2E28', '', ''), ('', 'IW1\r68\r2F02', '', ''), ('', 'IW1\r68\r3001', '', ''), ('', 'IW1\r68\r3109', '', ''), ('', 'IW1\r68\r323B', '', ''), ('', 'IW1\r68\r3328', '', ''), ('', 'IW1\r68\r3402', '', ''), ('', 'IW1\r68\r3501', '', ''), ('', 'IW1\r68\r3609', '', ''), ('', 'IW1\r68\r373B', '', ''), ('', 'IW1\r68\r3828', '', ''), ('', 'IW1\r68\r3902', '', ''), ('', 'IW1\r68\r3A01', '', ''), ('', 'IW1\r68\r3B09', '', ''), ('', 'IW1\r68\r3C3B', '', ''), ('', 'IW1\r68\r3D28', '', ''), ('', 'IW1\r68\r3E02', '', ''), ('', 'IW1\r68\r4140', '', ''), ('', 'IW1\r68\r42FF', '', ''), ('', 'IW1\r68\r0102', '', ''), ('', 'IW1\r68\r1C05', '', ''), ('', 'IW1\r68\r2201', '', ''), ('', 'IW1\r68\r310B', '', ''), ('', 'IW1\r68\r320B', '', ''), ('', 'IW1\r68\r330B', '', ''), ('', 'IW1\r68\r340B', '', ''), ('', 'IW1\r68\r3A01', '', ''), ('', 'IW1\r68\r3EF0', '', ''), ('', 'IW1\r68\r4702', '', ''), ('', 'IW1\r68\r6B5A', '', ''), ('', 'IW1\r68\r6C43', '', ''), ('', 'IW1\r68\r6D55', '', ''), ('', 'IW1\r68\r6E31', '', ''), ('', 'IW1\r68\r6F31', '', ''), ('', 'IW1\r68\r7031', '', ''), ('', 'IW1\r68\r923F', '', ''), ('', 'IW1\r68\r93FF', '', ''), ('', 'IW1\r68\r94B8', '', ''), ('', 'IW1\r68\r9602', '', ''), ('', 'IW1\r68\r9702', '', ''), ('', 'IW1\r68\r9902', '', ''), ('', 'IW1\r68\r9DFA', '', ''), ('', 'IW1\r68\r9E01', '', ''), ('', 'IW1\r68\rA9CC', '', ''), ('', 'IW1\r68\rAA04', '', ''), ('', 'IW1\r68\rB7FF', '', ''), ('', 'IW1\r68\r0103', '', ''), ('', 'IW1\r68\r060C', '', ''), ('', 'IW1\r68\r0A50', '', ''), ('', 'IW1\r68\r0BC3', '', ''), ('', 'IW1\r68\r1124', '', ''), ('', 'IW1\r68\r1550', '', ''), ('', 'IW1\r68\r16C3', '', ''), ('', 'IW1\r68\r0104', '', ''), ('', 'IW1\r68\r212B', '', ''), ('', 'IW1\r68\r2201', '', ''), ('', 'IW1\r68\r2B01', '', ''), ('', 'IW1\r68\r2C0F', '', ''), ('', 'IW1\r68\r2D03', '', ''), ('', 'IW1\r68\r3304', '', ''), ('', 'IW1\r68\r3501', '', ''), ('', 'IW1\r68\r3606', '', ''), ('', 'IW1\r68\r3D0A', '', ''), ('', 'IW1\r68\r3E06', '', ''), ('', 'IW1\r68\r9B18', '', ''), ('', 'IW1\r68\r9C4C', '', ''), ('', 'IW1\r68\rA420', '', ''), ('', 'IW1\r68\r0105', '', ''), ('', 'IW1\r68\r0811', '', ''), ('', 'IW1\r68\r0920', '', ''), ('', 'IW1\r68\r0A0C', '', ''), ('', 'IW1\r68\r0B0B', '', ''), ('', 'IW1\r68\r0C1F', '', ''), ('', 'IW1\r68\r0D3F', '', ''), ('', 'IW1\r68\r0E14', '', ''), ('', 'IW1\r68\r0F28', '', ''), ('', 'IW1\r68\r1009', '', ''), ('', 'IW1\r68\r1108', '', ''), ('', 'IW1\r68\r121F', '', ''), ('', 'IW1\r68\r133F', '', ''), ('', 'IW1\r68\r1980', '', ''), ('', 'IW1\r68\r1A04', '', ''), ('', 'IW1\r68\r1FC8', '', ''), ('', 'IW1\r68\r211B', '', ''), ('', 'IW1\r68\r2A05', '', ''), ('', 'IW1\r68\r2B01', '', ''), ('', 'IW1\r68\r2C87', '', ''), ('', 'IW1\r68\r2D03', '', ''), ('', 'IW1\r68\r2E19', '', ''), ('', 'IW1\r68\r2F19', '', ''), ('', 'IW1\r68\r3242', '', ''), ('', 'IW1\r68\r3303', '', ''), ('', 'IW1\r68\r3604', '', ''), ('', 'IW1\r68\r3A01', '', ''), ('', 'IW1\r68\r3B03', '', ''), ('', 'IW1\r68\r3D04', '', ''), ('', 'IW1\r68\r3E02', '', ''), ('', 'IW1\r68\r8806', '', ''), ('', 'IW1\r68\r890D', '', ''), ('', 'IW1\r68\r8B72', '', ''), ('', 'IW1\r68\r8C56', '', ''), ('', 'IW1\r68\r9B7A', '', ''), ('', 'IW1\r68\r9C8C', '', ''), ('', 'IW1\r68\r9D11', '', ''), ('', 'IW1\r68\r9E22', '', ''), ('', 'IW1\r68\r9F0C', '', ''), ('', 'IW1\r68\rA00B', '', ''), ('', 'IW1\r68\rA11F', '', ''), ('', 'IW1\r68\rA23F', '', ''), ('', 'IW1\r68\rA408', '', ''), ('', 'IW1\r68\rA603', '', ''), ('', 'IW1\r68\rAC09', '', ''), ('', 'IW1\r68\rADE7', '', ''), ('', 'IW1\r68\rAE45', '', ''), ('', 'IW1\r68\rB1DD', '', ''), ('', 'IW1\r68\rB202', '', ''), ('', 'IW1\r68\r0108', '', ''), ('', 'IW1\r68\r0235', '', ''), ('', 'IW1\r68\r0304', '', ''), ('', 'IW1\r68\r0401', '', ''), ('', 'IW1\r68\r0109', '', ''), ('', 'IW1\r68\r0E02', '', ''), ('', 'IW1\r68\r4944', '', ''), ('', 'IW1\r68\r4A04', '', ''), ('', 'IW1\r68\r4E49', '', ''), ('', 'IW1\r68\r4FF2', '', ''), ('', 'IW1\r68\r010A', '', ''), ('', 'IW1\r68\r0303', '', ''), ('', 'IW1\r68\r0503', '', ''), ('', 'IW1\r68\r010B', '', ''), ('', 'IW1\r68\r440F', '', ''), ('', 'IW1\r68\r470B', '', ''), ('', 'IW1\r68\r480B', '', ''), ('', 'IW1\r68\r4A1C', '', ''), ('', 'IW1\r68\r57F0', '', ''), ('', 'IW1\r68\r010C', '', ''), ('', 'IW1\r68\r0203', '', ''), ('', 'IW1\r68\r0304', '', ''), ('', 'IW1\r68\r0701', '', ''), ('', 'IW1\r68\r0801', '', ''), ('', 'IW1\r68\r0105', '', ''), ('', 'IW1\r68\r1401', '', ''), ('', 'IW1\r68\r0100', '', ''), ('', 'IW1\r68\r1C01', '', ''), ('', 'IW1\r68\r0105', '', ''), ('', 'IW1\r68\r4000', '', ''), ('', 'IW1\r68\r010B', '', ''), ('', 'IW1\r68\r24C3', '', ''), ('', 'IW1\r68\r2506', '', ''), ('', 'IW1\r74\r00', '', '')]Writing: '\t'
:RWriting: 'IW1\r74\r10\r\t'
IW17410:PWriting: 'IW1\r68\r010B\r\t'
IW168010B:PWriting: 'IW1\r68\r24C0\r\t'
IW16824C0:PWriting: 'IW1\r68\r2504\r\t'
IW1682504:PWriting: 'IW1\r68\r0105\r\t'
IW1680105:PWriting: 'IW1\r68\r4001\r\t'
IW1684001:N
Error: Found regular expression in step 0 of test 7 - "(.*):N(.*)"

step finished 
the expression:(.*):N(.*)

Error: Could not find regular expression in step 0 of test 7 - "(.*)MSP v1.50 I2C Bridge v1.50"
'\x00\r\n!! Press ESC to enter System Controller mode.\r\n:R\r\x08:R\rIW0\r75\r04\r:P\rIW0\r45\r0003\r:P\rIW0\r45\r2014\r:P\rIW0\r45\r24FFFF\r:P\rIW0\r45\r0140\r:P\rDLY\rC350\r:P\rIW0\r45\r21cd1c\r:P\rDLY\rC350\r:P\rIW0\r45\r0180\r:P\rDLY\rC350\r:P\rIW0\r75\r00\r:P\r\x08:R\rIW1\r74\r10\r:P\rIW1\r68\r010B\r:P\rIW1\r68\r24C0\r:P\rIW1\r68\r2504\r:P\rIW1\r68\r0105\r:P\rIW1\r68\r4001\r:N\r'
Entering step: 5


Info: This step started at: 2018-06-13 20:33:43

Error: Stopped because step 0 failed in test 7

Info: Result for step 0: Fail
Info: Result for step 1: Pass
Info: Result for step 2: Pass
Info: Result for step 3: Fail
Info: Result for step 4: Fail
Info: The test took 0 hours, 06 minutes, and 48 seconds. 0:06:48

Info: WRITE EEPROM test started...

Info: The test will take 0 hours, 01 minutes, and 33 seconds. 0:01:33

Entering step: 0


Info: This step started at: 2018-06-13 20:33:43

Entering step: 1


Info: This step started at: 2018-06-13 20:33:43

C:\zcu111_bit\tests\ZCU111>cd bat\ 

C:\zcu111_bit\tests\ZCU111\bat>ezoutlet.exe reset 192.168.0.12 
 step finished 

Entering step: 2


Info: This step started at: 2018-06-13 20:33:47

!! Press ESC to enter System Controller mode.

****** Vivado v2018.1 (64-bit)
  **** SW Build 2188600 on Wed Apr  4 18:40:38 MDT 2018
  **** IP Build 2185939 on Wed Apr  4 20:55:05 MDT 2018
    ** Copyright 1986-2018 Xilinx, Inc. All Rights Reserved.

source {tcl\five_second_delay.tcl}
# after 5000
INFO: [Common 17-206] Exiting Vivado at Wed Jun 13 20:34:05 2018...
step finished 

Entering step: 3


Info: This step started at: 2018-06-13 20:34:05
Writing: '\x1b'
:RWriting: '\x08'
[(u'<setmux:1:74:01>', u'', u'', u''), (u'<writeeeprom:1:54:20:FFFFFFFFFFFF>', u'', u'', u''), (u'<writeeeprom:1:54:20:010203040506>', u'', u'', u''), (u'<setmux:1:74:00>', u'', u'', u'')]Writing: '\t'
:RWriting: 'IW1\r74\r01\r\t'
IW17401:PWriting: 'IW1\r54\r20FFFFFFFFFFFF\r\t'
IW15420FFFFFFFFFFFF:PWriting: 'IW1\r54\r20010203040506\r\t'
IW15420010203040506:PWriting: 'IW1\r74\r00\r\t'
IW17400:P'\x00\r\n!! Press ESC to enter System Controller mode.\r\n:R\r\x08:R\rIW1\r74\r01\r:P\rIW1\r54\r20FFFFFFFFFFFF\r:P\rIW1\r54\r20010203040506\r:P\rIW1\r74\r00\r:P\r'
Entering step: 4


Info: This step started at: 2018-06-13 20:34:19
Writing: '\x1b'
Writing: '\x08'
[('<setmux:1:74:01>', '', '', ''), ('<writeeeprom:1:54:00:FFFFFFFFFFFFFFFFFFFFFFFFFFFFFFFFFFFFFFFFFFFFFFFFFFFFFFFFFFFFFFFF>', '', '', ''), ('<writeeeprom:1:54:00:303030302d30303030>', '', '', ''), ('<setmux:1:74:00>', '', '', '')]Writing: '\t'
:RWriting: 'IW1\r74\r01\r\t'
IW17401:PWriting: 'IW1\r54\r00FFFFFFFFFFFFFFFFFFFFFFFFFFFFFFFF\r\tIW1\r54\r10FFFFFFFFFFFFFFFFFFFFFFFFFFFFFFFF\r\t'
IW15400FFFFFFFFFFFFFFFFFFFFFFFFFFFFFFFF:PIW15410FFFFFFFFFFFFFFFFFFFFFFFFFFFFFFFF:PWriting: 'IW1\r54\r00303030302d30303030\r\t'
IW15400303030302d30303030:PWriting: 'IW1\r74\r00\r\t'
'\x00\r\n!! Press ESC to enter System Controller mode.\r\n:R\r\x08:R\rIW1\r74\r01\r:P\rIW1\r54\r20FFFFFFFFFFFF\r:P\rIW1\r54\r20010203040506\r:P\rIW1\r74\r00\r:P\r\x08:R\rIW1\r74\r01\r:P\rIW1\r54\r00FFFFFFFFFFFFFFFFFFFFFFFFFFFFFFFF\r:P\rIW1\r54\r10FFFFFFFFFFFFFFFFFFFFFFFFFFFFFFFF\r:P\rIW1\r54\r00303030302d30303030\r:P\r'IW17400:P
Entering step: 5


Info: This step started at: 2018-06-13 20:34:32
Writing: '\x1b'
Writing: '\x08'
[('<setmux:1:74:01>', '', '', ''), ('<writeeeprom:1:54:E0:FFFFFFFFFFFF>', '', '', ''), ('<writeeeprom:1:54:E0:432020>', '', '', ''), ('<setmux:1:74:00>', '', '', '')]Writing: '\t'
:RWriting: 'IW1\r74\r01\r\t'
IW17401:PWriting: 'IW1\r54\re0FFFFFFFFFFFF\r\t'
IW154e0FFFFFFFFFFFF:PWriting: 'IW1\r54\re0432020\r\t'
IW154e0432020:PWriting: 'IW1\r74\r00\r\t'
IW17400:P'\x00\r\n!! Press ESC to enter System Controller mode.\r\n:R\r\x08:R\rIW1\r74\r01\r:P\rIW1\r54\r20FFFFFFFFFFFF\r:P\rIW1\r54\r20010203040506\r:P\rIW1\r74\r00\r:P\r\x08:R\rIW1\r74\r01\r:P\rIW1\r54\r00FFFFFFFFFFFFFFFFFFFFFFFFFFFFFFFF\r:P\rIW1\r54\r10FFFFFFFFFFFFFFFFFFFFFFFFFFFFFFFF\r:P\rIW1\r54\r00303030302d30303030\r:P\rIW1\r74\r00\r:P\r\x08:R\rIW1\r74\r01\r:P\rIW1\r54\re0FFFFFFFFFFFF\r:P\rIW1\r54\re0432020\r:P\rIW1\r74\r00\r:P\r'
Entering step: 6


Info: This step started at: 2018-06-13 20:34:46
Writing: '\x1b'
Writing: '\x08'
[('<setmux:1:74:01>', '', '', ''), ('<writeeeprom:1:54:D0:FFFFFFFFFFFFFFFFFFFFFFFFFFFFFFFF>', '', '', ''), ('<writeeeprom:1:54:D0:5a43553131312020202020>', '', '', ''), ('<setmux:1:74:00>', '', '', '')]Writing: '\t'
:RWriting: 'IW1\r74\r01\r\t'
IW17401:PWriting: 'IW1\r54\rd0FFFFFFFFFFFFFFFFFFFFFFFFFFFFFFFF\r\t'
IW154d0FFFFFFFFFFFFFFFFFFFFFFFFFFFFFFFF:PWriting: 'IW1\r54\rd05a43553131312020202020\r\t'
IW154d05a43553131312020202020:PWriting: 'IW1\r74\r00\r\t'
'\x00\r\n!! Press ESC to enter System Controller mode.\r\n:R\r\x08:R\rIW1\r74\r01\r:P\rIW1\r54\r20FFFFFFFFFFFF\r:P\rIW1\r54\r20010203040506\r:P\rIW1\r74\r00\r:P\r\x08:R\rIW1\r74\r01\r:P\rIW1\r54\r00FFFFFFFFFFFFFFFFFFFFFFFFFFFFFFFF\r:P\rIW1\r54\r10FFFFFFFFFFFFFFFFFFFFFFFFFFFFFFFF\r:P\rIW1\r54\r00303030302d30303030\r:P\rIW1\r74\r00\r:P\r\x08:R\rIW1\r74\r01\r:P\rIW1\r54\re0FFFFFFFFFFFF\r:P\rIW1\r54\re0432020\r:P\rIW1\r74\r00\r:P\r\x08:R\rIW1\r74\r01\r:P\rIW1\r54\rd0FFFFFFFFFFFFFFFFFFFFFFFFFFFFFFFF\r:P\rIW1\r54\rd05a43553131312020202020\r:P\r'IW17400:P
Entering step: 7


Info: This step started at: 2018-06-13 20:35:00
Writing: '\x1b'
Writing: '\x08'
[('<setmux:1:74:01>', '', '', ''), ('<readeeprom:1:54:D0:10>', '', '', ''), ('<wait:0.3>', '', '', ''), ('<interpeeprom>', '', '', ''), ('<setmux:1:74:00>', '', '', '')]Writing: '\t'
:RWriting: 'IW1\r74\r01\r\t'
IW17401:PWriting: 'IW1\r54\rd0\r\tIR1\r54\r10\r\t'
IW154d0:PIR15410:P5A43553131312020202020FFFFFFFFFFWriting: 'IW1\r74\r00\r\t'
IW17400:Pu'\x00\r\n!! Press ESC to enter System Controller mode.\r\n:R\r\x08:R\rIW1\r74\r01\r:P\rIW1\r54\r20FFFFFFFFFFFF\r:P\rIW1\r54\r20010203040506\r:P\rIW1\r74\r00\r:P\r\x08:R\rIW1\r74\r01\r:P\rIW1\r54\r00FFFFFFFFFFFFFFFFFFFFFFFFFFFFFFFF\r:P\rIW1\r54\r10FFFFFFFFFFFFFFFFFFFFFFFFFFFFFFFF\r:P\rIW1\r54\r00303030302d30303030\r:P\rIW1\r74\r00\r:P\r\x08:R\rIW1\r74\r01\r:P\rIW1\r54\re0FFFFFFFFFFFF\r:P\rIW1\r54\re0432020\r:P\rIW1\r74\r00\r:P\r\x08:R\rIW1\r74\r01\r:P\rIW1\r54\rd0FFFFFFFFFFFFFFFFFFFFFFFFFFFFFFFF\r:P\rIW1\r54\rd05a43553131312020202020\r:P\rIW1\r74\r00\r:P\r\x08:R\rIW1\r74\r01\r:P\rIW1\r54\rd0\r:P\rIR1\r54\r10\r:P\r5A43553131312020202020FFFFFFFFFF\rINTERP[ZCU111     ]IW1\r74\r00\r:P\r'
step finished 

Info: Result for step 0: Pass
Info: Result for step 1: Pass
Info: Result for step 2: Pass
Info: Result for step 3: Pass
Info: Result for step 4: Pass
Info: Result for step 5: Pass
Info: Result for step 6: Pass
Info: Result for step 7: Pass

Info: The test took 0 hours, 01 minutes, and 33 seconds. 0:01:33

Info: IPI Test test started...

Info: The test will take 0 hours, 01 minutes, and 32 seconds. 0:01:32

Entering step: 0


Info: This step started at: 2018-06-13 20:35:17

Entering step: 1


Info: This step started at: 2018-06-13 20:35:17

catch { disconnect }
1

connect -url tcp:127.0.0.1:3121
attempting to launch hw_server

****** Xilinx hw_server v2018.1
  **** Build date : Apr  4 2018-19:32:53
    ** Copyright 1986-2018 Xilinx, Inc. All Rights Reserved.

INFO: hw_server application started
INFO: Use Ctrl-C to exit hw_server application



****** Xilinx hw_server v2018.1

  **** Build date : Apr  4 2018-19:32:53

    ** Copyright 1986-2018 Xilinx, Inc. All Rights Reserved.



INFO: hw_server application started

INFO: Use Ctrl-C to exit hw_server application




INFO: To connect to this hw_server instance use url: TCP:127.0.0.1:3121



tcfchan#0
targets -set -filter {name =~"*APU*"}

rst -srst

fpga -state
FPGA is not configured
after 2000

fpga -no-revision-check -file {C:/zcu111_bit/tests/ZCU111/../bitstream/zcu111_ipi.bit}
initializing  0%    0MB   0.0MB/s  ??:?? ETA  2%    0MB   0.5MB/s  ??:?? ETA  5%    1MB   0.8MB/s  ??:?? ETA  7%    2MB   1.0MB/s  ??:?? ETA 10%    3MB   1.1MB/s  00:27 ETA 12%    4MB   1.2MB/s  00:24 ETA 15%    5MB   1.2MB/s  00:22 ETA 15%    5MB   0.9MB/s  00:29 ETA 18%    6MB   1.0MB/s  00:26 ETA 20%    6MB   1.1MB/s  00:24 ETA 23%    7MB   1.1MB/s  00:22 ETA 25%    8MB   1.1MB/s  00:21 ETA 28%    9MB   1.2MB/s  00:19 ETA 31%   10MB   1.2MB/s  00:18 ETA 33%   11MB   1.2MB/s  00:17 ETA 36%   11MB   1.3MB/s  00:16 ETA 38%   12MB   1.3MB/s  00:15 ETA 41%   13MB   1.3MB/s  00:14 ETA 44%   14MB   1.3MB/s  00:13 ETA 46%   15MB   1.3MB/s  00:13 ETA 49%   16MB   1.3MB/s  00:12 ETA 51%   16MB   1.4MB/s  00:11 ETA 54%   17MB   1.4MB/s  00:10 ETA 56%   18MB   1.4MB/s  00:10 ETA 59%   19MB   1.4MB/s  00:09 ETA 62%   20MB   1.4MB/s  00:08 ETA 64%   21MB   1.4MB/s  00:08 ETA 67%   22MB   1.4MB/s  00:07 ETA 69%   22MB   1.4MB/s  00:06 ETA 72%   23MB   1.4MB/s  00:06 ETA 74%   24MB   1.4MB/s  00:05 ETA 77%   25MB   1.5MB/s  00:05 ETA 80%   26MB   1.5MB/s  00:04 ETA 82%   27MB   1.5MB/s  00:03 ETA 85%   28MB   1.5MB/s  00:03 ETA 87%   28MB   1.5MB/s  00:02 ETA 90%   29MB   1.5MB/s  00:02 ETA 93%   30MB   1.5MB/s  00:01 ETA 95%   31MB   1.5MB/s  00:00 ETA 98%   32MB   1.5MB/s  00:00 ETA100%   32MB   1.5MB/s  00:21    

after 2000

fpga -state
FPGA is configured
after 2000

fpga -ir-status
IR STATUS: 117
     Always One (Bits [0]): 1
    Always Zero (Bits [1]): 0
       ISC_Done (Bits [2]): 1
    ISC_Enabled (Bits [3]): 0
  Init Complete (Bits [4]): 1
           DONE (Bits [5]): 1
             (Bits [11:6]): 1
after 2000

targets -set -filter {name =~"*APU*"}

source {C:/zcu111_bit/tests/ZCU111/../tcl/ipi_psu_init.tcl}

psu_init

after 1000

psu_ps_pl_isolation_removal

after 1000

psu_ps_pl_reset_config

catch { psu_protection }
0
targets -set -filter {name =~"*A53*0"}

rst -processor

dow {C:/zcu111_bit/tests/ZCU111/../elf/ipi_app.elf}
Downloading Program -- C:/zcu111_bit/tests/ZCU111/elf/ipi_app.elf
	section, .text: 0x00000000 - 0x0001ecf7
	section, .init: 0x0001ed00 - 0x0001ed33
	section, .fini: 0x0001ed40 - 0x0001ed73
	section, .note.gnu.build-id: 0x0001ed74 - 0x0001ed97
	section, .rodata: 0x0001ed98 - 0x000230d7
	section, .rodata1: 0x000230d8 - 0x000230ff
	section, .sdata2: 0x00023100 - 0x000230ff
	section, .sbss2: 0x00023100 - 0x000230ff
	section, .data: 0x00023100 - 0x000254e7
	section, .data1: 0x000254e8 - 0x000254ff
	section, .ctors: 0x00025500 - 0x000254ff
	section, .dtors: 0x00025500 - 0x000254ff
	section, .eh_frame: 0x00025500 - 0x00025503
	section, .mmu_tbl0: 0x00026000 - 0x0002600f
	section, .mmu_tbl1: 0x00027000 - 0x00028fff
	section, .mmu_tbl2: 0x00029000 - 0x0002cfff
	section, .preinit_array: 0x0002d000 - 0x0002cfff
	section, .init_array: 0x0002d000 - 0x0002d007
	section, .fini_array: 0x0002d008 - 0x0002d047
	section, .sdata: 0x0002d048 - 0x0002d07f
	section, .sbss: 0x0002d080 - 0x0002d07f
	section, .tdata: 0x0002d080 - 0x0002d07f
	section, .tbss: 0x0002d080 - 0x0002d07f
	section, .bss: 0x0002d080 - 0x0003263f
	section, .heap: 0x00032640 - 0x0003463f
	section, .stack: 0x00034640 - 0x0003763f
  0%    0MB   0.0MB/s  ??:?? ETA 53%    0MB   0.1MB/s  ??:?? ETA100%    0MB   0.2MB/s  00:01    
Setting PC to Program Start Address 0x00000000
Successfully downloaded C:/zcu111_bit/tests/ZCU111/elf/ipi_app.elf

targets -set -filter {name =~"*A53*0"}

con

after 2000
***********************************************************
***********************************************************
** Zynq UltraScale+ MPSoC ZCU111 Evaluation Kit IPI Test **
***********************************************************
***********************************************************

Choose Feature to Test:
1: UART Test
2: LED Test
3: IIC Test
5: TIMER/SCUGIC Test
7: SWITCH Test
8: PS DDR4 External Memory Test
9: DDR4 External Memory Test
A: BRAM Internal Memory Test
B: BUTTON Test
C: Clocking Test
D: PMOD Test
E: PS Pushbutton Test
F: PS LED Test
G: System Monitor Test
H: ETHERNET Loopback Test
0: Exit

disconnect

step finished 

Entering step: 2


Info: This step started at: 2018-06-13 20:36:04
Writing: '33'
3

*************************************************************
** ZCU111 EEPROM IIC EEPROM Test
*************************************************************
Calling iic_read

Reading EEPROM data from EEPROM

ReadBuffer[00] = 0xFF
ReadBuffer[01] = 0xFF
ReadBuffer[02] = 0xFF
ReadBuffer[03] = 0xFF
ReadBuffer[04] = 0xFF
ReadBuffer[05] = 0xFF
ReadBuffer[06] = 0xFF
ReadBuffer[07] = 0xFF
ReadBuffer[08] = 0xFF
ReadBuffer[09] = 0xFF
ReadBuffer[10] = 0xFF
ReadBuffer[11] = 0xFF
ReadBuffer[12] = 0xFF
ReadBuffer[13] = 0xFF
ReadBuffer[14] = 0xFF
ReadBuffer[15] = 0xFF


ZCU111 EEPROM IIC EEPROM Test PASSED

*************************************************************
** ZCU111 USER Si570 IIC EEPROM Test
*************************************************************
Calling iic_read

Reading EEPROM data from USER Si570

ReadBuffer[00] = 0xA0
ReadBuffer[01] = 0x42
ReadBuffer[02] = 0xF4
ReadBuffer[03] = 0x00
ReadBuffer[04] = 0x54
ReadBuffer[05] = 0x87
ReadBuffer[06] = 0x07
ReadBuffer[07] = 0xC2
ReadBuffer[08] = 0xC0
ReadBuffer[09] = 0x00
ReadBuffer[10] = 0x00
ReadBuffer[11] = 0x00
ReadBuffer[12] = 0x00
ReadBuffer[13] = 0xC2
ReadBuffer[14] = 0xC0
ReadBuffer[15] = 0x00


ZCU111 USER Si570 IIC EEPROM Test PASSED

*************************************************************
** ZCU111 MGT Si570 IIC EEPROM Test
*************************************************************
Calling iic_read

Reading EEPROM data from MGT Si570

ReadBuffer[00] = 0xA0
ReadBuffer[01] = 0xC2
ReadBuffer[02] = 0xEC
ReadBuffer[03] = 0x70
ReadBuffer[04] = 0x78
ReadBuffer[05] = 0x2F
ReadBuffer[06] = 0x07
ReadBuffer[07] = 0xC2
ReadBuffer[08] = 0xC0
ReadBuffer[09] = 0x00
ReadBuffer[10] = 0x00
