Board: ZCU111
Serial Number: 0000-0000
Mac Address: 01:02:03:04:05:06


Info: Ethernet, SD, USB, SATA Test test started...

Info: The test will take 0 hours, 03 minutes, and 58 seconds. 0:03:58

Entering step: 0


Info: This step started at: 2018-02-26 16:04:58

Entering step: 1


Info: This step started at: 2018-02-26 16:04:58

User has confirmed: "Insert SD card with contents of SATA_SD folder.
Connect USB3 thumbdrive and SATA drive. Cycle ZCU102 Board Power and then click OK"

step finished 

Entering step: 2


Info: This step started at: 2018-02-26 16:05:02

C:\zcu111_bit\tests\ZCU111>cd bat\ 

C:\zcu111_bit\tests\ZCU111\bat>ezoutlet.exe reset 192.168.0.12 
step finished 

Entering step: 3


Info: This step started at: 2018-02-26 16:05:06
Xilinx Zynq MP First Stage Boot Loader 
Release 2018.1   Feb 13 2018  -  19:23:52
PMU Firmware 2018.1	Nov  8 2017   12:23:17
NOTICE:  ATF running on XCZUUNKN/silicon v4/RTL5.1 at 0xfffea000, with PMU firmware
NOTICE:  BL31: Secure code at 0x0
NOTICE:  BL31: Non secure code at 0x8000000
NOTICE:  BL31: v1.3(release):70dfdb8
NOTICE:  BL31: Built : 15:23:49, Apr  4 2017


U-Boot 2017.01 (Apr 04 2017 - 21:00:34 +0530) Xilinx ZynqMP ZCU102

I2C:   ready
DRAM:  2 GiB
EL Level:	EL2
Chip ID:	xczuunknown
MMC:   sdhci@ff170000: 0 (SD)
SF: Detected mt25qu02g with page size 512 Bytes, erase size 128 KiB, total 512 MiB
*** Warning - bad CRC, using default environment

In:    serial
Out:   serial
Err:   serial
Bootmode: LVL_SHFT_SD_MODE1
Net:   ZYNQ GEM: ff0e0000, phyaddr c, interface rgmii-id
eth0: ethernet@ff0e0000
U-BOOT for xilinx-zcu102-2017_1

ethernet@ff0e0000 Waiting for PHY auto negotiation to complete........ done
BOOTP broadcast 1
BOOTP broadcast 2
BOOTP broadcast 3
BOOTP broadcast 4
BOOTP broadcast 5
BOOTP broadcast 6
BOOTP broadcast 7
BOOTP broadcast 8

****** Vivado v2017.4 (64-bit)
  **** SW Build 2086221 on Fri Dec 15 20:55:39 MST 2017
  **** IP Build 2085800 on Fri Dec 15 22:25:07 MST 2017
    ** Copyright 1986-2017 Xilinx, Inc. All Rights Reserved.

source {tcl\five_second_delay.tcl}
# after 5000
BOOTP broadcast 9
BOOTP broadcast 10
BOOTP broadcast 11
INFO: [Common 17-206] Exiting Vivado at Mon Feb 26 16:05:30 2018...
step finished 

Entering step: 4


Info: This step started at: 2018-02-26 16:05:30
Writing: '\n'
BOOTP broadcast 12
BOOTP broadcast 13
BOOTP broadcast 14

Entering step: 5


Info: This step started at: 2018-02-26 16:05:35
Writing: '\n'
BOOTP broadcast 15
BOOTP broadcast 16

Entering step: 6


Info: This step started at: 2018-02-26 16:05:40
BOOTP broadcast 17

Retry time exceeded
Hit any key to stop autoboot:  4  3  2  1  0 
Device: sdhci@ff170000
Manufacturer ID: 3
OEM: 5344
Name: SS08G 
Tran Speed: 50000000
Rd Block Len: 512
SD version 3.0
High Capacity: Yes
Capacity: 7.4 GiB
Bus Width: 4-bit
Erase Group Size: 512 Bytes
reading image.ub
33714468 bytes read in 2198 ms (14.6 MiB/s)
## Loading kernel from FIT Image at 10000000 ...
   Using 'conf@1' configuration
   Trying 'kernel@0' kernel subimage
     Description:  Linux Kernel
     Type:         Kernel Image
     Compression:  uncompressed
     Data Start:   0x100000d8
     Data Size:    33677824 Bytes = 32.1 MiB
     Architecture: AArch64
     OS:           Linux
     Load Address: 0x00080000
     Entry Point:  0x00080000
     Hash algo:    sha1
     Hash value:   0e1b82468969f68b394e50300a473684c60a0f3b
   Verifying Hash Integrity ... sha1+ OK
## Loading fdt from FIT Image at 10000000 ...
   Using 'conf@1' configuration
   Trying 'fdt@0' fdt subimage
     Description:  Flattened Device Tree blob
     Type:         Flat Device Tree
     Compression:  uncompressed
     Data Start:   0x1201e3d0
     Data Size:    35337 Bytes = 34.5 KiB
     Architecture: AArch64
     Hash algo:    sha1
     Hash value:   b9878704d59ae99a61f33439be5236247437046c
   Verifying Hash Integrity ... sha1+ OK
   Booting using the fdt blob at 0x1201e3d0
   Loading Kernel Image ... OK
   Loading Device Tree to 0000000007ff4000, end 0000000007fffa08 ... OK

Starting kernel ...

[    0.000000] Booting Linux on physical CPU 0x0
[    0.000000] Linux version 4.14.0-xilinx-v2018.1 (oe-user@oe-host) (gcc version 7.2.0 (GCC)) #2 SMP Mon Feb 12 16:58:18 MST 2018
[    0.000000] Boot CPU: AArch64 Processor [410fd034]
[    0.000000] Machine model: ZynqMP ZCU111 RevA
[    0.000000] earlycon: cdns0 at MMIO 0x00000000ff000000 (options '115200n8')
[    0.000000] bootconsole [cdns0] enabled
[    0.000000] efi: Getting EFI parameters from FDT:
[    0.000000] efi: UEFI not found.
[    0.000000] cma: Reserved 256 MiB at 0x0000000070000000
[    0.000000] psci: probing for conduit method from DT.
[    0.000000] psci: PSCIv1.0 detected in firmware.
[    0.000000] psci: Using standard PSCI v0.2 function IDs
[    0.000000] psci: MIGRATE_INFO_TYPE not supported.
[    0.000000] percpu: Embedded 21 pages/cpu @ffffffc06ff6c000 s46488 r8192 d31336 u86016
[    0.000000] Detected VIPT I-cache on CPU0
[    0.000000] CPU features: enabling workaround for ARM erratum 845719
[    0.000000] Built 1 zonelists, mobility grouping on.  Total pages: 517120
[    0.000000] Kernel command line: earlycon clk_ignore_unused
[    0.000000] PID hash table entries: 4096 (order: 3, 32768 bytes)
[    0.000000] Dentry cache hash table entries: 262144 (order: 9, 2097152 bytes)
[    0.000000] Inode-cache hash table entries: 131072 (order: 8, 1048576 bytes)
[    0.000000] Memory: 1769328K/2097152K available (9788K kernel code, 632K rwdata, 2944K rodata, 19456K init, 370K bss, 65680K reserved, 262144K cma-reserved)
[    0.000000] Virtual kernel memory layout:
[    0.000000]     modules : 0xffffff8000000000 - 0xffffff8008000000   (   128 MB)
[    0.000000]     vmalloc : 0xffffff8008000000 - 0xffffffbebfff0000   (   250 GB)
[    0.000000]       .text : 0xffffff8008080000 - 0xffffff8008a10000   (  9792 KB)
[    0.000000]     .rodata : 0xffffff8008a10000 - 0xffffff8008d00000   (  3008 KB)
[    0.000000]       .init : 0xffffff8008d00000 - 0xffffff800a000000   ( 19456 KB)
[    0.000000]       .data : 0xffffff800a000000 - 0xffffff800a09e200   (   633 KB)
[    0.000000]        .bss : 0xffffff800a09e200 - 0xffffff800a0faa30   (   371 KB)
[    0.000000]     fixed   : 0xffffffbefe7fd000 - 0xffffffbefec00000   (  4108 KB)
[    0.000000]     PCI I/O : 0xffffffbefee00000 - 0xffffffbeffe00000   (    16 MB)
[    0.000000]     vmemmap : 0xffffffbf00000000 - 0xffffffc000000000   (     4 GB maximum)
[    0.000000]               0xffffffbf00000000 - 0xffffffbf01c00000   (    28 MB actual)
[    0.000000]     memory  : 0xffffffc000000000 - 0xffffffc080000000   (  2048 MB)
[    0.000000] Hierarchical RCU implementation.
[    0.000000] 	RCU event tracing is enabled.
[    0.000000] 	RCU restricting CPUs from NR_CPUS=8 to nr_cpu_ids=4.
[    0.000000] RCU: Adjusting geometry for rcu_fanout_leaf=16, nr_cpu_ids=4
[    0.000000] NR_IRQS: 64, nr_irqs: 64, preallocated irqs: 0
[    0.000000] GIC: Adjusting CPU interface base to 0x00000000f902f000
[    0.000000] GIC: Using split EOI/Deactivate mode
[    0.000000] arch_timer: cp15 timer(s) running at 99.99MHz (phys).
[    0.000000] clocksource: arch_sys_counter: mask: 0xffffffffffffff max_cycles: 0x171015c90f, max_idle_ns: 440795203080 ns
[    0.000003] sched_clock: 56 bits at 99MHz, resolution 10ns, wraps every 4398046511101ns
[    0.008291] Console: colour dummy device 80x25
[    0.012549] console [tty0] enabled
[    0.015916] bootconsole [cdns0] disabled
[    0.000000] Booting Linux on physical CPU 0x0
[    0.000000] Linux version 4.14.0-xilinx-v2018.1 (oe-user@oe-host) (gcc version 7.2.0 (GCC)) #2 SMP Mon Feb 12 16:58:18 MST 2018
[    0.000000] Boot CPU: AArch64 Processor [410fd034]
[    0.000000] Machine model: ZynqMP ZCU111 RevA
[    0.000000] earlycon: cdns0 at MMIO 0x00000000ff000000 (options '115200n8')
[    0.000000] bootconsole [cdns0] enabled
[    0.000000] efi: Getting EFI parameters from FDT:
[    0.000000] efi: UEFI not found.
[    0.000000] cma: Reserved 256 MiB at 0x0000000070000000
[    0.000000] psci: probing for conduit method from DT.
[    0.000000] psci: PSCIv1.0 detected in firmware.
[    0.000000] psci: Using standard PSCI v0.2 function IDs
[    0.000000] psci: MIGRATE_INFO_TYPE not supported.
[    0.000000] percpu: Embedded 21 pages/cpu @ffffffc06ff6c000 s46488 r8192 d31336 u86016
[    0.000000] Detected VIPT I-cache on CPU0
[    0.000000] CPU features: enabling workaround for ARM erratum 845719
[    0.000000] Built 1 zonelists, mobility grouping on.  Total pages: 517120
[    0.000000] Kernel command line: earlycon clk_ignore_unused
[    0.000000] PID hash table entries: 4096 (order: 3, 32768 bytes)
[    0.000000] Dentry cache hash table entries: 262144 (order: 9, 2097152 bytes)
[    0.000000] Inode-cache hash table entries: 131072 (order: 8, 1048576 bytes)
[    0.000000] Memory: 1769328K/2097152K available (9788K kernel code, 632K rwdata, 2944K rodata, 19456K init, 370K bss, 65680K reserved, 262144K cma-reserved)
[    0.000000] Virtual kernel memory layout:
[    0.000000]     modules : 0xffffff8000000000 - 0xffffff8008000000   (   128 MB)
[    0.000000]     vmalloc : 0xffffff8008000000 - 0xffffffbebfff0000   (   250 GB)
[    0.000000]       .text : 0xffffff8008080000 - 0xffffff8008a10000   (  9792 KB)
[    0.000000]     .rodata : 0xffffff8008a10000 - 0xffffff8008d00000   (  3008 KB)
[    0.000000]       .init : 0xffffff8008d00000 - 0xffffff800a000000   ( 19456 KB)
[    0.000000]       .data : 0xffffff800a000000 - 0xffffff800a09e200   (   633 KB)
[    0.000000]        .bss : 0xffffff800a09e200 - 0xffffff800a0faa30   (   371 KB)
[    0.000000]     fixed   : 0xffffffbefe7fd000 - 0xffffffbefec00000   (  4108 KB)
[    0.000000]     PCI I/O : 0xffffffbefee00000 - 0xffffffbeffe00000   (    16 MB)
[    0.000000]     vmemmap : 0xffffffbf00000000 - 0xffffffc000000000   (     4 GB maximum)
[    0.000000]               0xffffffbf00000000 - 0xffffffbf01c00000   (    28 MB actual)
[    0.000000]     memory  : 0xffffffc000000000 - 0xffffffc080000000   (  2048 MB)
[    0.000000] Hierarchical RCU implementation.
[    0.000000] 	RCU event tracing is enabled.
[    0.000000] 	RCU restricting CPUs from NR_CPUS=8 to nr_cpu_ids=4.
[    0.000000] RCU: Adjusting geometry for rcu_fanout_leaf=16, nr_cpu_ids=4
[    0.000000] NR_IRQS: 64, nr_irqs: 64, preallocated irqs: 0
[    0.000000] GIC: Adjusting CPU interface base to 0x00000000f902f000
[    0.000000] GIC: Using split EOI/Deactivate mode
[    0.000000] arch_timer: cp15 timer(s) running at 99.99MHz (phys).
[    0.000000] clocksource: arch_sys_counter: mask: 0xffffffffffffff max_cycles: 0x171015c90f, max_idle_ns: 440795203080 ns
[    0.000003] sched_clock: 56 bits at 99MHz, resolution 10ns, wraps every 4398046511101ns
[    0.008291] Console: colour dummy device 80x25
[    0.012549] console [tty0] enabled
[    0.015916] bootconsole [cdns0] disabled
[    0.019825] Calibrating delay loop (skipped), value calculated using timer frequency.. 199.99 BogoMIPS (lpj=399996)
[    0.019838] pid_max: default: 32768 minimum: 301
[    0.019940] Mount-cache hash table entries: 4096 (order: 3, 32768 bytes)
[    0.019954] Mountpoint-cache hash table entries: 4096 (order: 3, 32768 bytes)
[    0.020554] ASID allocator initialised with 65536 entries
[    0.020607] Hierarchical SRCU implementation.
[    0.020882] zynqmp_plat_init Power management API v0.3
[    0.020958] EFI services will not be available.
[    0.021024] zynqmp_plat_init: pm node not found
[    0.021126] smp: Bringing up secondary CPUs ...
[    0.163744] Detected VIPT I-cache on CPU1
[    0.163772] CPU1: Booted secondary processor [410fd034]
[    0.275261] Detected VIPT I-cache on CPU2
[    0.275279] CPU2: Booted secondary processor [410fd034]
[    0.403519] Detected VIPT I-cache on CPU3
[    0.403537] CPU3: Booted secondary processor [410fd034]
[    0.403579] smp: Brought up 1 node, 4 CPUs
[    0.403611] SMP: Total of 4 processors activated.
[    0.403619] CPU features: detected feature: 32-bit EL0 Support
[    0.403629] CPU: All CPU(s) started at EL2
[    0.403645] alternatives: patching kernel code
[    0.404331] devtmpfs: initialized
[    0.408393] random: get_random_u32 called from bucket_table_alloc+0x108/0x260 with crng_init=0
[    0.408549] clocksource: jiffies: mask: 0xffffffff max_cycles: 0xffffffff, max_idle_ns: 7645041785100000 ns
[    0.408568] futex hash table entries: 1024 (order: 5, 131072 bytes)
[    0.413476] xor: measuring software checksum speed
[    0.452139]    8regs     :  2303.000 MB/sec
[    0.492168]    8regs_prefetch:  2053.000 MB/sec
[    0.532198]    32regs    :  2830.000 MB/sec
[    0.572227]    32regs_prefetch:  2381.000 MB/sec
[    0.572235] xor: using function: 32regs (2830.000 MB/sec)
[    0.572305] pinctrl core: initialized pinctrl subsystem
[    0.572532] random: fast init done
[    0.572818] NET: Registered protocol family 16
[    0.573350] cpuidle: using governor menu
[    0.573778] vdso: 2 pages (1 code @ ffffff8008a16000, 1 data @ ffffff800a004000)
[    0.573794] hw-breakpoint: found 6 breakpoint and 4 watchpoint registers.
[    0.574306] DMA: preallocated 256 KiB pool for atomic allocations
[    0.584420] reset_zynqmp reset-controller: Xilinx zynqmp reset driver probed
[    0.585118] ARM CCI_400_r1 PMU driver probed
[    0.587230] pinctrl-zynqmp ff180000.pinctrl: zynqmp pinctrl initialized
[    0.594434] HugeTLB registered 2.00 MiB page size, pre-allocated 0 pages
[    0.660325] raid6: int64x1  gen()   400 MB/s
[    0.728374] raid6: int64x1  xor()   446 MB/s
[    0.796445] raid6: int64x2  gen()   686 MB/s
[    0.864471] raid6: int64x2  xor()   603 MB/s
[    0.932548] raid6: int64x4  gen()  1042 MB/s
[    1.000569] raid6: int64x4  xor()   742 MB/s
[    1.068636] raid6: int64x8  gen()   980 MB/s
[    1.136663] raid6: int64x8  xor()   745 MB/s
[    1.204749] raid6: neonx1   gen()   726 MB/s
[    1.272743] raid6: neonx1   xor()   853 MB/s
[    1.340825] raid6: neonx2   gen()  1168 MB/s
[    1.408843] raid6: neonx2   xor()  1208 MB/s
[    1.476877] raid6: neonx4   gen()  1506 MB/s
[    1.544929] raid6: neonx4   xor()  1442 MB/s
[    1.612996] raid6: neonx8   gen()  1652 MB/s
[    1.681028] raid6: neonx8   xor()  1533 MB/s
[    1.681035] raid6: using algorithm neonx8 gen() 1652 MB/s
[    1.681043] raid6: .... xor() 1533 MB/s, rmw enabled
[    1.681050] raid6: using neon recovery algorithm
[    1.682423] SCSI subsystem initialized
[    1.682586] usbcore: registered new interface driver usbfs
[    1.682625] usbcore: registered new interface driver hub
[    1.682662] usbcore: registered new device driver usb
[    1.682722] media: Linux media interface: v0.10
[    1.682749] Linux video capture interface: v2.00
[    1.682787] pps_core: LinuxPPS API ver. 1 registered
[    1.682796] pps_core: Software ver. 5.3.6 - Copyright 2005-2007 Rodolfo Giometti <giometti@linux.it>
[    1.682815] PTP clock support registered
[    1.682839] EDAC MC: Ver: 3.0.0
[    1.683058] FPGA manager framework
[    1.683178] fpga-region fpga-full: FPGA Region probed
[    1.683269] Advanced Linux Sound Architecture Driver Initialized.
[    1.683518] Bluetooth: Core ver 2.22
[    1.683547] NET: Registered protocol family 31
[    1.683555] Bluetooth: HCI device and connection manager initialized
[    1.683567] Bluetooth: HCI socket layer initialized
[    1.683577] Bluetooth: L2CAP socket layer initialized
[    1.683594] Bluetooth: SCO socket layer initialized
[    1.684078] clocksource: Switched to clocksource arch_sys_counter
[    1.684150] VFS: Disk quotas dquot_6.6.0
[    1.684197] VFS: Dquot-cache hash table entries: 512 (order 0, 4096 bytes)
[    1.688143] NET: Registered protocol family 2
[    1.688433] TCP established hash table entries: 16384 (order: 5, 131072 bytes)
[    1.688546] TCP bind hash table entries: 16384 (order: 6, 262144 bytes)
[    1.688755] TCP: Hash tables configured (established 16384 bind 16384)
[    1.688823] UDP hash table entries: 1024 (order: 3, 32768 bytes)
[    1.688867] UDP-Lite hash table entries: 1024 (order: 3, 32768 bytes)
[    1.688988] NET: Registered protocol family 1
[    1.689236] RPC: Registered named UNIX socket transport module.
[    1.689245] RPC: Registered udp transport module.
[    1.689252] RPC: Registered tcp transport module.
[    1.689259] RPC: Registered tcp NFSv4.1 backchannel transport module.
[    1.761109] hw perfevents: no interrupt-affinity property for /pmu, guessing.
[    1.761273] hw perfevents: enabled with armv8_pmuv3 PMU driver, 7 counters available
[    1.761896] audit: initializing netlink subsys (disabled)
[    1.761979] audit: type=2000 audit(1.748:1): state=initialized audit_enabled=0 res=1
[    1.762292] workingset: timestamp_bits=62 max_order=19 bucket_order=0
[    1.762971] NFS: Registering the id_resolver key type
[    1.762992] Key type id_resolver registered
[    1.762999] Key type id_legacy registered
[    1.763011] nfs4filelayout_init: NFSv4 File Layout Driver Registering...
[    1.763033] jffs2: version 2.2. (NAND) (SUMMARY)  Â© 2001-2006 Red Hat, Inc.
[    1.789683] Block layer SCSI generic (bsg) driver version 0.4 loaded (major 246)
[    1.789703] io scheduler noop registered
[    1.789711] io scheduler deadline registered
[    1.789732] io scheduler cfq registered (default)
[    1.789740] io scheduler mq-deadline registered
[    1.789748] io scheduler kyber registered
[    1.790888] xilinx-dpdma fd4c0000.dma: Xilinx DPDMA engine is probed
[    1.791292] xilinx-zynqmp-dma fd500000.dma: ZynqMP DMA driver Probe success
[    1.791449] xilinx-zynqmp-dma fd510000.dma: ZynqMP DMA driver Probe success
[    1.791601] xilinx-zynqmp-dma fd520000.dma: ZynqMP DMA driver Probe success
[    1.791753] xilinx-zynqmp-dma fd530000.dma: ZynqMP DMA driver Probe success
[    1.791905] xilinx-zynqmp-dma fd540000.dma: ZynqMP DMA driver Probe success
[    1.792061] xilinx-zynqmp-dma fd550000.dma: ZynqMP DMA driver Probe success
[    1.792229] xilinx-zynqmp-dma fd560000.dma: ZynqMP DMA driver Probe success
[    1.792391] xilinx-zynqmp-dma fd570000.dma: ZynqMP DMA driver Probe success
[    1.792561] zynqmp_pm firmware: Power management API v0.3
[    1.818884] Serial: 8250/16550 driver, 4 ports, IRQ sharing disabled
[    1.820329] [drm] load() is defered & will be called again
[    1.820658] xilinx-drm-dp-sub fd4aa000.dp_sub: Xilinx DisplayPort Subsystem is probed
[    1.820950] cacheinfo: Unable to detect cache hierarchy for CPU 0
[    1.825034] brd: module loaded
[    1.828364] loop: module loaded
[    1.829020] ahci-ceva fd0c0000.ahci: couldn't get PHY in node ahci: -517
[    1.829146] mtdoops: mtd device (mtddev=name/number) must be supplied
[    1.829902] m25p80 spi0.0: found mt25ul02g, expected m25p80
[    1.830125] m25p80 spi0.0: mt25ul02g (524288 Kbytes)
[    1.830149] 4 ofpart partitions found on MTD device spi0.0
[    1.830158] Creating 4 MTD partitions on "spi0.0":
[    1.830170] 0x000000000000-0x000000100000 : "qspi-fsbl-uboot"
[    1.830607] 0x000000100000-0x000000600000 : "qspi-linux"
[    1.830979] 0x000000600000-0x000000620000 : "qspi-device-tree"
[    1.831357] 0x000000620000-0x000000c00000 : "qspi-rootfs"
[    1.832588] libphy: Fixed MDIO Bus: probed
[    1.833537] tun: Universal TUN/TAP device driver, 1.6
[    1.833684] CAN device driver interface
[    1.835178] macb ff0e0000.ethernet: Not enabling partial store and forward
[    1.835607] libphy: MACB_mii_bus: probed
[    1.838837] macb ff0e0000.ethernet eth0: Cadence GEM rev 0x50070106 at 0xff0e0000 irq 22 (00:0a:35:00:22:01)
[    1.838856] TI DP83867 ff0e0000.ethernet-ffffffff:0c: attached PHY driver [TI DP83867] (mii_bus:phy_addr=ff0e0000.ethernet-ffffffff:0c, irq=POLL)
[    1.839320] usbcore: registered new interface driver asix
[    1.839371] usbcore: registered new interface driver ax88179_178a
[    1.839401] usbcore: registered new interface driver cdc_ether
[    1.839434] usbcore: registered new interface driver net1080
[    1.839463] usbcore: registered new interface driver cdc_subset
[    1.839492] usbcore: registered new interface driver zaurus
[    1.839530] usbcore: registered new interface driver cdc_ncm
[    1.840945] ehci_hcd: USB 2.0 'Enhanced' Host Controller (EHCI) Driver
[    1.840955] ehci-pci: EHCI PCI platform driver
[    1.841163] usbcore: registered new interface driver uas
[    1.841202] usbcore: registered new interface driver usb-storage
[    1.841766] rtc_zynqmp ffa60000.rtc: rtc core: registered ffa60000.rtc as rtc0
[    1.841818] i2c /dev entries driver
[    1.842842] IR NEC protocol handler initialized
[    1.842851] IR RC5(x/sz) protocol handler initialized
[    1.842859] IR RC6 protocol handler initialized
[    1.842866] IR JVC protocol handler initialized
[    1.842872] IR Sony protocol handler initialized
[    1.842879] IR SANYO protocol handler initialized
[    1.842886] IR Sharp protocol handler initialized
[    1.842893] IR MCE Keyboard/mouse protocol handler initialized
[    1.842900] IR XMP protocol handler initialized
[    1.843475] usbcore: registered new interface driver uvcvideo
[    1.843484] USB Video Class driver (1.1.1)
[    1.843807] Bluetooth: HCI UART driver ver 2.3
[    1.843817] Bluetooth: HCI UART protocol H4 registered
[    1.843825] Bluetooth: HCI UART protocol BCSP registered
[    1.843833] Bluetooth: HCI UART protocol ATH3K registered
[    1.843840] Bluetooth: HCI UART protocol Three-wire (H5) registered
[    1.843880] Bluetooth: HCI UART protocol Intel registered
[    1.843888] Bluetooth: HCI UART protocol QCA registered
[    1.843924] usbcore: registered new interface driver bcm203x
[    1.843956] usbcore: registered new interface driver bpa10x
[    1.843990] usbcore: registered new interface driver bfusb
[    1.844024] usbcore: registered new interface driver btusb
[    1.844033] Bluetooth: Generic Bluetooth SDIO driver ver 0.1
[    1.844097] usbcore: registered new interface driver ath3k
[    1.844219] EDAC MC: ECC not enabled
[    1.844422] EDAC DEVICE0: Giving out device to module zynqmp-ocm-edac controller zynqmp_ocm: DEV ff960000.memory-controller (INTERRUPT)
[    1.845041] sdhci: Secure Digital Host Controller Interface driver
[    1.845051] sdhci: Copyright(c) Pierre Ossman
[    1.845058] sdhci-pltfm: SDHCI platform and OF driver helper
[    1.846402] ledtrig-cpu: registered to indicate activity on CPUs
[    1.846525] usbcore: registered new interface driver usbhid
[    1.846534] usbhid: USB HID core driver
[    1.847000] fpga_manager fpga0: Xilinx ZynqMP FPGA Manager registered
[    1.847469] xilinx-dp-snd-pcm dp_snd_pcm0: Xilinx DisplayPort Sound PCM probed
[    1.847526] xilinx-dp-snd-pcm dp_snd_pcm1: Xilinx DisplayPort Sound PCM probed
[    1.847714] PLL: shutdown
[    1.848618] Write failed to divider address:fd1a007c
[    1.848771] PLL: enable
[    1.848944] xilinx-dp-snd-codec dp_snd_codec0: Xilinx DisplayPort Sound Codec probed
[    1.849533] xilinx-dp-snd-card dp_snd_card: xilinx-dp-snd-codec-dai <-> xilinx-dp-snd-codec-dai mapping ok
[    1.849652] xilinx-dp-snd-card dp_snd_card: xilinx-dp-snd-codec-dai <-> xilinx-dp-snd-codec-dai mapping ok
[    1.850020] xilinx-dp-snd-card dp_snd_card: Xilinx DisplayPort Sound Card probed
[    1.850119] pktgen: Packet Generator for packet performance testing. Version: 2.75
[    1.850314] Netfilter messages via NETLINK v0.30.
[    1.850428] ip_tables: (C) 2000-2006 Netfilter Core Team
[    1.850545] Initializing XFRM netlink socket
[    1.850607] NET: Registered protocol family 10
[    1.851014] Segment Routing with IPv6
[    1.851056] ip6_tables: (C) 2000-2006 Netfilter Core Team
[    1.851167] sit: IPv6, IPv4 and MPLS over IPv4 tunneling driver
[    1.851475] NET: Registered protocol family 17
[    1.851491] NET: Registered protocol family 15
[    1.851510] bridge: filtering via arp/ip/ip6tables is no longer available by default. Update your scripts to load br_netfilter if you need this.
[    1.851523] Ebtables v2.0 registered
[    1.851601] can: controller area network core (rev 20170425 abi 9)
[    1.851634] NET: Registered protocol family 29
[    1.851642] can: raw protocol (rev 20170425)
[    1.851650] can: broadcast manager protocol (rev 20170425 t)
[    1.851660] can: netlink gateway (rev 20170425) max_hops=1
[    1.851712] Bluetooth: RFCOMM TTY layer initialized
[    1.851724] Bluetooth: RFCOMM socket layer initialized
[    1.851738] Bluetooth: RFCOMM ver 1.11
[    1.851749] Bluetooth: BNEP (Ethernet Emulation) ver 1.3
[    1.851756] Bluetooth: BNEP filters: protocol multicast
[    1.851767] Bluetooth: BNEP socket layer initialized
[    1.851776] Bluetooth: HIDP (Human Interface Emulation) ver 1.2
[    1.851786] Bluetooth: HIDP socket layer initialized
[    1.851892] 9pnet: Installing 9P2000 support
[    1.851913] Key type dns_resolver registered
[    1.852537] registered taskstats version 1
[    1.852867] Btrfs loaded, crc32c=crc32c-generic
[    1.858159] ff000000.serial: ttyPS0 at MMIO 0xff000000 (irq = 32, base_baud = 6249999) is a xuartps
[    3.398000] console [ttyPS0] enabled
[    3.403219] PLL: shutdown
[    3.405878] [drm] load() is defered & will be called again
[    3.411744] xilinx-psgtr fd400000.zynqmp_phy: Lane:1 type:8 protocol:4 pll_locked:yes
[    3.419719] xilinx-drm-dp fd4a0000.dp: device found, version 4.010
[    3.425819] xilinx-drm-dp fd4a0000.dp: Display Port, version 1.0200 (tx)
[    3.432788] xilinx-psgtr fd400000.zynqmp_phy: Lane:3 type:3 protocol:2 pll_locked:yes
[    3.440594] ahci-ceva fd0c0000.ahci: AHCI 0001.0301 32 slots 2 ports 6 Gbps 0x3 impl platform mode
[    3.449484] ahci-ceva fd0c0000.ahci: flags: 64bit ncq sntf pm clo only pmp fbs pio slum part ccc sds apst 
[    3.459871] scsi host0: ahci-ceva
[    3.463312] scsi host1: ahci-ceva
[    3.466656] ata1: SATA max UDMA/133 mmio [mem 0xfd0c0000-0xfd0c1fff] port 0x100 irq 30
[    3.474495] ata2: SATA max UDMA/133 mmio [mem 0xfd0c0000-0xfd0c1fff] port 0x180 irq 30
[    3.484033] xilinx-psgtr fd400000.zynqmp_phy: Lane:2 type:0 protocol:3 pll_locked:yes
[    3.512237] xhci-hcd xhci-hcd.0.auto: xHCI Host Controller
[    3.517654] xhci-hcd xhci-hcd.0.auto: new USB bus registered, assigned bus number 1
[    3.525482] xhci-hcd xhci-hcd.0.auto: hcc params 0x0238f625 hci version 0x100 quirks 0x22010010
[    3.534123] xhci-hcd xhci-hcd.0.auto: irq 35, io mem 0xfe200000
[    3.540120] usb usb1: New USB device found, idVendor=1d6b, idProduct=0002
[    3.546825] usb usb1: New USB device strings: Mfr=3, Product=2, SerialNumber=1
[    3.554029] usb usb1: Product: xHCI Host Controller
[    3.558887] usb usb1: Manufacturer: Linux 4.14.0-xilinx-v2018.1 xhci-hcd
[    3.565574] usb usb1: SerialNumber: xhci-hcd.0.auto
[    3.570696] hub 1-0:1.0: USB hub found
[    3.574383] hub 1-0:1.0: 1 port detected
[    3.578440] xhci-hcd xhci-hcd.0.auto: xHCI Host Controller
[    3.583849] xhci-hcd xhci-hcd.0.auto: new USB bus registered, assigned bus number 2
[    3.591526] usb usb2: We don't know the algorithms for LPM for this host, disabling LPM.
[    3.599635] usb usb2: New USB device found, idVendor=1d6b, idProduct=0003
[    3.606344] usb usb2: New USB device strings: Mfr=3, Product=2, SerialNumber=1
[    3.613548] usb usb2: Product: xHCI Host Controller
[    3.618407] usb usb2: Manufacturer: Linux 4.14.0-xilinx-v2018.1 xhci-hcd
[    3.625091] usb usb2: SerialNumber: xhci-hcd.0.auto
[    3.630168] hub 2-0:1.0: USB hub found
[    3.633847] hub 2-0:1.0: 1 port detected
[    3.638720] pca953x 0-0020: 0-0020 supply vcc not found, using dummy regulator
[    3.648742] pca953x 0-0020: interrupt support not compiled in
[    3.655187] ina2xx 3-0040: power monitor ina226 (Rshunt = 2000 uOhm)
[    3.661887] ina2xx 3-0041: power monitor ina226 (Rshunt = 5000 uOhm)
[    3.668576] ina2xx 3-0042: power monitor ina226 (Rshunt = 5000 uOhm)
[    3.675268] ina2xx 3-0043: power monitor ina226 (Rshunt = 5000 uOhm)
[    3.681956] ina2xx 3-0045: power monitor ina226 (Rshunt = 5000 uOhm)
[    3.688654] ina2xx 3-0046: power monitor ina226 (Rshunt = 2000 uOhm)
[    3.695341] ina2xx 3-0047: power monitor ina226 (Rshunt = 5000 uOhm)
[    3.702027] ina2xx 3-0048: power monitor ina226 (Rshunt = 5000 uOhm)
[    3.708719] ina2xx 3-0049: power monitor ina226 (Rshunt = 5000 uOhm)
[    3.715411] ina2xx 3-004a: power monitor ina226 (Rshunt = 5000 uOhm)
[    3.722104] ina2xx 3-004b: power monitor ina226 (Rshunt = 5000 uOhm)
[    3.728790] ina2xx 3-004c: power monitor ina226 (Rshunt = 5000 uOhm)
[    3.735481] ina2xx 3-004d: power monitor ina226 (Rshunt = 5000 uOhm)
[    3.742173] ina2xx 3-004e: power monitor ina226 (Rshunt = 5000 uOhm)
[    3.748475] i2c i2c-0: Added multiplexed i2c bus 3
[    3.753359] i2c i2c-0: Added multiplexed i2c bus 4
[    3.758372] i2c i2c-0: Added multiplexed i2c bus 5
[    3.763200] i2c i2c-0: Added multiplexed i2c bus 6
[    3.767917] pca954x 0-0075: registered 4 multiplexed busses for I2C mux pca9544
[    3.775229] cdns-i2c ff020000.i2c: 400 kHz mmio ff020000 irq 24
[    3.782666] at24 7-0054: 1024 byte 24c08 EEPROM, writable, 1 bytes/write
[    3.789314] i2c i2c-1: Added multiplexed i2c bus 7
[    3.794245] i2c i2c-1: Added multiplexed i2c bus 8
[    3.794266] ata1: SATA link down (SStatus 0 SControl 330)
[    3.806343] si570 9-005d: registered, current frequency 300000000 Hz
[    3.812644] i2c i2c-1: Added multiplexed i2c bus 9
[    3.831308] si570 10-005d: registered, current frequency 148500000 Hz
[    3.837696] i2c i2c-1: Added multiplexed i2c bus 10
[    3.842714] i2c i2c-1: Added multiplexed i2c bus 11
[    3.847692] i2c i2c-1: Added multiplexed i2c bus 12
[    3.852621] i2c i2c-1: Added multiplexed i2c bus 13
[    3.857533] i2c i2c-1: Added multiplexed i2c bus 14
[    3.862331] pca954x 1-0074: registered 8 multiplexed busses for I2C switch pca9548
[    3.870184] i2c i2c-1: Added multiplexed i2c bus 15
[    3.875102] i2c i2c-1: Added multiplexed i2c bus 16
[    3.880016] i2c i2c-1: Added multiplexed i2c bus 17
[    3.885236] i2c i2c-1: Added multiplexed i2c bus 18
[    3.890158] i2c i2c-1: Added multiplexed i2c bus 19
[    3.895083] i2c i2c-1: Added multiplexed i2c bus 20
[    3.899997] i2c i2c-1: Added multiplexed i2c bus 21
[    3.904918] i2c i2c-1: Added multiplexed i2c bus 22
[    3.909714] pca954x 1-0075: registered 8 multiplexed busses for I2C switch pca9548
[    3.917285] cdns-i2c ff030000.i2c: 400 kHz mmio ff030000 irq 25
[    3.956086] ata2: SATA link up 6.0 Gbps (SStatus 133 SControl 330)
[    3.963069] ata2.00: ATA-9: TS128GMTS400, O0918B, max UDMA/133
[    3.968085] mmc0: SDHCI controller on ff170000.sdhci [ff170000.sdhci] using ADMA 64-bit
[    3.968694] PLL: enable
[    3.968878] PLL: shutdown
[    3.968964] OF: graph: no port node found in /xilinx_drm
[    3.968968] [drm] Supports vblank timestamp caching Rev 2 (21.10.2013).
[    3.968969] [drm] No driver support for vblank timestamp query.
[    3.999636] ata2.00: 250069680 sectors, multi 1: LBA48 NCQ (depth 31/32)
[    4.006477] ata2.00: configured for UDMA/133
[    4.009418] mmc0: new high speed SDHC card at address aaaa
[    4.009598] mmcblk0: mmc0:aaaa SS08G 7.40 GiB (ro)
[    4.010667]  mmcblk0: p1
[    4.023591] scsi 1:0:0:0: Direct-Access     ATA      TS128GMTS400     8B   PQ: 0 ANSI: 5
[    4.024053] sd 1:0:0:0: [sda] 250069680 512-byte logical blocks: (128 GB/119 GiB)
[    4.024097] sd 1:0:0:0: [sda] Write Protect is off
[    4.024149] sd 1:0:0:0: [sda] Write cache: enabled, read cache: enabled, doesn't support DPO or FUA
[    4.024300] PLL: enable
[    4.024878]  sda: sda1
[    4.025367] sd 1:0:0:0: [sda] Attached SCSI disk
[    4.073777] Console: switching to colour frame buffer device 240x67
[    4.130668] xilinx-drm xilinx_drm: fb0:  frame buffer device
[    4.136494] [drm] Initialized xilinx_drm 1.0.0 20130509 for xilinx_drm on minor 0
[    4.144850] input: gpio-keys as /devices/platform/gpio-keys/input/input0
[    4.151708] rtc_zynqmp ffa60000.rtc: setting system clock to 2018-02-22 01:38:31 UTC (1519263511)
[    4.160696] clk: Not disabling unused clocks
[    4.164965] ALSA device list:
[    4.167867]   #0: DisplayPort monitor
[    4.171635] PLL: shutdown
[    4.174279] Warning: unable to open an initial console.
[    4.183996] Freeing unused kernel memory: 19456K
[    4.348993] PLL: enable
[    4.396156] PLL: shutdown
[    4.859788] udevd[1788]: starting version 3.2.2
[    4.868910] udevd[1789]: starting eudev-3.2.2
[    4.973218] PLL: enable
[    5.217001] FAT-fs (sda1): Volume was not properly unmounted. Some data may be corrupt. Please run fsck.
[    5.603611] pps pps0: new PPS source ptp0
[    5.607623] macb ff0e0000.ethernet: gem-ptp-timer ptp clock registered.
[    5.614281] IPv6: ADDRCONF(NETDEV_UP): eth0: link is not ready
[    6.632381] macb ff0e0000.ethernet eth0: link up (1000/Full)
[    6.638032] IPv6: ADDRCONF(NETDEV_CHANGE): eth0: link becomes ready

PetaLinux 2018.1 xilinx-zc1751-dc1-2018_1 /dev/ttyPS0

xilinx-zc1751-dc1-2018_1 login: 
Entering step: 7


Info: This step started at: 2018-02-26 16:06:11
Writing: 'root\n'
root
Password: 
Entering step: 8


Info: This step started at: 2018-02-26 16:06:13
Writing: 'root\n'

7[r[999;999H[6n
Entering step: 9


Info: This step started at: 2018-02-26 16:06:15
Writing: '\n'
8root@xilinx-zc1751-dc1-2018_1:~# [   26.729734] PLL: shutdown
[   26.921968] PLL: enable
[   26.961643] PLL: shutdown
[   27.531064] PLL: enable

Entering step: 10


Info: This step started at: 2018-02-26 16:06:20
Writing: 'ifconfig eth0 192.168.1.10\n'
ifconfig eth0 192.168.1.10
root@xilinx-zc1751-dc1-2018_1:~# 
Entering step: 11


Info: This step started at: 2018-02-26 16:06:25
Writing: '\n'

root@xilinx-zc1751-dc1-2018_1:~# 
Entering step: 12


Info: This step started at: 2018-02-26 16:06:30
Writing: 'dmesg | grep -i SuperSpeed\n'
dmesg | grep -i SuperSpeed
root@xilinx-zc1751-dc1-2018_1:~# 
Entering step: 13


Info: This step started at: 2018-02-26 16:06:32
Writing: 'dmesg | grep -i SATA\n'

Entering step: 14


Info: This step started at: 2018-02-26 16:06:34
dmesg | grep -i SATA
[    3.466656] ata1: SATA max UDMA/133 mmio [mem 0xfd0c0000-0xfd0c1fff] port 0x100 irq 30
[    3.474495] ata2: SATA max UDMA/133 mmio [mem 0xfd0c0000-0xfd0c1fff] port 0x180 irq 30
[    3.794266] ata1: SATA link down (SStatus 0 SControl 330)
[    3.956086] ata2: SATA link up 6.0 Gbps (SStatus 133 SControl 330)
root@xilinx-zc1751-dc1-2018_1:~# Writing: 'cd /run/media/mmcblk0p1\n'
cd /run/media/mmcblk0p1
root@xilinx-zc1751-dc1-2018_1:/run/media/mmcblk0p1# 
Entering step: 15


Info: This step started at: 2018-02-26 16:06:36
Writing: './disktest2.sh\n'
./disktest2.sh
SATA Disk Read/Write Test Start
rm: can't remove '/mnt/smartctl': No such file or directory
Disk: Iteration 1
Disk: Iteration 2
Disk: Iteration 3
Disk: Iteration 4
Disk: Iteration 5
Disk: Iteration 6
Disk: Iteration 7
Disk: Iteration 8
Disk: Iteration 9
Disk: Iteration 10
Disk: Iteration 11
Disk: Iteration 12
Disk: Iteration 13
Disk: Iteration 14
Disk: Iteration 15
Disk: Iteration 16
Disk: Iteration 17
Disk: Iteration 18
Disk: Iteration 19
Disk: Iteration 20
Disk: Iteration 21
Disk: Iteration 22
Disk: Iteration 23
Disk: Iteration 24
Disk: Iteration 25
Disk: Iteration 26
Disk: Iteration 27
Disk: Iteration 28
Disk: Iteration 29
Disk: Iteration 30
Disk: Iteration 31
Disk: Iteration 32
Disk: Iteration 33
Disk: Iteration 34
Disk: Iteration 35
Disk: Iteration 36
Disk: Iteration 37
Disk: Iteration 38
Disk: Iteration 39
Disk: Iteration 40
Disk: Iteration 41
Disk: Iteration 42
Disk: Iteration 43
Disk: Iteration 44
Disk: Iteration 45
Disk: Iteration 46
Disk: Iteration 47
Disk: Iteration 48
Disk: Iteration 49
Disk: Iteration 50
Disk: Iteration 51
Disk: Iteration 52
Disk: Iteration 53
Disk: Iteration 54
Disk: Iteration 55
Disk: Iteration 56
Disk: Iteration 57
Disk: Iteration 58
Disk: Iteration 59
Disk: Iteration 60
Disk: Iteration 61
Disk: Iteration 62
Disk: Iteration 63
Disk: Iteration 64
Disk: Iteration 65
Disk: Iteration 66
Disk: Iteration 67
Disk: Iteration 68
Disk: Iteration 69
Disk: Iteration 70
Disk: Iteration 71
Disk: Iteration 72
Disk: Iteration 73
Disk: Iteration 74
Disk: Iteration 75
Disk: Iteration 76
Disk: Iteration 77
Disk: Iteration 78
Disk: Iteration 79
Disk: Iteration 80
Disk: Iteration 81
Disk: Iteration 82
Disk: Iteration 83
Disk: Iteration 84
Disk: Iteration 85
Disk: Iteration 86
Disk: Iteration 87
Disk: Iteration 88
Disk: Iteration 89
Disk: Iteration 90
Disk: Iteration 91
Disk: Iteration 92
Disk: Iteration 93
Disk: Iteration 94
Disk: Iteration 95
Disk: Iteration 96
Disk: Iteration 97
Disk: Iteration 98
Disk: Iteration 99
Disk: Iteration 100
SATA Disk Read/Write Test - PASSED
root@xilinx-zc1751-dc1-2018_1:/run/media/mmcblk0p1# 
Entering step: 16


Info: This step started at: 2018-02-26 16:06:46
Writing: './usbtest2.sh\n'
./usbtest2.sh
USB Disk Read/Write Test Start
cp: can't stat '/run/media/sdb1/smartctl': No such file or directory
diff: can't stat '/run/media/sdb1/smartctl': No such file or directory
File Mismatch Error
rm: can't remove '/mnt/smartctl': No such file or directory
cp: can't stat '/run/media/sdb1/smartctl': No such file or directory
diff: can't stat '/run/media/sdb1/smartctl': No such file or directory
File Mismatch Error
rm: can't remove '/mnt/smartctl': No such file or directory
cp: can't stat '/run/media/sdb1/smartctl': No such file or directory
diff: can't stat '/run/media/sdb1/smartctl': No such file or directory
File Mismatch Error
rm: can't remove '/mnt/smartctl': No such file or directory
cp: can't stat '/run/media/sdb1/smartctl': No such file or directory
diff: can't stat '/run/media/sdb1/smartctl': No such file or directory
File Mismatch Error
rm: can't remove '/mnt/smartctl': No such file or directory
cp: can't stat '/run/media/sdb1/smartctl': No such file or directory
diff: can't stat '/run/media/sdb1/smartctl': No such file or directory
File Mismatch Error
rm: can't remove '/mnt/smartctl': No such file or directory
cp: can't stat '/run/media/sdb1/smartctl': No such file or directory
diff: can't stat '/run/media/sdb1/smartctl': No such file or directory
File Mismatch Error
rm: can't remove '/mnt/smartctl': No such file or directory
cp: can't stat '/run/media/sdb1/smartctl': No such file or directory
diff: can't stat '/run/media/sdb1/smartctl': No such file or directory
File Mismatch Error
rm: can't remove '/mnt/smartctl': No such file or directory
cp: can't stat '/run/media/sdb1/smartctl': No such file or directory
diff: can't stat '/run/media/sdb1/smartctl': No such file or directory
File Mismatch Error
rm: can't remove '/mnt/smartctl': No such file or directory
cp: can't stat '/run/media/sdb1/smartctl': No such file or directory
diff: can't stat '/run/media/sdb1/smartctl': No such file or directory
File Mismatch Error
rm: can't remove '/mnt/smartctl': No such file or directory
cp: can't stat '/run/media/sdb1/smartctl': No such file or directory
diff: can't stat '/run/media/sdb1/smartctl': No such file or directory
File Mismatch Error
rm: can't remove '/mnt/smartctl': No such file or directory
cp: can't stat '/run/media/sdb1/smartctl': No such file or directory
diff: can't stat '/run/media/sdb1/smartctl': No such file or directory
File Mismatch Error
rm: can't remove '/mnt/smartctl': No such file or directory
cp: can't stat '/run/media/sdb1/smartctl': No such file or directory
diff: can't stat '/run/media/sdb1/smartctl': No such file or directory
File Mismatch Error
rm: can't remove '/mnt/smartctl': No such file or directory
cp: can't stat '/run/media/sdb1/smartctl': No such file or directory
diff: can't stat '/run/media/sdb1/smartctl': No such file or directory
File Mismatch Error
rm: can't remove '/mnt/smartctl': No such file or directory
cp: can't stat '/run/media/sdb1/smartctl': No such file or directory
diff: can't stat '/run/media/sdb1/smartctl': No such file or directory
File Mismatch Error
rm: can't remove '/mnt/smartctl': No such file or directory
cp: can't stat '/run/media/sdb1/smartctl': No such file or directory
diff: can't stat '/run/media/sdb1/smartctl': No such file or directory
File Mismatch Error
rm: can't remove '/mnt/smartctl': No such file or directory
cp: can't stat '/run/media/sdb1/smartctl': No such file or directory
diff: can't stat '/run/media/sdb1/smartctl': No such file or directory
File Mismatch Error
rm: can't remove '/mnt/smartctl': No such file or directory
cp: can't stat '/run/media/sdb1/smartctl': No such file or directory
diff: can't stat '/run/media/sdb1/smartctl': No such file or directory
File Mismatch Error
rm: can't remove '/mnt/smartctl': No such file or directory
cp: can't stat '/run/media/sdb1/smartctl': No such file or directory
diff: can't stat '/run/media/sdb1/smartctl': No such file or directory
File Mismatch Error
rm: can't remove '/mnt/smartctl': No such file or directory
cp: can't stat '/run/media/sdb1/smartctl': No such file or directory
diff: can't stat '/run/media/sdb1/smartctl': No such file or directory
File Mismatch Error
rm: can't remove '/mnt/smartctl': No such file or directory
cp: can't stat '/run/media/sdb1/smartctl': No such file or directory
diff: can't stat '/run/media/sdb1/smartctl': No such file or directory
File Mismatch Error
rm: can't remove '/mnt/smartctl': No such file or directory
cp: can't stat '/run/media/sdb1/smartctl': No such file or directory
diff: can't stat '/run/media/sdb1/smartctl': No such file or directory
File Mismatch Error
rm: can't remove '/mnt/smartctl': No such file or directory
cp: can't stat '/run/media/sdb1/smartctl': No such file or directory
diff: can't stat '/run/media/sdb1/smartctl': No such file or directory
File Mismatch Error
rm: can't remove '/mnt/smartctl': No such file or directory
cp: can't stat '/run/media/sdb1/smartctl': No such file or directory
diff: can't stat '/run/media/sdb1/smartctl': No such file or directory
File Mismatch Error
rm: can't remove '/mnt/smartctl': No such file or directory
cp: can't stat '/run/media/sdb1/smartctl': No such file or directory
diff: can't stat '/run/media/sdb1/smartctl': No such file or directory
File Mismatch Error
rm: can't remove '/mnt/smartctl': No such file or directory
cp: can't stat '/run/media/sdb1/smartctl': No such file or directory
diff: can't stat '/run/media/sdb1/smartctl': No such file or directory
File Mismatch Error
rm: can't remove '/mnt/smartctl': No such file or directory
cp: can't stat '/run/media/sdb1/smartctl': No such file or directory
diff: can't stat '/run/media/sdb1/smartctl': No such file or directory
File Mismatch Error
rm: can't remove '/mnt/smartctl': No such file or directory
cp: can't stat '/run/media/sdb1/smartctl': No such file or directory
diff: can't stat '/run/media/sdb1/smartctl': No such file or directory
File Mismatch Error
rm: can't remove '/mnt/smartctl': No such file or directory
cp: can't stat '/run/media/sdb1/smartctl': No such file or directory
diff: can't stat '/run/media/sdb1/smartctl': No such file or directory
File Mismatch Error
rm: can't remove '/mnt/smartctl': No such file or directory
cp: can't stat '/run/media/sdb1/smartctl': No such file or directory
diff: can't stat '/run/media/sdb1/smartctl': No such file or directory
File Mismatch Error
rm: can't remove '/mnt/smartctl': No such file or directory
cp: can't stat '/run/media/sdb1/smartctl': No such file or directory
diff: can't stat '/run/media/sdb1/smartctl': No such file or directory
File Mismatch Error
rm: can't remove '/mnt/smartctl': No such file or directory
cp: can't stat '/run/media/sdb1/smartctl': No such file or directory
diff: can't stat '/run/media/sdb1/smartctl': No such file or directory
File Mismatch Error
rm: can't remove '/mnt/smartctl': No such file or directory
cp: can't stat '/run/media/sdb1/smartctl': No such file or directory
diff: can't stat '/run/media/sdb1/smartctl': No such file or directory
File Mismatch Error
rm: can't remove '/mnt/smartctl': No such file or directory
cp: can't stat '/run/media/sdb1/smartctl': No such file or directory
diff: can't stat '/run/media/sdb1/smartctl': No such file or directory
File Mismatch Error
rm: can't remove '/mnt/smartctl': No such file or directory
cp: can't stat '/run/media/sdb1/smartctl': No such file or directory
diff: can't stat '/run/media/sdb1/smartctl': No such file or directory
File Mismatch Error
rm: can't remove '/mnt/smartctl': No such file or directory
cp: can't stat '/run/media/sdb1/smartctl': No such file or directory
diff: can't stat '/run/media/sdb1/smartctl': No such file or directory
File Mismatch Error
rm: can't remove '/mnt/smartctl': No such file or directory
cp: can't stat '/run/media/sdb1/smartctl': No such file or directory
diff: can't stat '/run/media/sdb1/smartctl': No such file or directory
File Mismatch Error
rm: can't remove '/mnt/smartctl': No such file or directory
cp: can't stat '/run/media/sdb1/smartctl': No such file or directory
diff: can't stat '/run/media/sdb1/smartctl': No such file or directory
File Mismatch Error
rm: can't remove '/mnt/smartctl': No such file or directory
cp: can't stat '/run/media/sdb1/smartctl': No such file or directory
diff: can't stat '/run/media/sdb1/smartctl': No such file or directory
File Mismatch Error
rm: can't remove '/mnt/smartctl': No such file or directory
cp: can't stat '/run/media/sdb1/smartctl': No such file or directory
diff: can't stat '/run/media/sdb1/smartctl': No such file or directory
File Mismatch Error
rm: can't remove '/mnt/smartctl': No such file or directory
cp: can't stat '/run/media/sdb1/smartctl': No such file or directory
diff: can't stat '/run/media/sdb1/smartctl': No such file or directory
File Mismatch Error
rm: can't remove '/mnt/smartctl': No such file or directory
cp: can't stat '/run/media/sdb1/smartctl': No such file or directory
diff: can't stat '/run/media/sdb1/smartctl': No such file or directory
File Mismatch Error
rm: can't remove '/mnt/smartctl': No such file or directory
cp: can't stat '/run/media/sdb1/smartctl': No such file or directory
diff: can't stat '/run/media/sdb1/smartctl': No such file or directory
File Mismatch Error
rm: can't remove '/mnt/smartctl': No such file or directory
cp: can't stat '/run/media/sdb1/smartctl': No such file or directory
diff: can't stat '/run/media/sdb1/smartctl': No such file or directory
File Mismatch Error
rm: can't remove '/mnt/smartctl': No such file or directory
cp: can't stat '/run/media/sdb1/smartctl': No such file or directory
diff: can't stat '/run/media/sdb1/smartctl': No such file or directory
File Mismatch Error
rm: can't remove '/mnt/smartctl': No such file or directory
cp: can't stat '/run/media/sdb1/smartctl': No such file or directory
diff: can't stat '/run/med
Error: Found regular expression in step 0 of test 16 - "(.*)File\s+Mismatch\s+Error"

step finished 
the expression:(.*)File\s+Mismatch\s+Error

Error: Could not find regular expression in step 0 of test 16 - "(.*)USB\s+Read/Write Test\s+\-\s+PASSED"

Error: Could not find regular expression in step 0 of test 16 - "(.*)/run/media/sda1"

Error: Could not find regular expression in step 0 of test 16 - "(.*)reboot:\s+Power\s+down"

Entering step: 17


Info: This step started at: 2018-02-26 16:06:56

Error: Stopped because step 0 failed in test 16

Info: Result for step 0: Fail
Info: Result for step 1: Pass
Info: Result for step 2: Pass
Info: Result for step 3: Pass
Info: Result for step 4: Fail
Info: Result for step 5: Fail
Info: Result for step 6: Fail
Info: Result for step 7: Fail
Info: Result for step 8: Fail
Info: Result for step 9: Fail
Info: Result for step 10: Fail
Info: Result for step 11: Fail
Info: Result for step 12: Fail
Info: Result for step 13: Fail
Info: Result for step 14: Fail
Info: Result for step 15: Fail
Info: Result for step 16: Fail
Info: The test took 0 hours, 01 minutes, and 53 seconds. 0:01:53

Info: Ethernet, SD, USB, SATA Test test started...

Info: The test will take 0 hours, 03 minutes, and 58 seconds. 0:03:58

Entering step: 0


Info: This step started at: 2018-02-26 16:07:42

Entering step: 1


Info: This step started at: 2018-02-26 16:07:42

User has confirmed: "Insert SD card with contents of SATA_SD folder.
Connect USB3 thumbdrive and SATA drive. Cycle ZCU102 Board Power and then click OK"

step finished 

Entering step: 2


Info: This step started at: 2018-02-26 16:07:47

C:\zcu111_bit\tests\ZCU111>cd bat\ 

C:\zcu111_bit\tests\ZCU111\bat>ezoutlet.exe reset 192.168.0.12 
step finished 

Entering step: 3


Info: This step started at: 2018-02-26 16:07:51
Xilinx Zynq MP First Stage Boot Loader 
Release 2018.1   Feb 13 2018  -  19:23:52
PMU Firmware 2018.1	Nov  8 2017   12:23:17
NOTICE:  ATF running on XCZUUNKN/silicon v4/RTL5.1 at 0xfffea000, with PMU firmware
NOTICE:  BL31: Secure code at 0x0
NOTICE:  BL31: Non secure code at 0x8000000
NOTICE:  BL31: v1.3(release):70dfdb8
NOTICE:  BL31: Built : 15:23:49, Apr  4 2017


U-Boot 2017.01 (Apr 04 2017 - 21:00:34 +0530) Xilinx ZynqMP ZCU102

I2C:   ready
DRAM:  2 GiB
EL Level:	EL2
Chip ID:	xczuunknown
MMC:   sdhci@ff170000: 0 (SD)
SF: Detected mt25qu02g with page size 512 Bytes, erase size 128 KiB, total 512 MiB
*** Warning - bad CRC, using default environment

In:    serial
Out:   serial
Err:   serial
Bootmode: LVL_SHFT_SD_MODE1
Net:   ZYNQ GEM: ff0e0000, phyaddr c, interface rgmii-id
eth0: ethernet@ff0e0000
U-BOOT for xilinx-zcu102-2017_1

ethernet@ff0e0000 Waiting for PHY auto negotiation to complete........ done
BOOTP broadcast 1
BOOTP broadcast 2
BOOTP broadcast 3
BOOTP broadcast 4
BOOTP broadcast 5
BOOTP broadcast 6
BOOTP broadcast 7
BOOTP broadcast 8

****** Vivado v2017.4 (64-bit)
  **** SW Build 2086221 on Fri Dec 15 20:55:39 MST 2017
  **** IP Build 2085800 on Fri Dec 15 22:25:07 MST 2017
    ** Copyright 1986-2017 Xilinx, Inc. All Rights Reserved.

source {tcl\five_second_delay.tcl}
# after 5000
BOOTP broadcast 9
BOOTP broadcast 10
BOOTP broadcast 11
INFO: [Common 17-206] Exiting Vivado at Mon Feb 26 16:08:15 2018...
step finished 

Entering step: 4


Info: This step started at: 2018-02-26 16:08:15
Writing: '\n'
BOOTP broadcast 12
BOOTP broadcast 13

Entering step: 5


Info: This step started at: 2018-02-26 16:08:20
BOOTP broadcast 14
Writing: '\n'
BOOTP broadcast 15
BOOTP broadcast 16

Entering step: 6


Info: This step started at: 2018-02-26 16:08:25
BOOTP broadcast 17

Retry time exceeded
Hit any key to stop autoboot:  4  3  2  1  0 
Device: sdhci@ff170000
Manufacturer ID: 3
OEM: 5344
Name: SS08G 
Tran Speed: 50000000
Rd Block Len: 512
SD version 3.0
High Capacity: Yes
Capacity: 7.4 GiB
Bus Width: 4-bit
Erase Group Size: 512 Bytes
reading image.ub
33714468 bytes read in 2197 ms (14.6 MiB/s)
## Loading kernel from FIT Image at 10000000 ...
   Using 'conf@1' configuration
   Trying 'kernel@0' kernel subimage
     Description:  Linux Kernel
     Type:         Kernel Image
     Compression:  uncompressed
     Data Start:   0x100000d8
     Data Size:    33677824 Bytes = 32.1 MiB
     Architecture: AArch64
     OS:           Linux
     Load Address: 0x00080000
     Entry Point:  0x00080000
     Hash algo:    sha1
     Hash value:   0e1b82468969f68b394e50300a473684c60a0f3b
   Verifying Hash Integrity ... sha1+ OK
## Loading fdt from FIT Image at 10000000 ...
   Using 'conf@1' configuration
   Trying 'fdt@0' fdt subimage
     Description:  Flattened Device Tree blob
     Type:         Flat Device Tree
     Compression:  uncompressed
     Data Start:   0x1201e3d0
     Data Size:    35337 Bytes = 34.5 KiB
     Architecture: AArch64
     Hash algo:    sha1
     Hash value:   b9878704d59ae99a61f33439be5236247437046c
   Verifying Hash Integrity ... sha1+ OK
   Booting using the fdt blob at 0x1201e3d0
   Loading Kernel Image ... OK
   Loading Device Tree to 0000000007ff4000, end 0000000007fffa08 ... OK

Starting kernel ...

[    0.000000] Booting Linux on physical CPU 0x0
[    0.000000] Linux version 4.14.0-xilinx-v2018.1 (oe-user@oe-host) (gcc version 7.2.0 (GCC)) #2 SMP Mon Feb 12 16:58:18 MST 2018
[    0.000000] Boot CPU: AArch64 Processor [410fd034]
[    0.000000] Machine model: ZynqMP ZCU111 RevA
[    0.000000] earlycon: cdns0 at MMIO 0x00000000ff000000 (options '115200n8')
[    0.000000] bootconsole [cdns0] enabled
[    0.000000] efi: Getting EFI parameters from FDT:
[    0.000000] efi: UEFI not found.
[    0.000000] cma: Reserved 256 MiB at 0x0000000070000000
[    0.000000] psci: probing for conduit method from DT.
[    0.000000] psci: PSCIv1.0 detected in firmware.
[    0.000000] psci: Using standard PSCI v0.2 function IDs
[    0.000000] psci: MIGRATE_INFO_TYPE not supported.
[    0.000000] percpu: Embedded 21 pages/cpu @ffffffc06ff6c000 s46488 r8192 d31336 u86016
[    0.000000] Detected VIPT I-cache on CPU0
[    0.000000] CPU features: enabling workaround for ARM erratum 845719
[    0.000000] Built 1 zonelists, mobility grouping on.  Total pages: 517120
[    0.000000] Kernel command line: earlycon clk_ignore_unused
[    0.000000] PID hash table entries: 4096 (order: 3, 32768 bytes)
[    0.000000] Dentry cache hash table entries: 262144 (order: 9, 2097152 bytes)
[    0.000000] Inode-cache hash table entries: 131072 (order: 8, 1048576 bytes)
[    0.000000] Memory: 1769328K/2097152K available (9788K kernel code, 632K rwdata, 2944K rodata, 19456K init, 370K bss, 65680K reserved, 262144K cma-reserved)
[    0.000000] Virtual kernel memory layout:
[    0.000000]     modules : 0xffffff8000000000 - 0xffffff8008000000   (   128 MB)
[    0.000000]     vmalloc : 0xffffff8008000000 - 0xffffffbebfff0000   (   250 GB)
[    0.000000]       .text : 0xffffff8008080000 - 0xffffff8008a10000   (  9792 KB)
[    0.000000]     .rodata : 0xffffff8008a10000 - 0xffffff8008d00000   (  3008 KB)
[    0.000000]       .init : 0xffffff8008d00000 - 0xffffff800a000000   ( 19456 KB)
[    0.000000]       .data : 0xffffff800a000000 - 0xffffff800a09e200   (   633 KB)
[    0.000000]        .bss : 0xffffff800a09e200 - 0xffffff800a0faa30   (   371 KB)
[    0.000000]     fixed   : 0xffffffbefe7fd000 - 0xffffffbefec00000   (  4108 KB)
[    0.000000]     PCI I/O : 0xffffffbefee00000 - 0xffffffbeffe00000   (    16 MB)
[    0.000000]     vmemmap : 0xffffffbf00000000 - 0xffffffc000000000   (     4 GB maximum)
[    0.000000]               0xffffffbf00000000 - 0xffffffbf01c00000   (    28 MB actual)
[    0.000000]     memory  : 0xffffffc000000000 - 0xffffffc080000000   (  2048 MB)
[    0.000000] Hierarchical RCU implementation.
[    0.000000] 	RCU event tracing is enabled.
[    0.000000] 	RCU restricting CPUs from NR_CPUS=8 to nr_cpu_ids=4.
[    0.000000] RCU: Adjusting geometry for rcu_fanout_leaf=16, nr_cpu_ids=4
[    0.000000] NR_IRQS: 64, nr_irqs: 64, preallocated irqs: 0
[    0.000000] GIC: Adjusting CPU interface base to 0x00000000f902f000
[    0.000000] GIC: Using split EOI/Deactivate mode
[    0.000000] arch_timer: cp15 timer(s) running at 99.99MHz (phys).
[    0.000000] clocksource: arch_sys_counter: mask: 0xffffffffffffff max_cycles: 0x171015c90f, max_idle_ns: 440795203080 ns
[    0.000003] sched_clock: 56 bits at 99MHz, resolution 10ns, wraps every 4398046511101ns
[    0.008291] Console: colour dummy device 80x25
[    0.012549] console [tty0] enabled
[    0.015916] bootconsole [cdns0] disabled
[    0.000000] Booting Linux on physical CPU 0x0
[    0.000000] Linux version 4.14.0-xilinx-v2018.1 (oe-user@oe-host) (gcc version 7.2.0 (GCC)) #2 SMP Mon Feb 12 16:58:18 MST 2018
[    0.000000] Boot CPU: AArch64 Processor [410fd034]
[    0.000000] Machine model: ZynqMP ZCU111 RevA
[    0.000000] earlycon: cdns0 at MMIO 0x00000000ff000000 (options '115200n8')
[    0.000000] bootconsole [cdns0] enabled
[    0.000000] efi: Getting EFI parameters from FDT:
[    0.000000] efi: UEFI not found.
[    0.000000] cma: Reserved 256 MiB at 0x0000000070000000
[    0.000000] psci: probing for conduit method from DT.
[    0.000000] psci: PSCIv1.0 detected in firmware.
[    0.000000] psci: Using standard PSCI v0.2 function IDs
[    0.000000] psci: MIGRATE_INFO_TYPE not supported.
[    0.000000] percpu: Embedded 21 pages/cpu @ffffffc06ff6c000 s46488 r8192 d31336 u86016
[    0.000000] Detected VIPT I-cache on CPU0
[    0.000000] CPU features: enabling workaround for ARM erratum 845719
[    0.000000] Built 1 zonelists, mobility grouping on.  Total pages: 517120
[    0.000000] Kernel command line: earlycon clk_ignore_unused
[    0.000000] PID hash table entries: 4096 (order: 3, 32768 bytes)
[    0.000000] Dentry cache hash table entries: 262144 (order: 9, 2097152 bytes)
[    0.000000] Inode-cache hash table entries: 131072 (order: 8, 1048576 bytes)
[    0.000000] Memory: 1769328K/2097152K available (9788K kernel code, 632K rwdata, 2944K rodata, 19456K init, 370K bss, 65680K reserved, 262144K cma-reserved)
[    0.000000] Virtual kernel memory layout:
[    0.000000]     modules : 0xffffff8000000000 - 0xffffff8008000000   (   128 MB)
[    0.000000]     vmalloc : 0xffffff8008000000 - 0xffffffbebfff0000   (   250 GB)
[    0.000000]       .text : 0xffffff8008080000 - 0xffffff8008a10000   (  9792 KB)
[    0.000000]     .rodata : 0xffffff8008a10000 - 0xffffff8008d00000   (  3008 KB)
[    0.000000]       .init : 0xffffff8008d00000 - 0xffffff800a000000   ( 19456 KB)
[    0.000000]       .data : 0xffffff800a000000 - 0xffffff800a09e200   (   633 KB)
[    0.000000]        .bss : 0xffffff800a09e200 - 0xffffff800a0faa30   (   371 KB)
[    0.000000]     fixed   : 0xffffffbefe7fd000 - 0xffffffbefec00000   (  4108 KB)
[    0.000000]     PCI I/O : 0xffffffbefee00000 - 0xffffffbeffe00000   (    16 MB)
[    0.000000]     vmemmap : 0xffffffbf00000000 - 0xffffffc000000000   (     4 GB maximum)
[    0.000000]               0xffffffbf00000000 - 0xffffffbf01c00000   (    28 MB actual)
[    0.000000]     memory  : 0xffffffc000000000 - 0xffffffc080000000   (  2048 MB)
[    0.000000] Hierarchical RCU implementation.
[    0.000000] 	RCU event tracing is enabled.
[    0.000000] 	RCU restricting CPUs from NR_CPUS=8 to nr_cpu_ids=4.
[    0.000000] RCU: Adjusting geometry for rcu_fanout_leaf=16, nr_cpu_ids=4
[    0.000000] NR_IRQS: 64, nr_irqs: 64, preallocated irqs: 0
[    0.000000] GIC: Adjusting CPU interface base to 0x00000000f902f000
[    0.000000] GIC: Using split EOI/Deactivate mode
[    0.000000] arch_timer: cp15 timer(s) running at 99.99MHz (phys).
[    0.000000] clocksource: arch_sys_counter: mask: 0xffffffffffffff max_cycles: 0x171015c90f, max_idle_ns: 440795203080 ns
[    0.000003] sched_clock: 56 bits at 99MHz, resolution 10ns, wraps every 4398046511101ns
[    0.008291] Console: colour dummy device 80x25
[    0.012549] console [tty0] enabled
[    0.015916] bootconsole [cdns0] disabled
[    0.019825] Calibrating delay loop (skipped), value calculated using timer frequency.. 199.99 BogoMIPS (lpj=399996)
[    0.019838] pid_max: default: 32768 minimum: 301
[    0.019939] Mount-cache hash table entries: 4096 (order: 3, 32768 bytes)
[    0.019953] Mountpoint-cache hash table entries: 4096 (order: 3, 32768 bytes)
[    0.020553] ASID allocator initialised with 65536 entries
[    0.020606] Hierarchical SRCU implementation.
[    0.020881] zynqmp_plat_init Power management API v0.3
[    0.020956] EFI services will not be available.
[    0.021022] zynqmp_plat_init: pm node not found
[    0.021121] smp: Bringing up secondary CPUs ...
[    0.154615] Detected VIPT I-cache on CPU1
[    0.154643] CPU1: Booted secondary processor [410fd034]
[    0.260799] Detected VIPT I-cache on CPU2
[    0.260817] CPU2: Booted secondary processor [410fd034]
[    0.390492] Detected VIPT I-cache on CPU3
[    0.390510] CPU3: Booted secondary processor [410fd034]
[    0.390551] smp: Brought up 1 node, 4 CPUs
[    0.390583] SMP: Total of 4 processors activated.
[    0.390591] CPU features: detected feature: 32-bit EL0 Support
[    0.390602] CPU: All CPU(s) started at EL2
[    0.390618] alternatives: patching kernel code
[    0.391292] devtmpfs: initialized
[    0.395356] random: get_random_u32 called from bucket_table_alloc+0x108/0x260 with crng_init=0
[    0.395513] clocksource: jiffies: mask: 0xffffffff max_cycles: 0xffffffff, max_idle_ns: 7645041785100000 ns
[    0.395532] futex hash table entries: 1024 (order: 5, 131072 bytes)
[    0.400445] xor: measuring software checksum speed
[    0.440129]    8regs     :  2303.000 MB/sec
[    0.480158]    8regs_prefetch:  2053.000 MB/sec
[    0.520187]    32regs    :  2830.000 MB/sec
[    0.560217]    32regs_prefetch:  2379.000 MB/sec
[    0.560225] xor: using function: 32regs (2830.000 MB/sec)
[    0.560297] pinctrl core: initialized pinctrl subsystem
[    0.560521] random: fast init done
[    0.560815] NET: Registered protocol family 16
[    0.561317] cpuidle: using governor menu
[    0.561754] vdso: 2 pages (1 code @ ffffff8008a16000, 1 data @ ffffff800a004000)
[    0.561770] hw-breakpoint: found 6 breakpoint and 4 watchpoint registers.
[    0.562318] DMA: preallocated 256 KiB pool for atomic allocations
[    0.572404] reset_zynqmp reset-controller: Xilinx zynqmp reset driver probed
[    0.573112] ARM CCI_400_r1 PMU driver probed
[    0.575227] pinctrl-zynqmp ff180000.pinctrl: zynqmp pinctrl initialized
[    0.582515] HugeTLB registered 2.00 MiB page size, pre-allocated 0 pages
[    0.648333] raid6: int64x1  gen()   400 MB/s
[    0.716427] raid6: int64x1  xor()   446 MB/s
[    0.784464] raid6: int64x2  gen()   686 MB/s
[    0.852451] raid6: int64x2  xor()   603 MB/s
[    0.920538] raid6: int64x4  gen()  1042 MB/s
[    0.988581] raid6: int64x4  xor()   742 MB/s
[    1.056636] raid6: int64x8  gen()   980 MB/s
[    1.124642] raid6: int64x8  xor()   745 MB/s
[    1.192692] raid6: neonx1   gen()   726 MB/s
[    1.260745] raid6: neonx1   xor()   852 MB/s
[    1.328810] raid6: neonx2   gen()  1168 MB/s
[    1.396842] raid6: neonx2   xor()  1208 MB/s
[    1.464871] raid6: neonx4   gen()  1507 MB/s
[    1.532934] raid6: neonx4   xor()  1442 MB/s
[    1.600971] raid6: neonx8   gen()  1652 MB/s
[    1.669027] raid6: neonx8   xor()  1534 MB/s
[    1.669035] raid6: using algorithm neonx8 gen() 1652 MB/s
[    1.669042] raid6: .... xor() 1534 MB/s, rmw enabled
[    1.669050] raid6: using neon recovery algorithm
[    1.670425] SCSI subsystem initialized
[    1.670597] usbcore: registered new interface driver usbfs
[    1.670638] usbcore: registered new interface driver hub
[    1.670676] usbcore: registered new device driver usb
[    1.670741] media: Linux media interface: v0.10
[    1.670768] Linux video capture interface: v2.00
[    1.670807] pps_core: LinuxPPS API ver. 1 registered
[    1.670815] pps_core: Software ver. 5.3.6 - Copyright 2005-2007 Rodolfo Giometti <giometti@linux.it>
[    1.670835] PTP clock support registered
[    1.670861] EDAC MC: Ver: 3.0.0
[    1.671090] FPGA manager framework
[    1.671204] fpga-region fpga-full: FPGA Region probed
[    1.671293] Advanced Linux Sound Architecture Driver Initialized.
[    1.671538] Bluetooth: Core ver 2.22
[    1.671567] NET: Registered protocol family 31
[    1.671575] Bluetooth: HCI device and connection manager initialized
[    1.671586] Bluetooth: HCI socket layer initialized
[    1.671597] Bluetooth: L2CAP socket layer initialized
[    1.671615] Bluetooth: SCO socket layer initialized
[    1.672073] clocksource: Switched to clocksource arch_sys_counter
[    1.672148] VFS: Disk quotas dquot_6.6.0
[    1.672194] VFS: Dquot-cache hash table entries: 512 (order 0, 4096 bytes)
[    1.676212] NET: Registered protocol family 2
[    1.676508] TCP established hash table entries: 16384 (order: 5, 131072 bytes)
[    1.676622] TCP bind hash table entries: 16384 (order: 6, 262144 bytes)
[    1.676827] TCP: Hash tables configured (established 16384 bind 16384)
[    1.676896] UDP hash table entries: 1024 (order: 3, 32768 bytes)
[    1.676940] UDP-Lite hash table entries: 1024 (order: 3, 32768 bytes)
[    1.677060] NET: Registered protocol family 1
[    1.677243] RPC: Registered named UNIX socket transport module.
[    1.677253] RPC: Registered udp transport module.
[    1.677260] RPC: Registered tcp transport module.
[    1.677267] RPC: Registered tcp NFSv4.1 backchannel transport module.
[    1.748723] hw perfevents: no interrupt-affinity property for /pmu, guessing.
[    1.748883] hw perfevents: enabled with armv8_pmuv3 PMU driver, 7 counters available
[    1.749512] audit: initializing netlink subsys (disabled)
[    1.749591] audit: type=2000 audit(1.736:1): state=initialized audit_enabled=0 res=1
[    1.749920] workingset: timestamp_bits=62 max_order=19 bucket_order=0
[    1.750573] NFS: Registering the id_resolver key type
[    1.750593] Key type id_resolver registered
[    1.750601] Key type id_legacy registered
[    1.750613] nfs4filelayout_init: NFSv4 File Layout Driver Registering...
[    1.750633] jffs2: version 2.2. (NAND) (SUMMARY)  Â© 2001-2006 Red Hat, Inc.
[    1.777248] Block layer SCSI generic (bsg) driver version 0.4 loaded (major 246)
[    1.777269] io scheduler noop registered
[    1.777276] io scheduler deadline registered
[    1.777297] io scheduler cfq registered (default)
[    1.777305] io scheduler mq-deadline registered
[    1.777313] io scheduler kyber registered
[    1.778394] xilinx-dpdma fd4c0000.dma: Xilinx DPDMA engine is probed
[    1.778797] xilinx-zynqmp-dma fd500000.dma: ZynqMP DMA driver Probe success
[    1.778953] xilinx-zynqmp-dma fd510000.dma: ZynqMP DMA driver Probe success
[    1.779104] xilinx-zynqmp-dma fd520000.dma: ZynqMP DMA driver Probe success
[    1.779256] xilinx-zynqmp-dma fd530000.dma: ZynqMP DMA driver Probe success
[    1.779410] xilinx-zynqmp-dma fd540000.dma: ZynqMP DMA driver Probe success
[    1.779565] xilinx-zynqmp-dma fd550000.dma: ZynqMP DMA driver Probe success
[    1.779720] xilinx-zynqmp-dma fd560000.dma: ZynqMP DMA driver Probe success
[    1.779876] xilinx-zynqmp-dma fd570000.dma: ZynqMP DMA driver Probe success
[    1.780042] zynqmp_pm firmware: Power management API v0.3
[    1.804697] Serial: 8250/16550 driver, 4 ports, IRQ sharing disabled
[    1.806005] [drm] load() is defered & will be called again
[    1.806315] xilinx-drm-dp-sub fd4aa000.dp_sub: Xilinx DisplayPort Subsystem is probed
[    1.806487] cacheinfo: Unable to detect cache hierarchy for CPU 0
[    1.810506] brd: module loaded
[    1.813794] loop: module loaded
[    1.814447] ahci-ceva fd0c0000.ahci: couldn't get PHY in node ahci: -517
[    1.814576] mtdoops: mtd device (mtddev=name/number) must be supplied
[    1.815326] m25p80 spi0.0: found mt25ul02g, expected m25p80
[    1.815588] m25p80 spi0.0: mt25ul02g (524288 Kbytes)
[    1.815612] 4 ofpart partitions found on MTD device spi0.0
[    1.815620] Creating 4 MTD partitions on "spi0.0":
[    1.815631] 0x000000000000-0x000000100000 : "qspi-fsbl-uboot"
[    1.816057] 0x000000100000-0x000000600000 : "qspi-linux"
[    1.816449] 0x000000600000-0x000000620000 : "qspi-device-tree"
[    1.816826] 0x000000620000-0x000000c00000 : "qspi-rootfs"
[    1.818008] libphy: Fixed MDIO Bus: probed
[    1.818942] tun: Universal TUN/TAP device driver, 1.6
[    1.819088] CAN device driver interface
[    1.820640] macb ff0e0000.ethernet: Not enabling partial store and forward
[    1.821075] libphy: MACB_mii_bus: probed
[    1.824145] macb ff0e0000.ethernet eth0: Cadence GEM rev 0x50070106 at 0xff0e0000 irq 22 (00:0a:35:00:22:01)
[    1.824163] TI DP83867 ff0e0000.ethernet-ffffffff:0c: attached PHY driver [TI DP83867] (mii_bus:phy_addr=ff0e0000.ethernet-ffffffff:0c, irq=POLL)
[    1.824635] usbcore: registered new interface driver asix
[    1.824685] usbcore: registered new interface driver ax88179_178a
[    1.824714] usbcore: registered new interface driver cdc_ether
[    1.824749] usbcore: registered new interface driver net1080
[    1.824778] usbcore: registered new interface driver cdc_subset
[    1.824807] usbcore: registered new interface driver zaurus
[    1.824844] usbcore: registered new interface driver cdc_ncm
[    1.826155] ehci_hcd: USB 2.0 'Enhanced' Host Controller (EHCI) Driver
[    1.826165] ehci-pci: EHCI PCI platform driver
[    1.826377] usbcore: registered new interface driver uas
[    1.826419] usbcore: registered new interface driver usb-storage
[    1.826895] rtc_zynqmp ffa60000.rtc: rtc core: registered ffa60000.rtc as rtc0
[    1.826946] i2c /dev entries driver
[    1.827959] IR NEC protocol handler initialized
[    1.827969] IR RC5(x/sz) protocol handler initialized
[    1.827976] IR RC6 protocol handler initialized
[    1.827983] IR JVC protocol handler initialized
[    1.827990] IR Sony protocol handler initialized
[    1.827997] IR SANYO protocol handler initialized
[    1.828003] IR Sharp protocol handler initialized
[    1.828010] IR MCE Keyboard/mouse protocol handler initialized
[    1.828018] IR XMP protocol handler initialized
[    1.828619] usbcore: registered new interface driver uvcvideo
[    1.828628] USB Video Class driver (1.1.1)
[    1.828953] Bluetooth: HCI UART driver ver 2.3
[    1.828963] Bluetooth: HCI UART protocol H4 registered
[    1.828971] Bluetooth: HCI UART protocol BCSP registered
[    1.828979] Bluetooth: HCI UART protocol ATH3K registered
[    1.828986] Bluetooth: HCI UART protocol Three-wire (H5) registered
[    1.829026] Bluetooth: HCI UART protocol Intel registered
[    1.829034] Bluetooth: HCI UART protocol QCA registered
[    1.829070] usbcore: registered new interface driver bcm203x
[    1.829103] usbcore: registered new interface driver bpa10x
[    1.829136] usbcore: registered new interface driver bfusb
[    1.829170] usbcore: registered new interface driver btusb
[    1.829179] Bluetooth: Generic Bluetooth SDIO driver ver 0.1
[    1.829228] usbcore: registered new interface driver ath3k
[    1.829341] EDAC MC: ECC not enabled
[    1.829519] EDAC DEVICE0: Giving out device to module zynqmp-ocm-edac controller zynqmp_ocm: DEV ff960000.memory-controller (INTERRUPT)
[    1.830135] sdhci: Secure Digital Host Controller Interface driver
[    1.830145] sdhci: Copyright(c) Pierre Ossman
[    1.830152] sdhci-pltfm: SDHCI platform and OF driver helper
[    1.831491] ledtrig-cpu: registered to indicate activity on CPUs
[    1.831615] usbcore: registered new interface driver usbhid
[    1.831624] usbhid: USB HID core driver
[    1.832144] fpga_manager fpga0: Xilinx ZynqMP FPGA Manager registered
[    1.832633] xilinx-dp-snd-pcm dp_snd_pcm0: Xilinx DisplayPort Sound PCM probed
[    1.832690] xilinx-dp-snd-pcm dp_snd_pcm1: Xilinx DisplayPort Sound PCM probed
[    1.832877] PLL: shutdown
[    1.833759] Write failed to divider address:fd1a007c
[    1.833911] PLL: enable
[    1.834083] xilinx-dp-snd-codec dp_snd_codec0: Xilinx DisplayPort Sound Codec probed
[    1.834673] xilinx-dp-snd-card dp_snd_card: xilinx-dp-snd-codec-dai <-> xilinx-dp-snd-codec-dai mapping ok
[    1.834789] xilinx-dp-snd-card dp_snd_card: xilinx-dp-snd-codec-dai <-> xilinx-dp-snd-codec-dai mapping ok
[    1.835144] xilinx-dp-snd-card dp_snd_card: Xilinx DisplayPort Sound Card probed
[    1.835245] pktgen: Packet Generator for packet performance testing. Version: 2.75
[    1.835478] Netfilter messages via NETLINK v0.30.
[    1.835594] ip_tables: (C) 2000-2006 Netfilter Core Team
[    1.835712] Initializing XFRM netlink socket
[    1.835772] NET: Registered protocol family 10
[    1.836214] Segment Routing with IPv6
[    1.836258] ip6_tables: (C) 2000-2006 Netfilter Core Team
[    1.836389] sit: IPv6, IPv4 and MPLS over IPv4 tunneling driver
[    1.836695] NET: Registered protocol family 17
[    1.836711] NET: Registered protocol family 15
[    1.836730] bridge: filtering via arp/ip/ip6tables is no longer available by default. Update your scripts to load br_netfilter if you need this.
[    1.836744] Ebtables v2.0 registered
[    1.836828] can: controller area network core (rev 20170425 abi 9)
[    1.836861] NET: Registered protocol family 29
[    1.836869] can: raw protocol (rev 20170425)
[    1.836877] can: broadcast manager protocol (rev 20170425 t)
[    1.836887] can: netlink gateway (rev 20170425) max_hops=1
[    1.837016] Bluetooth: RFCOMM TTY layer initialized
[    1.837028] Bluetooth: RFCOMM socket layer initialized
[    1.837043] Bluetooth: RFCOMM ver 1.11
[    1.837054] Bluetooth: BNEP (Ethernet Emulation) ver 1.3
[    1.837061] Bluetooth: BNEP filters: protocol multicast
[    1.837073] Bluetooth: BNEP socket layer initialized
[    1.837081] Bluetooth: HIDP (Human Interface Emulation) ver 1.2
[    1.837091] Bluetooth: HIDP socket layer initialized
[    1.837202] 9pnet: Installing 9P2000 support
[    1.837222] Key type dns_resolver registered
[    1.837534] registered taskstats version 1
[    1.837873] Btrfs loaded, crc32c=crc32c-generic
[    1.843138] ff000000.serial: ttyPS0 at MMIO 0xff000000 (irq = 32, base_baud = 6249999) is a xuartps
[    3.383025] console [ttyPS0] enabled
[    3.388252] PLL: shutdown
[    3.390907] [drm] load() is defered & will be called again
[    3.396771] xilinx-psgtr fd400000.zynqmp_phy: Lane:1 type:8 protocol:4 pll_locked:yes
[    3.404761] xilinx-drm-dp fd4a0000.dp: device found, version 4.010
[    3.410871] xilinx-drm-dp fd4a0000.dp: Display Port, version 1.0200 (tx)
[    3.417841] xilinx-psgtr fd400000.zynqmp_phy: Lane:3 type:3 protocol:2 pll_locked:yes
[    3.425646] ahci-ceva fd0c0000.ahci: AHCI 0001.0301 32 slots 2 ports 6 Gbps 0x3 impl platform mode
[    3.434534] ahci-ceva fd0c0000.ahci: flags: 64bit ncq sntf pm clo only pmp fbs pio slum part ccc sds apst 
[    3.444861] scsi host0: ahci-ceva
[    3.448287] scsi host1: ahci-ceva
[    3.451614] ata1: SATA max UDMA/133 mmio [mem 0xfd0c0000-0xfd0c1fff] port 0x100 irq 30
[    3.459458] ata2: SATA max UDMA/133 mmio [mem 0xfd0c0000-0xfd0c1fff] port 0x180 irq 30
[    3.468962] xilinx-psgtr fd400000.zynqmp_phy: Lane:2 type:0 protocol:3 pll_locked:yes
[    3.500202] xhci-hcd xhci-hcd.0.auto: xHCI Host Controller
[    3.505621] xhci-hcd xhci-hcd.0.auto: new USB bus registered, assigned bus number 1
[    3.513450] xhci-hcd xhci-hcd.0.auto: hcc params 0x0238f625 hci version 0x100 quirks 0x22010010
[    3.522093] xhci-hcd xhci-hcd.0.auto: irq 35, io mem 0xfe200000
[    3.528086] usb usb1: New USB device found, idVendor=1d6b, idProduct=0002
[    3.534793] usb usb1: New USB device strings: Mfr=3, Product=2, SerialNumber=1
[    3.541996] usb usb1: Product: xHCI Host Controller
[    3.546854] usb usb1: Manufacturer: Linux 4.14.0-xilinx-v2018.1 xhci-hcd
[    3.553541] usb usb1: SerialNumber: xhci-hcd.0.auto
[    3.558675] hub 1-0:1.0: USB hub found
[    3.562362] hub 1-0:1.0: 1 port detected
[    3.566423] xhci-hcd xhci-hcd.0.auto: xHCI Host Controller
[    3.571836] xhci-hcd xhci-hcd.0.auto: new USB bus registered, assigned bus number 2
[    3.579515] usb usb2: We don't know the algorithms for LPM for this host, disabling LPM.
[    3.587614] usb usb2: New USB device found, idVendor=1d6b, idProduct=0003
[    3.594321] usb usb2: New USB device strings: Mfr=3, Product=2, SerialNumber=1
[    3.601523] usb usb2: Product: xHCI Host Controller
[    3.606382] usb usb2: Manufacturer: Linux 4.14.0-xilinx-v2018.1 xhci-hcd
[    3.613066] usb usb2: SerialNumber: xhci-hcd.0.auto
[    3.618150] hub 2-0:1.0: USB hub found
[    3.621835] hub 2-0:1.0: 1 port detected
[    3.626740] pca953x 0-0020: 0-0020 supply vcc not found, using dummy regulator
[    3.636754] pca953x 0-0020: interrupt support not compiled in
[    3.643209] ina2xx 3-0040: power monitor ina226 (Rshunt = 2000 uOhm)
[    3.649905] ina2xx 3-0041: power monitor ina226 (Rshunt = 5000 uOhm)
[    3.656594] ina2xx 3-0042: power monitor ina226 (Rshunt = 5000 uOhm)
[    3.663285] ina2xx 3-0043: power monitor ina226 (Rshunt = 5000 uOhm)
[    3.669971] ina2xx 3-0045: power monitor ina226 (Rshunt = 5000 uOhm)
[    3.676660] ina2xx 3-0046: power monitor ina226 (Rshunt = 2000 uOhm)
[    3.683350] ina2xx 3-0047: power monitor ina226 (Rshunt = 5000 uOhm)
[    3.690043] ina2xx 3-0048: power monitor ina226 (Rshunt = 5000 uOhm)
[    3.696734] ina2xx 3-0049: power monitor ina226 (Rshunt = 5000 uOhm)
[    3.703432] ina2xx 3-004a: power monitor ina226 (Rshunt = 5000 uOhm)
[    3.710120] ina2xx 3-004b: power monitor ina226 (Rshunt = 5000 uOhm)
[    3.716811] ina2xx 3-004c: power monitor ina226 (Rshunt = 5000 uOhm)
[    3.723504] ina2xx 3-004d: power monitor ina226 (Rshunt = 5000 uOhm)
[    3.730205] ina2xx 3-004e: power monitor ina226 (Rshunt = 5000 uOhm)
[    3.736512] i2c i2c-0: Added multiplexed i2c bus 3
[    3.741387] i2c i2c-0: Added multiplexed i2c bus 4
[    3.746402] i2c i2c-0: Added multiplexed i2c bus 5
[    3.751233] i2c i2c-0: Added multiplexed i2c bus 6
[    3.755945] pca954x 0-0075: registered 4 multiplexed busses for I2C mux pca9544
[    3.763256] cdns-i2c ff020000.i2c: 400 kHz mmio ff020000 irq 24
[    3.770690] at24 7-0054: 1024 byte 24c08 EEPROM, writable, 1 bytes/write
[    3.777340] i2c i2c-1: Added multiplexed i2c bus 7
[    3.782264] ata1: SATA link down (SStatus 0 SControl 330)
[    3.782271] i2c i2c-1: Added multiplexed i2c bus 8
[    3.784260] si570 9-005d: registered, current frequency 300000000 Hz
[    3.784289] i2c i2c-1: Added multiplexed i2c bus 9
[    3.798207] si570 10-005d: registered, current frequency 148500000 Hz
[    3.798235] i2c i2c-1: Added multiplexed i2c bus 10
[    3.798421] i2c i2c-1: Added multiplexed i2c bus 11
[    3.798605] i2c i2c-1: Added multiplexed i2c bus 12
[    3.798726] i2c i2c-1: Added multiplexed i2c bus 13
[    3.798843] i2c i2c-1: Added multiplexed i2c bus 14
[    3.798847] pca954x 1-0074: registered 8 multiplexed busses for I2C switch pca9548
[    3.799154] i2c i2c-1: Added multiplexed i2c bus 15
[    3.799275] i2c i2c-1: Added multiplexed i2c bus 16
[    3.799391] i2c i2c-1: Added multiplexed i2c bus 17
[    3.799805] i2c i2c-1: Added multiplexed i2c bus 18
[    3.799926] i2c i2c-1: Added multiplexed i2c bus 19
[    3.800050] i2c i2c-1: Added multiplexed i2c bus 20
[    3.800181] i2c i2c-1: Added multiplexed i2c bus 21
[    3.800307] i2c i2c-1: Added multiplexed i2c bus 22
[    3.800312] pca954x 1-0075: registered 8 multiplexed busses for I2C switch pca9548
[    3.800336] cdns-i2c ff030000.i2c: 400 kHz mmio ff030000 irq 25
[    3.852075] mmc0: SDHCI controller on ff170000.sdhci [ff170000.sdhci] using ADMA 64-bit
[    3.852673] PLL: enable
[    3.852858] PLL: shutdown
[    3.852945] OF: graph: no port node found in /xilinx_drm
[    3.852948] [drm] Supports vblank timestamp caching Rev 2 (21.10.2013).
[    3.852949] [drm] No driver support for vblank timestamp query.
[    3.898897] mmc0: new high speed SDHC card at address aaaa
[    3.899174] mmcblk0: mmc0:aaaa SS08G 7.40 GiB (ro)
[    3.900313]  mmcblk0: p1
[    3.938502] PLL: enable
[    3.985746] Console: switching to colour frame buffer device 240x67
[    4.006315] xilinx-drm xilinx_drm: fb0:  frame buffer device
[    4.012143] [drm] Initialized xilinx_drm 1.0.0 20130509 for xilinx_drm on minor 0
[    4.020500] input: gpio-keys as /devices/platform/gpio-keys/input/input0
[    4.027364] rtc_zynqmp ffa60000.rtc: setting system clock to 2018-02-22 01:41:15 UTC (1519263675)
[    4.036343] clk: Not disabling unused clocks
[    4.040618] ALSA device list:
[    4.043521]   #0: DisplayPort monitor
[    4.047228] Warning: unable to open an initial console.
[    4.096085] ata2: SATA link up 6.0 Gbps (SStatus 133 SControl 330)
[    4.103121] ata2.00: ATA-9: TS128GMTS400, O0918B, max UDMA/133
[    4.108928] ata2.00: 250069680 sectors, multi 1: LBA48 NCQ (depth 31/32)
[    4.115761] ata2.00: configured for UDMA/133
[    4.120178] scsi 1:0:0:0: Direct-Access     ATA      TS128GMTS400     8B   PQ: 0 ANSI: 5
[    4.128825] sd 1:0:0:0: [sda] 250069680 512-byte logical blocks: (128 GB/119 GiB)
[    4.136321] sd 1:0:0:0: [sda] Write Protect is off
[    4.141125] sd 1:0:0:0: [sda] Write cache: enabled, read cache: enabled, doesn't support DPO or FUA
[    4.142166] PLL: shutdown
[    4.153529]  sda: sda1
[    4.156340] sd 1:0:0:0: [sda] Attached SCSI disk
[    4.165412] Freeing unused kernel memory: 19456K
[    4.334430] PLL: enable
[    4.383675] PLL: shutdown
[    4.840323] udevd[1789]: starting version 3.2.2
[    4.849713] udevd[1790]: starting eudev-3.2.2
[    4.962413] PLL: enable
[    5.178012] FAT-fs (sda1): Volume was not properly unmounted. Some data may be corrupt. Please run fsck.
[    5.555670] pps pps0: new PPS source ptp0
[    5.559680] macb ff0e0000.ethernet: gem-ptp-timer ptp clock registered.
[    5.566338] IPv6: ADDRCONF(NETDEV_UP): eth0: link is not ready
[    6.572376] macb ff0e0000.ethernet eth0: link up (1000/Full)
[    6.578033] IPv6: ADDRCONF(NETDEV_CHANGE): eth0: link becomes ready

PetaLinux 2018.1 xilinx-zc1751-dc1-2018_1 /dev/ttyPS0

xilinx-zc1751-dc1-2018_1 login: 
Entering step: 7


Info: This step started at: 2018-02-26 16:08:56
Writing: 'root\n'
root
Password: 
Entering step: 8


Info: This step started at: 2018-02-26 16:08:58
Writing: 'root\n'

7[r[999;999H[6n
Entering step: 9


Info: This step started at: 2018-02-26 16:09:00
Writing: '\n'
8root@xilinx-zc1751-dc1-2018_1:~# [   26.732167] PLL: shutdown
[   26.924404] PLL: enable
[   26.969344] PLL: shutdown
[   27.537665] PLL: enable

Entering step: 10


Info: This step started at: 2018-02-26 16:09:05
Writing: 'ifconfig eth0 192.168.1.10\n'
ifconfig eth0 192.168.1.10
root@xilinx-zc1751-dc1-2018_1:~# 
Entering step: 11


Info: This step started at: 2018-02-26 16:09:10
Writing: '\n'

root@xilinx-zc1751-dc1-2018_1:~# 
Entering step: 12


Info: This step started at: 2018-02-26 16:09:15
Writing: 'dmesg | grep -i SuperSpeed\n'
dmesg | grep -i SuperSpeed
root@xilinx-zc1751-dc1-2018_1:~# 
Entering step: 13


Info: This step started at: 2018-02-26 16:09:17
Writing: 'dmesg | grep -i SATA\n'
dmesg | grep -i SATA
[    3.451614] ata1: SATA max UDMA/133 mmio [mem 0xfd0c0000-0xfd0c1fff] port 0x100 irq 30
[    3.459458] ata2: SATA max UDMA/133 mmio [mem 0xfd0c0000-0xfd0c1fff] port 0x180 irq 30
[    3.782264] ata1: SATA link down (SStatus 0 SControl 330)
[    4.096085] ata2: SATA link up 6.0 Gbps (SStatus 133 SControl 330)
root@xilinx-zc1751-dc1-2018_1:~# 
Entering step: 14


Info: This step started at: 2018-02-26 16:09:19
Writing: 'cd /run/media/mmcblk0p1\n'
cd /run/media/mmcblk0p1
root@xilinx-zc1751-dc1-2018_1:/run/media/mmcblk0p1# 
Entering step: 15


Info: This step started at: 2018-02-26 16:09:21
Writing: './disktest2.sh\n'
./disktest2.sh
SATA Disk Read/Write Test Start
rm: can't remove '/mnt/smartctl': No such file or directory
Disk: Iteration 1
Disk: Iteration 2
Disk: Iteration 3
Disk: Iteration 4
Disk: Iteration 5
Disk: Iteration 6
Disk: Iteration 7
Disk: Iteration 8
Disk: Iteration 9
Disk: Iteration 10
Disk: Iteration 11
Disk: Iteration 12
Disk: Iteration 13
Disk: Iteration 14
Disk: Iteration 15
Disk: Iteration 16
Disk: Iteration 17
Disk: Iteration 18
Disk: Iteration 19
Disk: Iteration 20
Disk: Iteration 21
Disk: Iteration 22
Disk: Iteration 23
Disk: Iteration 24
Disk: Iteration 25
Disk: Iteration 26
Disk: Iteration 27
Disk: Iteration 28
Disk: Iteration 29
Disk: Iteration 30
Disk: Iteration 31
Disk: Iteration 32
Disk: Iteration 33
Disk: Iteration 34
Disk: Iteration 35
Disk: Iteration 36
Disk: Iteration 37
Disk: Iteration 38
Disk: Iteration 39
Disk: Iteration 40
Disk: Iteration 41
Disk: Iteration 42
Disk: Iteration 43
Disk: Iteration 44
Disk: Iteration 45
Disk: Iteration 46
Disk: Iteration 47
Disk: Iteration 48
Disk: Iteration 49
Disk: Iteration 50
Disk: Iteration 51
Disk: Iteration 52
Disk: Iteration 53
Disk: Iteration 54
Disk: Iteration 55
Disk: Iteration 56
Disk: Iteration 57
Disk: Iteration 58
Disk: Iteration 59
Disk: Iteration 60
Disk: Iteration 61
Disk: Iteration 62
Disk: Iteration 63
Disk: Iteration 64
Disk: Iteration 65
Disk: Iteration 66
Disk: Iteration 67
Disk: Iteration 68
Disk: Iteration 69
Disk: Iteration 70
Disk: Iteration 71
Disk: Iteration 72
Disk: Iteration 73
Disk: Iteration 74
Disk: Iteration 75
Disk: Iteration 76
Disk: Iteration 77
Disk: Iteration 78
Disk: Iteration 79
Disk: Iteration 80
Disk: Iteration 81
Disk: Iteration 82
Disk: Iteration 83
Disk: Iteration 84
Disk: Iteration 85
Disk: Iteration 86
Disk: Iteration 87
Disk: Iteration 88
Disk: Iteration 89
Disk: Iteration 90
Disk: Iteration 91
Disk: Iteration 92
Disk: Iteration 93
Disk: Iteration 94
Disk: Iteration 95
Disk: Iteration 96
Disk: Iteration 97
Disk: Iteration 98
Disk: Iteration 99
Disk: Iteration 100
SATA Disk Read/Write Test - PASSED
root@xilinx-zc1751-dc1-2018_1:/run/media/mmcblk0p1# [   49.283960] PLL: shutdown
[   49.476193] PLL: enable
[   49.523688] PLL: shutdown
[   50.103253] PLL: enable

Entering step: 16


Info: This step started at: 2018-02-26 16:09:31
Writing: './usbtest2.sh\n'
./usbtest2.sh
USB Disk Read/Write Test Start
cp: can't stat '/run/media/sdb1/smartctl': No such file or directory
diff: can't stat '/run/media/sdb1/smartctl': No such file or directory
File Mismatch Error
rm: can't remove '/mnt/smartctl': No such file or directory
cp: can't stat '/run/media/sdb1/smartctl': No such file or directory
diff: can't stat '/run/media/sdb1/smartctl': No such file or directory
File Mismatch Error
rm: can't remove '/mnt/smartctl': No such file or directory
cp: can't stat '/run/media/sdb1/smartctl': No such file or directory
diff: can't stat '/run/media/sdb1/smartctl': No such file or directory
File Mismatch Error
rm: can't remove '/mnt/smartctl': No such file or directory
cp: can't stat '/run/media/sdb1/smartctl': No such file or directory
diff: can't stat '/run/media/sdb1/smartctl': No such file or directory
File Mismatch Error
rm: can't remove '/mnt/smartctl': No such file or directory
cp: can't stat '/run/media/sdb1/smartctl': No such file or directory
diff: can't stat '/run/media/sdb1/smartctl': No such file or directory
File Mismatch Error
rm: can't remove '/mnt/smartctl': No such file or directory
cp: can't stat '/run/media/sdb1/smartctl': No such file or directory
diff: can't stat '/run/media/sdb1/smartctl': No such file or directory
File Mismatch Error
rm: can't remove '/mnt/smartctl': No such file or directory
cp: can't stat '/run/media/sdb1/smartctl': No such file or directory
diff: can't stat '/run/media/sdb1/smartctl': No such file or directory
File Mismatch Error
rm: can't remove '/mnt/smartctl': No such file or directory
cp: can't stat '/run/media/sdb1/smartctl': No such file or directory
diff: can't stat '/run/media/sdb1/smartctl': No such file or directory
File Mismatch Error
rm: can't remove '/mnt/smartctl': No such file or directory
cp: can't stat '/run/media/sdb1/smartctl': No such file or directory
diff: can't stat '/run/media/sdb1/smartctl': No such file or directory
File Mismatch Error
rm: can't remove '/mnt/smartctl': No such file or directory
cp: can't stat '/run/media/sdb1/smartctl': No such file or directory
diff: can't stat '/run/media/sdb1/smartctl': No such file or directory
File Mismatch Error
rm: can't remove '/mnt/smartctl': No such file or directory
cp: can't stat '/run/media/sdb1/smartctl': No such file or directory
diff: can't stat '/run/media/sdb1/smartctl': No such file or directory
File Mismatch Error
rm: can't remove '/mnt/smartctl': No such file or directory
cp: can't stat '/run/media/sdb1/smartctl': No such file or directory
diff: can't stat '/run/media/sdb1/smartctl': No such file or directory
File Mismatch Error
rm: can't remove '/mnt/smartctl': No such file or directory
cp: can't stat '/run/media/sdb1/smartctl': No such file or directory
diff: can't stat '/run/media/sdb1/smartctl': No such file or directory
File Mismatch Error
rm: can't remove '/mnt/smartctl': No such file or directory
cp: can't stat '/run/media/sdb1/smartctl': No such file or directory
diff: can't stat '/run/media/sdb1/smartctl': No such file or directory
File Mismatch Error
rm: can't remove '/mnt/smartctl': No such file or directory
cp: can't stat '/run/media/sdb1/smartctl': No such file or directory
diff: can't stat '/run/media/sdb1/smartctl': No such file or directory
File Mismatch Error
rm: can't remove '/mnt/smartctl': No such file or directory
cp: can't stat '/run/media/sdb1/smartctl': No such file or directory
diff: can't stat '/run/media/sdb1/smartctl': No such file or directory
File Mismatch Error
rm: can't remove '/mnt/smartctl': No such file or directory
cp: can't stat '/run/media/sdb1/smartctl': No such file or directory
diff: can't stat '/run/media/sdb1/smartctl': No such file or directory
File Mismatch Error
rm: can't remove '/mnt/smartctl': No such file or directory
cp: can't stat '/run/media/sdb1/smartctl': No such file or directory
diff: can't stat '/run/media/sdb1/smartctl': No such file or directory
File Mismatch Error
rm: can't remove '/mnt/smartctl': No such file or directory
cp: can't stat '/run/media/sdb1/smartctl': No such file or directory
diff: can't stat '/run/media/sdb1/smartctl': No such file or directory
File Mismatch Error
rm: can't remove '/mnt/smartctl': No such file or directory
cp: can't stat '/run/media/sdb1/smartctl': No such file or directory
diff: can't stat '/run/media/sdb1/smartctl': No such file or directory
File Mismatch Error
rm: can't remove '/mnt/smartctl': No such file or directory
cp: can't stat '/run/media/sdb1/smartctl': No such file or directory
diff: can't stat '/run/media/sdb1/smartctl': No such file or directory
File Mismatch Error
rm: can't remove '/mnt/smartctl': No such file or directory
cp: can't stat '/run/media/sdb1/smartctl': No such file or directory
diff: can't stat '/run/media/sdb1/smartctl': No such file or directory
File Mismatch Error
rm: can't remove '/mnt/smartctl': No such file or directory
cp: can't stat '/run/media/sdb1/smartctl': No such file or directory
diff: can't stat '/run/media/sdb1/smartctl': No such file or directory
File Mismatch Error
rm: can't remove '/mnt/smartctl': No such file or directory
cp: can't stat '/run/media/sdb1/smartctl': No such file or directory
diff: can't stat '/run/media/sdb1/smartctl': No such file or directory
File Mismatch Error
rm: can't remove '/mnt/smartctl': No such file or directory
cp: can't stat '/run/media/sdb1/smartctl': No such file or directory
diff: can't stat '/run/media/sdb1/smartctl': No such file or directory
File Mismatch Error
rm: can't remove '/mnt/smartctl': No such file or directory
cp: can't stat '/run/media/sdb1/smartctl': No such file or directory
diff: can't stat '/run/media/sdb1/smartctl': No such file or directory
File Mismatch Error
rm: can't remove '/mnt/smartctl': No such file or directory
cp: can't stat '/run/media/sdb1/smartctl': No such file or directory
diff: can't stat '/run/media/sdb1/smartctl': No such file or directory
File Mismatch Error
rm: can't remove '/mnt/smartctl': No such file or directory
cp: can't stat '/run/media/sdb1/smartctl': No such file or directory
diff: can't stat '/run/media/sdb1/smartctl': No such file or directory
File Mismatch Error
rm: can't remove '/mnt/smartctl': No such file or directory
cp: can't stat '/run/media/sdb1/smartctl': No such file or directory
diff: can't stat '/run/media/sdb1/smartctl': No such file or directory
File Mismatch Error
rm: can't remove '/mnt/smartctl': No such file or directory
cp: can't stat '/run/media/sdb1/smartctl': No such file or directory
diff: can't stat '/run/media/sdb1/smartctl': No such file or directory
File Mismatch Error
rm: can't remove '/mnt/smartctl': No such file or directory
cp: can't stat '/run/media/sdb1/smartctl': No such file or directory
diff: can't stat '/run/media/sdb1/smartctl': No such file or directory
File Mismatch Error
rm: can't remove '/mnt/smartctl': No such file or directory
cp: can't stat '/run/media/sdb1/smartctl': No such file or directory
diff: can't stat '/run/media/sdb1/smartctl': No such file or directory
File Mismatch Error
rm: can't remove '/mnt/smartctl': No such file or directory
cp: can't stat '/run/media/sdb1/smartctl': No such file or directory
diff: can't stat '/run/media/sdb1/smartctl': No such file or directory
File Mismatch Error
rm: can't remove '/mnt/smartctl': No such file or directory
cp: can't stat '/run/media/sdb1/smartctl': No such file or directory
diff: can't stat '/run/media/sdb1/smartctl': No such file or directory
File Mismatch Error
rm: can't remove '/mnt/smartctl': No such file or directory
cp: can't stat '/run/media/sdb1/smartctl': No such file or directory
diff: can't stat '/run/media/sdb1/smartctl': No such file or directory
File Mismatch Error
rm: can't remove '/mnt/smartctl': No such file or directory
cp: can't stat '/run/media/sdb1/smartctl': No such file or directory
diff: can't stat '/run/media/sdb1/smartctl': No such file or directory
File Mismatch Error
rm: can't remove '/mnt/smartctl': No such file or directory
cp: can't stat '/run/media/sdb1/smartctl': No such file or directory
diff: can't stat '/run/media/sdb1/smartctl': No such file or directory
File Mismatch Error
rm: can't remove '/mnt/smartctl': No such file or directory
cp: can't stat '/run/media/sdb1/smartctl': No such file or directory
diff: can't stat '/run/media/sdb1/smartctl': No such file or directory
File Mismatch Error
rm: can't remove '/mnt/smartctl': No such file or directory
cp: can't stat '/run/media/sdb1/smartctl': No such file or directory
diff: can't stat '/run/media/sdb1/smartctl': No such file or directory
File Mismatch Error
rm: can't remove '/mnt/smartctl': No such file or directory
cp: can't stat '/run/media/sdb1/smartctl': No such file or directory
diff: can't stat '/run/media/sdb1/smartctl': No such file or directory
File Mismatch Error
rm: can't remove '/mnt/smartctl': No such file or directory
cp: can't stat '/run/media/sdb1/smartctl': No such file or directory
diff: can't stat '/run/media/sdb1/smartctl': No such file or directory
File Mismatch Error
rm: can't remove '/mnt/smartctl': No such file or directory
cp: can't stat '/run/media/sdb1/smartctl': No such file or directory
diff: can't stat '/run/media/sdb1/smartctl': No such file or directory
File Mismatch Error
rm: can't remove '/mnt/smartctl': No such file or directory
cp: can't stat '/run/media/sdb1/smartctl': No such file or directory
diff: can't stat '/run/media/sdb1/smartctl': No such file or directory
File Mismatch Error
rm: can't remove '/mnt/smartctl': No such file or directory
cp: can't stat '/run/media/sdb1/smartctl': No such file or directory
diff: can't stat '/run/media/sdb1/smartctl': No such file or directory
File Mismatch Error
rm: can't remove '/mnt/smartctl': No such file or directory
cp: can't stat '/run/media/sdb1/smartctl': No such file or directory
diff: can't stat '/run/med
Error: Found regular expression in step 0 of test 16 - "(.*)File\s+Mismatch\s+Error"

step finished 
the expression:(.*)File\s+Mismatch\s+Error

Error: Could not find regular expression in step 0 of test 16 - "(.*)USB\s+Read/Write Test\s+\-\s+PASSED"

Error: Could not find regular expression in step 0 of test 16 - "(.*)/run/media/sda1"

Error: Could not find regular expression in step 0 of test 16 - "(.*)reboot:\s+Power\s+down"

Entering step: 17


Info: This step started at: 2018-02-26 16:09:41

Error: Stopped because step 0 failed in test 16

Info: Result for step 0: Fail
Info: Result for step 1: Pass
Info: Result for step 2: Pass
Info: Result for step 3: Pass
Info: Result for step 4: Fail
Info: Result for step 5: Fail
Info: Result for step 6: Fail
Info: Result for step 7: Fail
Info: Result for step 8: Fail
Info: Result for step 9: Fail
Info: Result for step 10: Fail
Info: Result for step 11: Fail
Info: Result for step 12: Fail
Info: Result for step 13: Fail
Info: Result for step 14: Fail
Info: Result for step 15: Fail
Info: Result for step 16: Fail
Info: The test took 0 hours, 01 minutes, and 54 seconds. 0:01:54

Info: Ethernet, SD, USB, SATA Test test started...

Info: The test will take 0 hours, 03 minutes, and 58 seconds. 0:03:58

Entering step: 0


Info: This step started at: 2018-02-26 16:09:43

Entering step: 1


Info: This step started at: 2018-02-26 16:09:43
[   71.457974] random: crng init done

User has confirmed: "Insert SD card with contents of SATA_SD folder.
Connect USB3 thumbdrive and SATA drive. Cycle ZCU102 Board Power and then click OK"

step finished 

Entering step: 2


Info: This step started at: 2018-02-26 16:09:51

C:\zcu111_bit\tests\ZCU111>cd bat\ 

C:\zcu111_bit\tests\ZCU111\bat>ezoutlet.exe reset 192.168.0.12 
step finished 

Entering step: 3


Info: This step started at: 2018-02-26 16:09:56
Xilinx Zynq MP First Stage Boot Loader 
Release 2018.1   Feb 13 2018  -  19:23:52
PMU Firmware 2018.1	Nov  8 2017   12:23:17
NOTICE:  ATF running on XCZUUNKN/silicon v4/RTL5.1 at 0xfffea000, with PMU firmware
NOTICE:  BL31: Secure code at 0x0
NOTICE:  BL31: Non secure code at 0x8000000
NOTICE:  BL31: v1.3(release):70dfdb8
NOTICE:  BL31: Built : 15:23:49, Apr  4 2017


U-Boot 2017.01 (Apr 04 2017 - 21:00:34 +0530) Xilinx ZynqMP ZCU102

I2C:   ready
DRAM:  2 GiB
EL Level:	EL2
Chip ID:	xczuunknown
MMC:   sdhci@ff170000: 0 (SD)
SF: Detected mt25qu02g with page size 512 Bytes, erase size 128 KiB, total 512 MiB
*** Warning - bad CRC, using default environment

In:    serial
Out:   serial
Err:   serial
Bootmode: LVL_SHFT_SD_MODE1
Net:   ZYNQ GEM: ff0e0000, phyaddr c, interface rgmii-id
eth0: ethernet@ff0e0000
U-BOOT for xilinx-zcu102-2017_1

ethernet@ff0e0000 Waiting for PHY auto negotiation to complete........ done
BOOTP broadcast 1
BOOTP broadcast 2
BOOTP broadcast 3
BOOTP broadcast 4
BOOTP broadcast 5
BOOTP broadcast 6
BOOTP broadcast 7
BOOTP broadcast 8
BOOTP broadcast 9
BOOTP broadcast 10

****** Vivado v2017.4 (64-bit)
  **** SW Build 2086221 on Fri Dec 15 20:55:39 MST 2017
  **** IP Build 2085800 on Fri Dec 15 22:25:07 MST 2017
    ** Copyright 1986-2017 Xilinx, Inc. All Rights Reserved.

source {tcl\five_second_delay.tcl}
# after 5000
BOOTP broadcast 11
BOOTP broadcast 12
INFO: [Common 17-206] Exiting Vivado at Mon Feb 26 16:10:22 2018...
step finished 

Entering step: 4


Info: This step started at: 2018-02-26 16:10:22
BOOTP broadcast 13
Writing: '\n'
BOOTP broadcast 14
BOOTP broadcast 15

Entering step: 5


Info: This step started at: 2018-02-26 16:10:27
Writing: '\n'
BOOTP broadcast 16
BOOTP broadcast 17

Entering step: 6


Info: This step started at: 2018-02-26 16:10:32

Retry time exceeded
Hit any key to stop autoboot:  4  3  2  1  0 
Device: sdhci@ff170000
Manufacturer ID: 3
OEM: 5344
Name: SS08G 
Tran Speed: 50000000
Rd Block Len: 512
SD version 3.0
High Capacity: Yes
Capacity: 7.4 GiB
Bus Width: 4-bit
Erase Group Size: 512 Bytes
reading image.ub
33714468 bytes read in 2197 ms (14.6 MiB/s)
