Board: ZCU111
Serial Number: 0000-0000
Mac Address: 01:02:03:04:05:06


Info: Ethernet, SD, USB, SATA Test test started...

Info: The test will take 0 hours, 03 minutes, and 58 seconds. 0:03:58

Entering step: 0


Info: This step started at: 2018-02-26 16:14:13

Entering step: 1


Info: This step started at: 2018-02-26 16:14:13

User has confirmed: "Insert SD card with contents of SATA_SD folder.
Connect USB3 thumbdrive and SATA drive. Cycle ZCU102 Board Power and then click OK"

step finished 

Entering step: 2


Info: This step started at: 2018-02-26 16:14:17

C:\zcu111_bit\tests\ZCU111>cd bat\ 

C:\zcu111_bit\tests\ZCU111\bat>ezoutlet.exe reset 192.168.0.12 
step finished 

Entering step: 3


Info: This step started at: 2018-02-26 16:14:21
Xilinx Zynq MP First Stage Boot Loader 
Release 2018.1   Feb 13 2018  -  19:23:52
PMU Firmware 2018.1	Nov  8 2017   12:23:17
NOTICE:  ATF running on XCZUUNKN/silicon v4/RTL5.1 at 0xfffea000, with PMU firmware
NOTICE:  BL31: Secure code at 0x0
NOTICE:  BL31: Non secure code at 0x8000000
NOTICE:  BL31: v1.3(release):70dfdb8
NOTICE:  BL31: Built : 15:23:49, Apr  4 2017


U-Boot 2017.01 (Apr 04 2017 - 21:00:34 +0530) Xilinx ZynqMP ZCU102

I2C:   ready
DRAM:  2 GiB
EL Level:	EL2
Chip ID:	xczuunknown
MMC:   sdhci@ff170000: 0 (SD)
SF: Detected mt25qu02g with page size 512 Bytes, erase size 128 KiB, total 512 MiB
*** Warning - bad CRC, using default environment

In:    serial
Out:   serial
Err:   serial
Bootmode: LVL_SHFT_SD_MODE1
Net:   ZYNQ GEM: ff0e0000, phyaddr c, interface rgmii-id
eth0: ethernet@ff0e0000
U-BOOT for xilinx-zcu102-2017_1

ethernet@ff0e0000 Waiting for PHY auto negotiation to complete...... done
BOOTP broadcast 1
BOOTP broadcast 2
BOOTP broadcast 3
BOOTP broadcast 4
BOOTP broadcast 5
BOOTP broadcast 6
BOOTP broadcast 7
BOOTP broadcast 8
BOOTP broadcast 9

****** Vivado v2017.4 (64-bit)
  **** SW Build 2086221 on Fri Dec 15 20:55:39 MST 2017
  **** IP Build 2085800 on Fri Dec 15 22:25:07 MST 2017
    ** Copyright 1986-2017 Xilinx, Inc. All Rights Reserved.

source {tcl\five_second_delay.tcl}
# after 5000
BOOTP broadcast 10
BOOTP broadcast 11
BOOTP broadcast 12
INFO: [Common 17-206] Exiting Vivado at Mon Feb 26 16:14:46 2018...
step finished 

Entering step: 4


Info: This step started at: 2018-02-26 16:14:46
Writing: '\n'
BOOTP broadcast 13
BOOTP broadcast 14

Entering step: 5


Info: This step started at: 2018-02-26 16:14:51
BOOTP broadcast 15
Writing: '\n'
BOOTP broadcast 16
BOOTP broadcast 17

Entering step: 6


Info: This step started at: 2018-02-26 16:14:56

Retry time exceeded
Hit any key to stop autoboot:  4  3  2  1  0 
Device: sdhci@ff170000
Manufacturer ID: 3
OEM: 5344
Name: SS08G 
Tran Speed: 50000000
Rd Block Len: 512
SD version 3.0
High Capacity: Yes
Capacity: 7.4 GiB
Bus Width: 4-bit
Erase Group Size: 512 Bytes
reading image.ub
33714468 bytes read in 2203 ms (14.6 MiB/s)
## Loading kernel from FIT Image at 10000000 ...
   Using 'conf@1' configuration
   Trying 'kernel@0' kernel subimage
     Description:  Linux Kernel
     Type:         Kernel Image
     Compression:  uncompressed
     Data Start:   0x100000d8
     Data Size:    33677824 Bytes = 32.1 MiB
     Architecture: AArch64
     OS:           Linux
     Load Address: 0x00080000
     Entry Point:  0x00080000
     Hash algo:    sha1
     Hash value:   0e1b82468969f68b394e50300a473684c60a0f3b
   Verifying Hash Integrity ... sha1+ OK
## Loading fdt from FIT Image at 10000000 ...
   Using 'conf@1' configuration
   Trying 'fdt@0' fdt subimage
     Description:  Flattened Device Tree blob
     Type:         Flat Device Tree
     Compression:  uncompressed
     Data Start:   0x1201e3d0
     Data Size:    35337 Bytes = 34.5 KiB
     Architecture: AArch64
     Hash algo:    sha1
     Hash value:   b9878704d59ae99a61f33439be5236247437046c
   Verifying Hash Integrity ... sha1+ OK
   Booting using the fdt blob at 0x1201e3d0
   Loading Kernel Image ... OK
   Loading Device Tree to 0000000007ff4000, end 0000000007fffa08 ... OK

Starting kernel ...

[    0.000000] Booting Linux on physical CPU 0x0
[    0.000000] Linux version 4.14.0-xilinx-v2018.1 (oe-user@oe-host) (gcc version 7.2.0 (GCC)) #2 SMP Mon Feb 12 16:58:18 MST 2018
[    0.000000] Boot CPU: AArch64 Processor [410fd034]
[    0.000000] Machine model: ZynqMP ZCU111 RevA
[    0.000000] earlycon: cdns0 at MMIO 0x00000000ff000000 (options '115200n8')
[    0.000000] bootconsole [cdns0] enabled
[    0.000000] efi: Getting EFI parameters from FDT:
[    0.000000] efi: UEFI not found.
[    0.000000] cma: Reserved 256 MiB at 0x0000000070000000
[    0.000000] psci: probing for conduit method from DT.
[    0.000000] psci: PSCIv1.0 detected in firmware.
[    0.000000] psci: Using standard PSCI v0.2 function IDs
[    0.000000] psci: MIGRATE_INFO_TYPE not supported.
[    0.000000] percpu: Embedded 21 pages/cpu @ffffffc06ff6c000 s46488 r8192 d31336 u86016
[    0.000000] Detected VIPT I-cache on CPU0
[    0.000000] CPU features: enabling workaround for ARM erratum 845719
[    0.000000] Built 1 zonelists, mobility grouping on.  Total pages: 517120
[    0.000000] Kernel command line: earlycon clk_ignore_unused
[    0.000000] PID hash table entries: 4096 (order: 3, 32768 bytes)
[    0.000000] Dentry cache hash table entries: 262144 (order: 9, 2097152 bytes)
[    0.000000] Inode-cache hash table entries: 131072 (order: 8, 1048576 bytes)
[    0.000000] Memory: 1769328K/2097152K available (9788K kernel code, 632K rwdata, 2944K rodata, 19456K init, 370K bss, 65680K reserved, 262144K cma-reserved)
[    0.000000] Virtual kernel memory layout:
[    0.000000]     modules : 0xffffff8000000000 - 0xffffff8008000000   (   128 MB)
[    0.000000]     vmalloc : 0xffffff8008000000 - 0xffffffbebfff0000   (   250 GB)
[    0.000000]       .text : 0xffffff8008080000 - 0xffffff8008a10000   (  9792 KB)
[    0.000000]     .rodata : 0xffffff8008a10000 - 0xffffff8008d00000   (  3008 KB)
[    0.000000]       .init : 0xffffff8008d00000 - 0xffffff800a000000   ( 19456 KB)
[    0.000000]       .data : 0xffffff800a000000 - 0xffffff800a09e200   (   633 KB)
[    0.000000]        .bss : 0xffffff800a09e200 - 0xffffff800a0faa30   (   371 KB)
[    0.000000]     fixed   : 0xffffffbefe7fd000 - 0xffffffbefec00000   (  4108 KB)
[    0.000000]     PCI I/O : 0xffffffbefee00000 - 0xffffffbeffe00000   (    16 MB)
[    0.000000]     vmemmap : 0xffffffbf00000000 - 0xffffffc000000000   (     4 GB maximum)
[    0.000000]               0xffffffbf00000000 - 0xffffffbf01c00000   (    28 MB actual)
[    0.000000]     memory  : 0xffffffc000000000 - 0xffffffc080000000   (  2048 MB)
[    0.000000] Hierarchical RCU implementation.
[    0.000000] 	RCU event tracing is enabled.
[    0.000000] 	RCU restricting CPUs from NR_CPUS=8 to nr_cpu_ids=4.
[    0.000000] RCU: Adjusting geometry for rcu_fanout_leaf=16, nr_cpu_ids=4
[    0.000000] NR_IRQS: 64, nr_irqs: 64, preallocated irqs: 0
[    0.000000] GIC: Adjusting CPU interface base to 0x00000000f902f000
[    0.000000] GIC: Using split EOI/Deactivate mode
[    0.000000] arch_timer: cp15 timer(s) running at 99.99MHz (phys).
[    0.000000] clocksource: arch_sys_counter: mask: 0xffffffffffffff max_cycles: 0x171015c90f, max_idle_ns: 440795203080 ns
[    0.000003] sched_clock: 56 bits at 99MHz, resolution 10ns, wraps every 4398046511101ns
[    0.008289] Console: colour dummy device 80x25
[    0.012541] console [tty0] enabled
[    0.015907] bootconsole [cdns0] disabled
[    0.000000] Booting Linux on physical CPU 0x0
[    0.000000] Linux version 4.14.0-xilinx-v2018.1 (oe-user@oe-host) (gcc version 7.2.0 (GCC)) #2 SMP Mon Feb 12 16:58:18 MST 2018
[    0.000000] Boot CPU: AArch64 Processor [410fd034]
[    0.000000] Machine model: ZynqMP ZCU111 RevA
[    0.000000] earlycon: cdns0 at MMIO 0x00000000ff000000 (options '115200n8')
[    0.000000] bootconsole [cdns0] enabled
[    0.000000] efi: Getting EFI parameters from FDT:
[    0.000000] efi: UEFI not found.
[    0.000000] cma: Reserved 256 MiB at 0x0000000070000000
[    0.000000] psci: probing for conduit method from DT.
[    0.000000] psci: PSCIv1.0 detected in firmware.
[    0.000000] psci: Using standard PSCI v0.2 function IDs
[    0.000000] psci: MIGRATE_INFO_TYPE not supported.
[    0.000000] percpu: Embedded 21 pages/cpu @ffffffc06ff6c000 s46488 r8192 d31336 u86016
[    0.000000] Detected VIPT I-cache on CPU0
[    0.000000] CPU features: enabling workaround for ARM erratum 845719
[    0.000000] Built 1 zonelists, mobility grouping on.  Total pages: 517120
[    0.000000] Kernel command line: earlycon clk_ignore_unused
[    0.000000] PID hash table entries: 4096 (order: 3, 32768 bytes)
[    0.000000] Dentry cache hash table entries: 262144 (order: 9, 2097152 bytes)
[    0.000000] Inode-cache hash table entries: 131072 (order: 8, 1048576 bytes)
[    0.000000] Memory: 1769328K/2097152K available (9788K kernel code, 632K rwdata, 2944K rodata, 19456K init, 370K bss, 65680K reserved, 262144K cma-reserved)
[    0.000000] Virtual kernel memory layout:
[    0.000000]     modules : 0xffffff8000000000 - 0xffffff8008000000   (   128 MB)
[    0.000000]     vmalloc : 0xffffff8008000000 - 0xffffffbebfff0000   (   250 GB)
[    0.000000]       .text : 0xffffff8008080000 - 0xffffff8008a10000   (  9792 KB)
[    0.000000]     .rodata : 0xffffff8008a10000 - 0xffffff8008d00000   (  3008 KB)
[    0.000000]       .init : 0xffffff8008d00000 - 0xffffff800a000000   ( 19456 KB)
[    0.000000]       .data : 0xffffff800a000000 - 0xffffff800a09e200   (   633 KB)
[    0.000000]        .bss : 0xffffff800a09e200 - 0xffffff800a0faa30   (   371 KB)
[    0.000000]     fixed   : 0xffffffbefe7fd000 - 0xffffffbefec00000   (  4108 KB)
[    0.000000]     PCI I/O : 0xffffffbefee00000 - 0xffffffbeffe00000   (    16 MB)
[    0.000000]     vmemmap : 0xffffffbf00000000 - 0xffffffc000000000   (     4 GB maximum)
[    0.000000]               0xffffffbf00000000 - 0xffffffbf01c00000   (    28 MB actual)
[    0.000000]     memory  : 0xffffffc000000000 - 0xffffffc080000000   (  2048 MB)
[    0.000000] Hierarchical RCU implementation.
[    0.000000] 	RCU event tracing is enabled.
[    0.000000] 	RCU restricting CPUs from NR_CPUS=8 to nr_cpu_ids=4.
[    0.000000] RCU: Adjusting geometry for rcu_fanout_leaf=16, nr_cpu_ids=4
[    0.000000] NR_IRQS: 64, nr_irqs: 64, preallocated irqs: 0
[    0.000000] GIC: Adjusting CPU interface base to 0x00000000f902f000
[    0.000000] GIC: Using split EOI/Deactivate mode
[    0.000000] arch_timer: cp15 timer(s) running at 99.99MHz (phys).
[    0.000000] clocksource: arch_sys_counter: mask: 0xffffffffffffff max_cycles: 0x171015c90f, max_idle_ns: 440795203080 ns
[    0.000003] sched_clock: 56 bits at 99MHz, resolution 10ns, wraps every 4398046511101ns
[    0.008289] Console: colour dummy device 80x25
[    0.012541] console [tty0] enabled
[    0.015907] bootconsole [cdns0] disabled
[    0.019816] Calibrating delay loop (skipped), value calculated using timer frequency.. 199.99 BogoMIPS (lpj=399996)
[    0.019829] pid_max: default: 32768 minimum: 301
[    0.019932] Mount-cache hash table entries: 4096 (order: 3, 32768 bytes)
[    0.019946] Mountpoint-cache hash table entries: 4096 (order: 3, 32768 bytes)
[    0.020548] ASID allocator initialised with 65536 entries
[    0.020600] Hierarchical SRCU implementation.
[    0.020876] zynqmp_plat_init Power management API v0.3
[    0.020952] EFI services will not be available.
[    0.021018] zynqmp_plat_init: pm node not found
[    0.021118] smp: Bringing up secondary CPUs ...
[    0.173638] Detected VIPT I-cache on CPU1
[    0.173668] CPU1: Booted secondary processor [410fd034]
[    0.285809] Detected VIPT I-cache on CPU2
[    0.285827] CPU2: Booted secondary processor [410fd034]
[    0.414642] Detected VIPT I-cache on CPU3
[    0.414660] CPU3: Booted secondary processor [410fd034]
[    0.414701] smp: Brought up 1 node, 4 CPUs
[    0.414733] SMP: Total of 4 processors activated.
[    0.414741] CPU features: detected feature: 32-bit EL0 Support
[    0.414752] CPU: All CPU(s) started at EL2
[    0.414769] alternatives: patching kernel code
[    0.415447] devtmpfs: initialized
[    0.419509] random: get_random_u32 called from bucket_table_alloc+0x108/0x260 with crng_init=0
[    0.419666] clocksource: jiffies: mask: 0xffffffff max_cycles: 0xffffffff, max_idle_ns: 7645041785100000 ns
[    0.419687] futex hash table entries: 1024 (order: 5, 131072 bytes)
[    0.424591] xor: measuring software checksum speed
[    0.464135]    8regs     :  2303.000 MB/sec
[    0.504164]    8regs_prefetch:  2053.000 MB/sec
[    0.544192]    32regs    :  2830.000 MB/sec
[    0.584222]    32regs_prefetch:  2381.000 MB/sec
[    0.584230] xor: using function: 32regs (2830.000 MB/sec)
[    0.584301] pinctrl core: initialized pinctrl subsystem
[    0.584465] random: fast init done
[    0.584820] NET: Registered protocol family 16
[    0.585338] cpuidle: using governor menu
[    0.585764] vdso: 2 pages (1 code @ ffffff8008a16000, 1 data @ ffffff800a004000)
[    0.585781] hw-breakpoint: found 6 breakpoint and 4 watchpoint registers.
[    0.586328] DMA: preallocated 256 KiB pool for atomic allocations
[    0.596438] reset_zynqmp reset-controller: Xilinx zynqmp reset driver probed
[    0.597147] ARM CCI_400_r1 PMU driver probed
[    0.599266] pinctrl-zynqmp ff180000.pinctrl: zynqmp pinctrl initialized
[    0.606338] HugeTLB registered 2.00 MiB page size, pre-allocated 0 pages
[    0.672478] raid6: int64x1  gen()   401 MB/s
[    0.740412] raid6: int64x1  xor()   446 MB/s
[    0.808481] raid6: int64x2  gen()   686 MB/s
[    0.876494] raid6: int64x2  xor()   603 MB/s
[    0.944575] raid6: int64x4  gen()  1042 MB/s
[    1.012627] raid6: int64x4  xor()   742 MB/s
[    1.080682] raid6: int64x8  gen()   980 MB/s
[    1.148743] raid6: int64x8  xor()   746 MB/s
[    1.216776] raid6: neonx1   gen()   726 MB/s
[    1.284817] raid6: neonx1   xor()   853 MB/s
[    1.352876] raid6: neonx2   gen()  1166 MB/s
[    1.420922] raid6: neonx2   xor()  1203 MB/s
[    1.489012] raid6: neonx4   gen()  1504 MB/s
[    1.557029] raid6: neonx4   xor()  1437 MB/s
[    1.625102] raid6: neonx8   gen()  1649 MB/s
[    1.693138] raid6: neonx8   xor()  1526 MB/s
[    1.693146] raid6: using algorithm neonx8 gen() 1649 MB/s
[    1.693153] raid6: .... xor() 1526 MB/s, rmw enabled
[    1.693161] raid6: using neon recovery algorithm
[    1.694534] SCSI subsystem initialized
[    1.694707] usbcore: registered new interface driver usbfs
[    1.694744] usbcore: registered new interface driver hub
[    1.694780] usbcore: registered new device driver usb
[    1.694854] media: Linux media interface: v0.10
[    1.694880] Linux video capture interface: v2.00
[    1.694919] pps_core: LinuxPPS API ver. 1 registered
[    1.694927] pps_core: Software ver. 5.3.6 - Copyright 2005-2007 Rodolfo Giometti <giometti@linux.it>
[    1.694946] PTP clock support registered
[    1.694970] EDAC MC: Ver: 3.0.0
[    1.695245] FPGA manager framework
[    1.695366] fpga-region fpga-full: FPGA Region probed
[    1.695465] Advanced Linux Sound Architecture Driver Initialized.
[    1.695728] Bluetooth: Core ver 2.22
[    1.695760] NET: Registered protocol family 31
[    1.695768] Bluetooth: HCI device and connection manager initialized
[    1.695779] Bluetooth: HCI socket layer initialized
[    1.695789] Bluetooth: L2CAP socket layer initialized
[    1.695807] Bluetooth: SCO socket layer initialized
[    1.696286] clocksource: Switched to clocksource arch_sys_counter
[    1.696359] VFS: Disk quotas dquot_6.6.0
[    1.696406] VFS: Dquot-cache hash table entries: 512 (order 0, 4096 bytes)
[    1.700318] NET: Registered protocol family 2
[    1.700612] TCP established hash table entries: 16384 (order: 5, 131072 bytes)
[    1.700727] TCP bind hash table entries: 16384 (order: 6, 262144 bytes)
[    1.700932] TCP: Hash tables configured (established 16384 bind 16384)
[    1.701000] UDP hash table entries: 1024 (order: 3, 32768 bytes)
[    1.701044] UDP-Lite hash table entries: 1024 (order: 3, 32768 bytes)
[    1.701163] NET: Registered protocol family 1
[    1.701365] RPC: Registered named UNIX socket transport module.
[    1.701375] RPC: Registered udp transport module.
[    1.701382] RPC: Registered tcp transport module.
[    1.701389] RPC: Registered tcp NFSv4.1 backchannel transport module.
[    1.772706] hw perfevents: no interrupt-affinity property for /pmu, guessing.
[    1.772869] hw perfevents: enabled with armv8_pmuv3 PMU driver, 7 counters available
[    1.773463] audit: initializing netlink subsys (disabled)
[    1.773670] audit: type=2000 audit(1.760:1): state=initialized audit_enabled=0 res=1
[    1.774028] workingset: timestamp_bits=62 max_order=19 bucket_order=0
[    1.774688] NFS: Registering the id_resolver key type
[    1.774709] Key type id_resolver registered
[    1.774717] Key type id_legacy registered
[    1.774728] nfs4filelayout_init: NFSv4 File Layout Driver Registering...
[    1.774748] jffs2: version 2.2. (NAND) (SUMMARY)  Â© 2001-2006 Red Hat, Inc.
[    1.801612] Block layer SCSI generic (bsg) driver version 0.4 loaded (major 246)
[    1.801633] io scheduler noop registered
[    1.801641] io scheduler deadline registered
[    1.801661] io scheduler cfq registered (default)
[    1.801669] io scheduler mq-deadline registered
[    1.801677] io scheduler kyber registered
[    1.802743] xilinx-dpdma fd4c0000.dma: Xilinx DPDMA engine is probed
[    1.803141] xilinx-zynqmp-dma fd500000.dma: ZynqMP DMA driver Probe success
[    1.803293] xilinx-zynqmp-dma fd510000.dma: ZynqMP DMA driver Probe success
[    1.803448] xilinx-zynqmp-dma fd520000.dma: ZynqMP DMA driver Probe success
[    1.803599] xilinx-zynqmp-dma fd530000.dma: ZynqMP DMA driver Probe success
[    1.803765] xilinx-zynqmp-dma fd540000.dma: ZynqMP DMA driver Probe success
[    1.803921] xilinx-zynqmp-dma fd550000.dma: ZynqMP DMA driver Probe success
[    1.804073] xilinx-zynqmp-dma fd560000.dma: ZynqMP DMA driver Probe success
[    1.804231] xilinx-zynqmp-dma fd570000.dma: ZynqMP DMA driver Probe success
[    1.804415] zynqmp_pm firmware: Power management API v0.3
[    1.829194] Serial: 8250/16550 driver, 4 ports, IRQ sharing disabled
[    1.830663] [drm] load() is defered & will be called again
[    1.830976] xilinx-drm-dp-sub fd4aa000.dp_sub: Xilinx DisplayPort Subsystem is probed
[    1.831137] cacheinfo: Unable to detect cache hierarchy for CPU 0
[    1.835114] brd: module loaded
[    1.838547] loop: module loaded
[    1.839174] ahci-ceva fd0c0000.ahci: couldn't get PHY in node ahci: -517
[    1.839302] mtdoops: mtd device (mtddev=name/number) must be supplied
[    1.840407] m25p80 spi0.0: found mt25ul02g, expected m25p80
[    1.840647] m25p80 spi0.0: mt25ul02g (524288 Kbytes)
[    1.840672] 4 ofpart partitions found on MTD device spi0.0
[    1.840680] Creating 4 MTD partitions on "spi0.0":
[    1.840693] 0x000000000000-0x000000100000 : "qspi-fsbl-uboot"
[    1.841168] 0x000000100000-0x000000600000 : "qspi-linux"
[    1.841540] 0x000000600000-0x000000620000 : "qspi-device-tree"
[    1.841909] 0x000000620000-0x000000c00000 : "qspi-rootfs"
[    1.843100] libphy: Fixed MDIO Bus: probed
[    1.844038] tun: Universal TUN/TAP device driver, 1.6
[    1.844270] CAN device driver interface
[    1.845826] macb ff0e0000.ethernet: Not enabling partial store and forward
[    1.846248] libphy: MACB_mii_bus: probed
[    1.849623] macb ff0e0000.ethernet eth0: Cadence GEM rev 0x50070106 at 0xff0e0000 irq 22 (00:0a:35:00:22:01)
[    1.849641] TI DP83867 ff0e0000.ethernet-ffffffff:0c: attached PHY driver [TI DP83867] (mii_bus:phy_addr=ff0e0000.ethernet-ffffffff:0c, irq=POLL)
[    1.850087] usbcore: registered new interface driver asix
[    1.850137] usbcore: registered new interface driver ax88179_178a
[    1.850166] usbcore: registered new interface driver cdc_ether
[    1.850193] usbcore: registered new interface driver net1080
[    1.850221] usbcore: registered new interface driver cdc_subset
[    1.850248] usbcore: registered new interface driver zaurus
[    1.850286] usbcore: registered new interface driver cdc_ncm
[    1.851592] ehci_hcd: USB 2.0 'Enhanced' Host Controller (EHCI) Driver
[    1.851602] ehci-pci: EHCI PCI platform driver
[    1.851814] usbcore: registered new interface driver uas
[    1.851852] usbcore: registered new interface driver usb-storage
[    1.852995] rtc_zynqmp ffa60000.rtc: rtc core: registered ffa60000.rtc as rtc0
[    1.853053] i2c /dev entries driver
[    1.854092] IR NEC protocol handler initialized
[    1.854101] IR RC5(x/sz) protocol handler initialized
[    1.854108] IR RC6 protocol handler initialized
[    1.854115] IR JVC protocol handler initialized
[    1.854122] IR Sony protocol handler initialized
[    1.854128] IR SANYO protocol handler initialized
[    1.854136] IR Sharp protocol handler initialized
[    1.854143] IR MCE Keyboard/mouse protocol handler initialized
[    1.854150] IR XMP protocol handler initialized
[    1.854709] usbcore: registered new interface driver uvcvideo
[    1.854718] USB Video Class driver (1.1.1)
[    1.855536] Bluetooth: HCI UART driver ver 2.3
[    1.855547] Bluetooth: HCI UART protocol H4 registered
[    1.855555] Bluetooth: HCI UART protocol BCSP registered
[    1.855562] Bluetooth: HCI UART protocol ATH3K registered
[    1.855570] Bluetooth: HCI UART protocol Three-wire (H5) registered
[    1.855613] Bluetooth: HCI UART protocol Intel registered
[    1.855622] Bluetooth: HCI UART protocol QCA registered
[    1.855657] usbcore: registered new interface driver bcm203x
[    1.855688] usbcore: registered new interface driver bpa10x
[    1.855722] usbcore: registered new interface driver bfusb
[    1.855754] usbcore: registered new interface driver btusb
[    1.855762] Bluetooth: Generic Bluetooth SDIO driver ver 0.1
[    1.855808] usbcore: registered new interface driver ath3k
[    1.855922] EDAC MC: ECC not enabled
[    1.856061] EDAC DEVICE0: Giving out device to module zynqmp-ocm-edac controller zynqmp_ocm: DEV ff960000.memory-controller (INTERRUPT)
[    1.856696] sdhci: Secure Digital Host Controller Interface driver
[    1.856705] sdhci: Copyright(c) Pierre Ossman
[    1.856712] sdhci-pltfm: SDHCI platform and OF driver helper
[    1.858310] ledtrig-cpu: registered to indicate activity on CPUs
[    1.858444] usbcore: registered new interface driver usbhid
[    1.858452] usbhid: USB HID core driver
[    1.858927] fpga_manager fpga0: Xilinx ZynqMP FPGA Manager registered
[    1.859423] xilinx-dp-snd-pcm dp_snd_pcm0: Xilinx DisplayPort Sound PCM probed
[    1.859480] xilinx-dp-snd-pcm dp_snd_pcm1: Xilinx DisplayPort Sound PCM probed
[    1.859670] PLL: shutdown
[    1.860578] Write failed to divider address:fd1a007c
[    1.860731] PLL: enable
[    1.860905] xilinx-dp-snd-codec dp_snd_codec0: Xilinx DisplayPort Sound Codec probed
[    1.861514] xilinx-dp-snd-card dp_snd_card: xilinx-dp-snd-codec-dai <-> xilinx-dp-snd-codec-dai mapping ok
[    1.861631] xilinx-dp-snd-card dp_snd_card: xilinx-dp-snd-codec-dai <-> xilinx-dp-snd-codec-dai mapping ok
[    1.861998] xilinx-dp-snd-card dp_snd_card: Xilinx DisplayPort Sound Card probed
[    1.862110] pktgen: Packet Generator for packet performance testing. Version: 2.75
[    1.862309] Netfilter messages via NETLINK v0.30.
[    1.862424] ip_tables: (C) 2000-2006 Netfilter Core Team
[    1.862555] Initializing XFRM netlink socket
[    1.862614] NET: Registered protocol family 10
[    1.863019] Segment Routing with IPv6
[    1.863062] ip6_tables: (C) 2000-2006 Netfilter Core Team
[    1.863181] sit: IPv6, IPv4 and MPLS over IPv4 tunneling driver
[    1.863489] NET: Registered protocol family 17
[    1.863505] NET: Registered protocol family 15
[    1.863523] bridge: filtering via arp/ip/ip6tables is no longer available by default. Update your scripts to load br_netfilter if you need this.
[    1.863536] Ebtables v2.0 registered
[    1.863612] can: controller area network core (rev 20170425 abi 9)
[    1.863645] NET: Registered protocol family 29
[    1.863654] can: raw protocol (rev 20170425)
[    1.863662] can: broadcast manager protocol (rev 20170425 t)
[    1.863672] can: netlink gateway (rev 20170425) max_hops=1
[    1.863815] Bluetooth: RFCOMM TTY layer initialized
[    1.863827] Bluetooth: RFCOMM socket layer initialized
[    1.863842] Bluetooth: RFCOMM ver 1.11
[    1.863853] Bluetooth: BNEP (Ethernet Emulation) ver 1.3
[    1.863860] Bluetooth: BNEP filters: protocol multicast
[    1.863870] Bluetooth: BNEP socket layer initialized
[    1.863878] Bluetooth: HIDP (Human Interface Emulation) ver 1.2
[    1.863888] Bluetooth: HIDP socket layer initialized
[    1.863995] 9pnet: Installing 9P2000 support
[    1.864016] Key type dns_resolver registered
[    1.864378] registered taskstats version 1
[    1.864692] Btrfs loaded, crc32c=crc32c-generic
[    1.869949] ff000000.serial: ttyPS0 at MMIO 0xff000000 (irq = 32, base_baud = 6249999) is a xuartps
[    3.409824] console [ttyPS0] enabled
[    3.415055] PLL: shutdown
[    3.417689] [drm] load() is defered & will be called again
[    3.423552] xilinx-psgtr fd400000.zynqmp_phy: Lane:1 type:8 protocol:4 pll_locked:yes
[    3.431546] xilinx-drm-dp fd4a0000.dp: device found, version 4.010
[    3.437654] xilinx-drm-dp fd4a0000.dp: Display Port, version 1.0200 (tx)
[    3.444628] xilinx-psgtr fd400000.zynqmp_phy: Lane:3 type:3 protocol:2 pll_locked:yes
[    3.452436] ahci-ceva fd0c0000.ahci: AHCI 0001.0301 32 slots 2 ports 6 Gbps 0x3 impl platform mode
[    3.461325] ahci-ceva fd0c0000.ahci: flags: 64bit ncq sntf pm clo only pmp fbs pio slum part ccc sds apst 
[    3.471666] scsi host0: ahci-ceva
[    3.475095] scsi host1: ahci-ceva
[    3.478434] ata1: SATA max UDMA/133 mmio [mem 0xfd0c0000-0xfd0c1fff] port 0x100 irq 30
[    3.486277] ata2: SATA max UDMA/133 mmio [mem 0xfd0c0000-0xfd0c1fff] port 0x180 irq 30
[    3.495836] xilinx-psgtr fd400000.zynqmp_phy: Lane:2 type:0 protocol:3 pll_locked:yes
[    3.524449] xhci-hcd xhci-hcd.0.auto: xHCI Host Controller
[    3.529867] xhci-hcd xhci-hcd.0.auto: new USB bus registered, assigned bus number 1
[    3.537695] xhci-hcd xhci-hcd.0.auto: hcc params 0x0238f625 hci version 0x100 quirks 0x22010010
[    3.546342] xhci-hcd xhci-hcd.0.auto: irq 35, io mem 0xfe200000
[    3.552333] usb usb1: New USB device found, idVendor=1d6b, idProduct=0002
[    3.559041] usb usb1: New USB device strings: Mfr=3, Product=2, SerialNumber=1
[    3.566244] usb usb1: Product: xHCI Host Controller
[    3.571102] usb usb1: Manufacturer: Linux 4.14.0-xilinx-v2018.1 xhci-hcd
[    3.577789] usb usb1: SerialNumber: xhci-hcd.0.auto
[    3.582922] hub 1-0:1.0: USB hub found
[    3.586610] hub 1-0:1.0: 1 port detected
[    3.590673] xhci-hcd xhci-hcd.0.auto: xHCI Host Controller
[    3.596086] xhci-hcd xhci-hcd.0.auto: new USB bus registered, assigned bus number 2
[    3.603760] usb usb2: We don't know the algorithms for LPM for this host, disabling LPM.
[    3.611863] usb usb2: New USB device found, idVendor=1d6b, idProduct=0003
[    3.618568] usb usb2: New USB device strings: Mfr=3, Product=2, SerialNumber=1
[    3.625771] usb usb2: Product: xHCI Host Controller
[    3.630629] usb usb2: Manufacturer: Linux 4.14.0-xilinx-v2018.1 xhci-hcd
[    3.637315] usb usb2: SerialNumber: xhci-hcd.0.auto
[    3.642402] hub 2-0:1.0: USB hub found
[    3.646091] hub 2-0:1.0: 1 port detected
[    3.650948] pca953x 0-0020: 0-0020 supply vcc not found, using dummy regulator
[    3.660939] pca953x 0-0020: interrupt support not compiled in
[    3.667383] ina2xx 3-0040: power monitor ina226 (Rshunt = 2000 uOhm)
[    3.674083] ina2xx 3-0041: power monitor ina226 (Rshunt = 5000 uOhm)
[    3.680773] ina2xx 3-0042: power monitor ina226 (Rshunt = 5000 uOhm)
[    3.687465] ina2xx 3-0043: power monitor ina226 (Rshunt = 5000 uOhm)
[    3.694153] ina2xx 3-0045: power monitor ina226 (Rshunt = 5000 uOhm)
[    3.700851] ina2xx 3-0046: power monitor ina226 (Rshunt = 2000 uOhm)
[    3.707534] ina2xx 3-0047: power monitor ina226 (Rshunt = 5000 uOhm)
[    3.714224] ina2xx 3-0048: power monitor ina226 (Rshunt = 5000 uOhm)
[    3.720916] ina2xx 3-0049: power monitor ina226 (Rshunt = 5000 uOhm)
[    3.727610] ina2xx 3-004a: power monitor ina226 (Rshunt = 5000 uOhm)
[    3.734303] ina2xx 3-004b: power monitor ina226 (Rshunt = 5000 uOhm)
[    3.740995] ina2xx 3-004c: power monitor ina226 (Rshunt = 5000 uOhm)
[    3.747687] ina2xx 3-004d: power monitor ina226 (Rshunt = 5000 uOhm)
[    3.754381] ina2xx 3-004e: power monitor ina226 (Rshunt = 5000 uOhm)
[    3.760680] i2c i2c-0: Added multiplexed i2c bus 3
[    3.765561] i2c i2c-0: Added multiplexed i2c bus 4
[    3.770576] i2c i2c-0: Added multiplexed i2c bus 5
[    3.775405] i2c i2c-0: Added multiplexed i2c bus 6
[    3.780123] pca954x 0-0075: registered 4 multiplexed busses for I2C mux pca9544
[    3.787434] cdns-i2c ff020000.i2c: 400 kHz mmio ff020000 irq 24
[    3.794870] at24 7-0054: 1024 byte 24c08 EEPROM, writable, 1 bytes/write
[    3.801518] i2c i2c-1: Added multiplexed i2c bus 7
[    3.806443] i2c i2c-1: Added multiplexed i2c bus 8
[    3.806468] ata1: SATA link down (SStatus 0 SControl 330)
[    3.818506] si570 9-005d: registered, current frequency 300000000 Hz
[    3.824809] i2c i2c-1: Added multiplexed i2c bus 9
[    3.843459] si570 10-005d: registered, current frequency 148500000 Hz
[    3.849852] i2c i2c-1: Added multiplexed i2c bus 10
[    3.854864] i2c i2c-1: Added multiplexed i2c bus 11
[    3.859847] i2c i2c-1: Added multiplexed i2c bus 12
[    3.864770] i2c i2c-1: Added multiplexed i2c bus 13
[    3.869683] i2c i2c-1: Added multiplexed i2c bus 14
[    3.874483] pca954x 1-0074: registered 8 multiplexed busses for I2C switch pca9548
[    3.882331] i2c i2c-1: Added multiplexed i2c bus 15
[    3.887251] i2c i2c-1: Added multiplexed i2c bus 16
[    3.892172] i2c i2c-1: Added multiplexed i2c bus 17
[    3.897393] i2c i2c-1: Added multiplexed i2c bus 18
[    3.902308] i2c i2c-1: Added multiplexed i2c bus 19
[    3.907229] i2c i2c-1: Added multiplexed i2c bus 20
[    3.912153] i2c i2c-1: Added multiplexed i2c bus 21
[    3.917074] i2c i2c-1: Added multiplexed i2c bus 22
[    3.921877] pca954x 1-0075: registered 8 multiplexed busses for I2C switch pca9548
[    3.929448] cdns-i2c ff030000.i2c: 400 kHz mmio ff030000 irq 25
[    3.968296] ata2: SATA link up 6.0 Gbps (SStatus 133 SControl 330)
[    3.975288] ata2.00: ATA-9: TS128GMTS400, O0918B, max UDMA/133
[    3.980294] mmc0: SDHCI controller on ff170000.sdhci [ff170000.sdhci] using ADMA 64-bit
[    3.980920] PLL: enable
[    3.981104] PLL: shutdown
[    3.981184] OF: graph: no port node found in /xilinx_drm
[    3.981186] [drm] Supports vblank timestamp caching Rev 2 (21.10.2013).
[    3.981188] [drm] No driver support for vblank timestamp query.
[    4.011853] ata2.00: 250069680 sectors, multi 1: LBA48 NCQ (depth 31/32)
[    4.018741] ata2.00: configured for UDMA/133
[    4.018932] scsi 1:0:0:0: Direct-Access     ATA      TS128GMTS400     8B   PQ: 0 ANSI: 5
[    4.019397] PLL: enable
[    4.019574] sd 1:0:0:0: [sda] 250069680 512-byte logical blocks: (128 GB/119 GiB)
[    4.019602] sd 1:0:0:0: [sda] Write Protect is off
[    4.019649] sd 1:0:0:0: [sda] Write cache: enabled, read cache: enabled, doesn't support DPO or FUA
[    4.020434]  sda: sda1
[    4.020926] sd 1:0:0:0: [sda] Attached SCSI disk
[    4.069988] Console: switching to colour frame buffer device 240x67
[    4.097064] mmc0: new high speed SDHC card at address aaaa
[    4.104700] mmcblk0: mmc0:aaaa SS08G 7.40 GiB (ro)
[    4.118737]  mmcblk0: p1
[    4.144827] xilinx-drm xilinx_drm: fb0:  frame buffer device
[    4.150687] [drm] Initialized xilinx_drm 1.0.0 20130509 for xilinx_drm on minor 0
[    4.159018] input: gpio-keys as /devices/platform/gpio-keys/input/input0
[    4.165874] rtc_zynqmp ffa60000.rtc: setting system clock to 2018-02-22 01:47:41 UTC (1519264061)
[    4.174858] PLL: shutdown
[    4.174874] clk: Not disabling unused clocks
[    4.174914] ALSA device list:
[    4.174917]   #0: DisplayPort monitor
[    4.174944] usb 1-1: new high-speed USB device number 2 using xhci-hcd
[    4.174989] Warning: unable to open an initial console.
[    4.179531] Freeing unused kernel memory: 19456K
[    4.321004] usb 1-1: New USB device found, idVendor=0781, idProduct=5583
[    4.327690] usb 1-1: New USB device strings: Mfr=1, Product=2, SerialNumber=3
[    4.334810] usb 1-1: Product: Ultra Fit
[    4.338594] usb 1-1: Manufacturer: SanDisk
[    4.342675] usb 1-1: SerialNumber: 4C530001071029109542
[    4.348520] usb-storage 1-1:1.0: USB Mass Storage device detected
[    4.354804] scsi host2: usb-storage 1-1:1.0
[    4.850601] udevd[1797]: starting version 3.2.2
[    4.859692] udevd[1798]: starting eudev-3.2.2
[    4.953270] PLL: enable
[    5.164389] FAT-fs (sda1): Volume was not properly unmounted. Some data may be corrupt. Please run fsck.
[    5.388736] scsi 2:0:0:0: Direct-Access     SanDisk  Ultra Fit        1.00 PQ: 0 ANSI: 6
[    5.397725] sd 2:0:0:0: [sdb] 60751872 512-byte logical blocks: (31.1 GB/29.0 GiB)
[    5.406309] sd 2:0:0:0: [sdb] Write Protect is off
[    5.411475] sd 2:0:0:0: [sdb] Write cache: disabled, read cache: enabled, doesn't support DPO or FUA
[    5.444970]  sdb: sdb1
[    5.448698] sd 2:0:0:0: [sdb] Attached SCSI removable disk
[    5.631325] pps pps0: new PPS source ptp0
[    5.635351] macb ff0e0000.ethernet: gem-ptp-timer ptp clock registered.
[    5.642031] IPv6: ADDRCONF(NETDEV_UP): eth0: link is not ready
[    5.679855] FAT-fs (sdb1): Volume was not properly unmounted. Some data may be corrupt. Please run fsck.
[    6.636591] macb ff0e0000.ethernet eth0: link up (1000/Full)
[    6.645220] IPv6: ADDRCONF(NETDEV_CHANGE): eth0: link becomes ready

PetaLinux 2018.1 xilinx-zc1751-dc1-2018_1 /dev/ttyPS0

xilinx-zc1751-dc1-2018_1 login: 
Entering step: 7


Info: This step started at: 2018-02-26 16:15:21
Writing: 'root\n'
root
Password: 
Entering step: 8


Info: This step started at: 2018-02-26 16:15:23
Writing: 'root\n'

Entering step: 9


Info: This step started at: 2018-02-26 16:15:25

7[r[999;999H[6nWriting: '\n'
8root@xilinx-zc1751-dc1-2018_1:~# 
Entering step: 10


Info: This step started at: 2018-02-26 16:15:30
[   26.711725] PLL: shutdown
Writing: 'ifconfig eth0 192.168.1.10\n'
ifconfig eth0 19[   26.903958] PLL: enable
2.168[   26.952489] PLL: shutdown
.1.10
root@xilinx-zc1751-dc1-2018_1:~# [   27.527191] PLL: enable

Entering step: 11


Info: This step started at: 2018-02-26 16:15:35
Writing: '\n'

root@xilinx-zc1751-dc1-2018_1:~# 
Entering step: 12


Info: This step started at: 2018-02-26 16:15:40
Writing: 'df\n'
df
Filesystem           1K-blocks      Used Available Use% Mounted on
devtmpfs                884664         4    884660   0% /dev
tmpfs                  1025464       132   1025332   0% /run
tmpfs                  1025464        92   1025372   0% /var/volatile
[   37.315970] random: crng init done
/dev/sda1            124964832    358864 124605968   0% /run/media/sda1
/dev/mmcblk0p1         7753728    146784   7606944   2% /run/media/mmcblk0p1
/dev/sdb1             30348592    229728  30118864   1% /run/media/sdb1
root@xilinx-zc1751-dc1-2018_1:~# 
Entering step: 13


Info: This step started at: 2018-02-26 16:15:50
Writing: 'dmesg | grep -i SuperSpeed\n'

Entering step: 14


Info: This step started at: 2018-02-26 16:15:52
dmesg | grep -i SuperSpeed
root@xilinx-zc1751-dc1-2018_1:~# Writing: 'dmesg | grep -i SATA\n'
dmesg | grep -i SATA
[    3.478434] ata1: SATA max UDMA/133 mmio [mem 0xfd0c0000-0xfd0c1fff] port 0x100 irq 30
[    3.486277] ata2: SATA max UDMA/133 mmio [mem 0xfd0c0000-0xfd0c1fff] port 0x180 irq 30
[    3.806468] ata1: SATA link down (SStatus 0 SControl 330)
[    3.968296] ata2: SATA link up 6.0 Gbps (SStatus 133 SControl 330)
root@xilinx-zc1751-dc1-2018_1:~# [   49.287538] PLL: shutdown
[   49.479781] PLL: enable
[   49.525570] PLL: shutdown

Entering step: 15


Info: This step started at: 2018-02-26 16:15:54
[   50.093085] PLL: enable
Writing: 'cd /run/media/mmcblk0p1\n'
cd /run/media/mmcblk0p1
root@xilinx-zc1751-dc1-2018_1:/run/media/mmcblk0p1# 
Entering step: 16


Info: This step started at: 2018-02-26 16:15:56
Writing: './disktest2.sh\n'
./disktest2.sh
SATA Disk Read/Write Test Start
rm: can't remove '/mnt/smartctl': No such file or directory
Disk: Iteration 1
Disk: Iteration 2
Disk: Iteration 3
Disk: Iteration 4
Disk: Iteration 5
Disk: Iteration 6
Disk: Iteration 7
Disk: Iteration 8
Disk: Iteration 9
Disk: Iteration 10
Disk: Iteration 11
Disk: Iteration 12
Disk: Iteration 13
Disk: Iteration 14
Disk: Iteration 15
Disk: Iteration 16
Disk: Iteration 17
Disk: Iteration 18
Disk: Iteration 19
Disk: Iteration 20
Disk: Iteration 21
Disk: Iteration 22
Disk: Iteration 23
Disk: Iteration 24
Disk: Iteration 25
Disk: Iteration 26
Disk: Iteration 27
Disk: Iteration 28
Disk: Iteration 29
Disk: Iteration 30
Disk: Iteration 31
Disk: Iteration 32
Disk: Iteration 33
Disk: Iteration 34
Disk: Iteration 35
Disk: Iteration 36
Disk: Iteration 37
Disk: Iteration 38
Disk: Iteration 39
Disk: Iteration 40
Disk: Iteration 41
Disk: Iteration 42
Disk: Iteration 43
Disk: Iteration 44
Disk: Iteration 45
Disk: Iteration 46
Disk: Iteration 47
Disk: Iteration 48
Disk: Iteration 49
Disk: Iteration 50
Disk: Iteration 51
Disk: Iteration 52
Disk: Iteration 53
Disk: Iteration 54
Disk: Iteration 55
Disk: Iteration 56
Disk: Iteration 57
Disk: Iteration 58
Disk: Iteration 59
Disk: Iteration 60
Disk: Iteration 61
Disk: Iteration 62
Disk: Iteration 63
Disk: Iteration 64
Disk: Iteration 65
Disk: Iteration 66
Disk: Iteration 67
Disk: Iteration 68
Disk: Iteration 69
Disk: Iteration 70
Disk: Iteration 71
Disk: Iteration 72
Disk: Iteration 73
Disk: Iteration 74
Disk: Iteration 75
Disk: Iteration 76
Disk: Iteration 77
Disk: Iteration 78
Disk: Iteration 79
Disk: Iteration 80
Disk: Iteration 81
Disk: Iteration 82
Disk: Iteration 83
Disk: Iteration 84
Disk: Iteration 85
Disk: Iteration 86
Disk: Iteration 87
Disk: Iteration 88
Disk: Iteration 89
Disk: Iteration 90
Disk: Iteration 91
Disk: Iteration 92
Disk: Iteration 93
Disk: Iteration 94
Disk: Iteration 95
Disk: Iteration 96
Disk: Iteration 97
Disk: Iteration 98
Disk: Iteration 99
Disk: Iteration 100
SATA Disk Read/Write Test - PASSED
root@xilinx-zc1751-dc1-2018_1:/run/media/mmcblk0p1# 
Entering step: 17


Info: This step started at: 2018-02-26 16:16:06
Writing: './usbtest2.sh\n'
./usbtest2.sh
USB Disk Read/Write Test Start
USB: Iteration 1
USB: Iteration 2
USB: Iteration 3
USB: Iteration 4
USB: Iteration 5
USB: Iteration 6
USB: Iteration 7
USB: Iteration 8
USB: Iteration 9
USB: Iteration 10
USB: Iteration 11
USB: Iteration 12
USB: Iteration 13
USB: Iteration 14
USB: Iteration 15
USB: Iteration 16
USB: Iteration 17
USB: Iteration 18
USB: Iteration 19
USB: Iteration 20
USB: Iteration 21
USB: Iteration 22
USB: Iteration 23
USB: Iteration 24
USB: Iteration 25
USB: Iteration 26
USB: Iteration 27
USB: Iteration 28
USB: Iteration 29
USB: Iteration 30
USB: Iteration 31
USB: Iteration 32
USB: Iteration 33
USB: Iteration 34
USB: Iteration 35
USB: Iteration 36
USB: Iteration 37
USB: Iteration 38
USB: Iteration 39
USB: Iteration 40
USB: Iteration 41
USB: Iteration 42
USB: Iteration 43
USB: Iteration 44
USB: Iteration 45
USB: Iteration 46
USB: Iteration 47
USB: Iteration 48
USB: Iteration 49
USB: Iteration 50
USB: Iteration 51
USB: Iteration 52
USB: Iteration 53
USB: Iteration 54
USB: Iteration 55
USB: Iteration 56
USB: Iteration 57
USB: Iteration 58
USB: Iteration 59
USB: Iteration 60
USB: Iteration 61
USB: Iteration 62
USB: Iteration 63
USB: Iteration 64
USB: Iteration 65
USB: Iteration 66
USB: Iteration 67
USB: Iteration 68
USB: Iteration 69
USB: Iteration 70
USB: Iteration 71
USB: Iteration 72
USB: Iteration 73
USB: Iteration 74
USB: Iteration 75
USB: Iteration 76
USB: Iteration 77
USB: Iteration 78
USB: Iteration 79
USB: Iteration 80
USB: Iteration 81
USB: Iteration 82
USB: Iteration 83
USB: Iteration 84
USB: Iteration 85
USB: Iteration 86
USB: Iteration 87
USB: Iteration 88
USB: Iteration 89
USB: Iteration 90
USB: Iteration 91
USB: Iteration 92
USB: Iteration 93
USB: Iteration 94
USB: Iteration 95
USB: Iteration 96
USB: Iteration 97
USB: Iteration 98
USB: Iteration 99
USB: Iteration 100
USB Read/Write Test - PASSED
root@xilinx-zc1751-dc1-2018_1:/run/media/mmcblk0p1# 
Entering step: 18


Info: This step started at: 2018-02-26 16:16:16
Writing: '\n'

root@xilinx-zc1751-dc1-2018_1:/run/media/mmcblk0p1# 
Entering step: 19


Info: This step started at: 2018-02-26 16:16:21

Pinging 192.168.1.10 with 32 bytes of data:
Reply from 192.168.1.10: bytes=32 time<1ms TTL=64
Reply from 192.168.1.10: bytes=32 time<1ms TTL=64
Reply from 192.168.1.10: bytes=32 time<1ms TTL=64
Reply from 192.168.1.10: bytes=32 time<1ms TTL=64

Entering step: 20


Info: This step started at: 2018-02-26 16:16:25
Writing: 'halt\n'
halt

Broadcast message from root@xilinx-zc1751-dc1-2018_1 (ttyPS0) (Thu Feb 22 01:The system i:½¥¹"½Ý¹2½ÉšåÍÑ•µB…±Ñr=]…jj¤Ô(Ê*Š•šu¥Ñ¡¥¹¢½’Õ¹±•Ù•±éjJå•Š¥šU¹‘¥¹‚É½•ÍÍ•Í¢¡•¢I5š¥¹…±5jRüroot@xilinx-zc1751-dc1-2018_1:/run/media/mmcblk0p1# Stopping Dropbear SSH server: stopped /usr/sbin/dropbear (pid 2294)
dropbear.
Stopping syslogd/klogd: stopped syslogd (pid 2302)
stopped klogd (pid 2305)
done
Stopping tcf-agent: OK
Deconfiguring network interfaces... [   84.239144] macb ff0e0000.ethernet: gem-ptp-timer ptp clock unregistered.
done.
Sending all processes the TERM signal...
logout
[   84.460307] macb ff0e0000.ethernet eth0: link down
Sending all processes the KILL signal...
Unmounting remote filesystems...
Deactivating swap...
Unmounting local filesystems...
[   91.532676] sd 1:0:0:0: [sda] Synchronizing SCSI cache
[   91.541604] sd 1:0:0:0: [sda] Stopping disk
[   91.620295] Memory manager not clean during takedown.
[   91.628329] ------------[ cut here ]------------
[   91.635884] WARNING: CPU: 3 PID: 3210 at /kernel-source//drivers/gpu/drm/drm_mm.c:895 drm_mm_takedown+0x24/0x30
[   91.648992] Modules linked in: uio_pdrv_genirq
[   91.656432] CPU: 3 PID: 3210 Comm: halt Not tainted 4.14.0-xilinx-v2018.1 #2
[   91.666504] Hardware name: ZynqMP ZCU111 RevA (DT)
[   91.674300] task: ffffffc06d013180 task.stack: ffffff800f630000
[   91.683226] PC is at drm_mm_takedown+0x24/0x30
[   91.690659] LR is at drm_mm_takedown+0x24/0x30
[   91.698058] pc : [<ffffff8008543a94>] lr : [<ffffff8008543a94>] pstate: 60000145
[   91.708430] sp : ffffff800f633c60
[   91.714673] x29: ffffff800f633c60 x28: ffffffc06d013180 
[   91.722927] x27: ffffff8008a11000 x26: ffffff8008c23000 
[   91.731162] x25: ffffff8008c230c8 x24: ffffff800a0a2040 
[   91.739360] x23: ffffffc06db2a070 x22: ffffff800a0e2000 
[   91.747541] x21: ffffff800a03c410 x20: ffffffc06db2a010 
[   91.755710] x19: ffffffc06b8a3300 x18: 0000000000000010 
[   91.763875] x17: 0000000000000000 x16: 0000000000000000 
[   91.771996] x15: 0000000000000001 x14: ffffff8008a9c5d0 
[   91.780086] x13: 0000000000000000 x12: 0000000000000000 
[   91.788129] x11: 00000000ffffffff x10: 0000000000000010 
[   91.796117] x9 : ffffffc06ce01ec0 x8 : 0000000000000010 
[   91.804106] x7 : 0000000000000003 x6 : 00000000000001b3 
[   91.812088] x5 : 00000000ad55ad55 x4 : 0000000000000000 
[   91.820072] x3 : 0000000000000000 x2 : ffffffffffffffff 
[   91.828028] x1 : ffffff800a01ce68 x0 : 0000000000000029 
[   91.835975] Call trace:
[   91.841029] Exception stack(0xffffff800f633b20 to 0xffffff800f633c60)
[   91.850114] 3b20: 0000000000000029 ffffff800a01ce68 ffffffffffffffff 0000000000000000
[   91.860617] 3b40: 0000000000000000 00000000ad55ad55 00000000000001b3 0000000000000003
[   91.871108] 3b60: 0000000000000010 ffffffc06ce01ec0 0000000000000010 00000000ffffffff
[   91.881612] 3b80: 0000000000000000 0000000000000000 ffffff8008a9c5d0 0000000000000001
[   91.892120] 3ba0: 0000000000000000 0000000000000000 0000000000000010 ffffffc06b8a3300
[   91.902625] 3bc0: ffffffc06db2a010 ffffff800a03c410 ffffff800a0e2000 ffffffc06db2a070
[   91.913126] 3be0: ffffff800a0a2040 ffffff8008c230c8 ffffff8008c23000 ffffff8008a11000
[   91.923620] 3c00: ffffffc06d013180 ffffff800f633c60 ffffff8008543a94 ffffff800f633c60
[   91.934139] 3c20: ffffff8008543a94 0000000060000145 0000000000000000 ffffffbf017d12f8
[   91.944663] 3c40: 0000008000000000 0000000000000001 ffffff800f633c60 ffffff8008543a94
[   91.955157] [<ffffff8008543a94>] drm_mm_takedown+0x24/0x30
[   91.963278] [<ffffff800854dd54>] drm_vma_offset_manager_destroy+0x1c/0x30
[   91.972680] [<ffffff800853e498>] drm_gem_destroy+0x18/0x30
[   91.980766] [<ffffff8008540e58>] drm_dev_fini+0x90/0x98
[   91.988559] [<ffffff8008540ec0>] drm_dev_unref+0x60/0x70
[   91.996392] [<ffffff8008540f0c>] drm_put_dev+0x3c/0x70
[   92.004033] [<ffffff80085621ac>] xilinx_drm_platform_shutdown+0x14/0x20
[   92.013168] [<ffffff8008572db8>] platform_drv_shutdown+0x20/0x30
[   92.021675] [<ffffff800856f438>] device_shutdown+0x118/0x1f8
[   92.029816] [<ffffff80080bb9dc>] kernel_power_off+0x34/0x70
[   92.037828] [<ffffff80080bbb98>] SyS_reboot+0x128/0x1d0
[   92.045443] Exception stack(0xffffff800f633ec0 to 0xffffff800f634000)
[   92.054282] 3ec0: fffffffffee1dead 0000000028121969 000000004321fedc 0000000000000002
[   92.064538] 3ee0: 0000000000000000 0000000000000005 0000007f95f6dbf0 0000000000000000
[   92.074784] 3f00: 000000000000008e 0000000000000005 0101010101010101 0000000000000000
[   92.085011] 3f20: 0000000000000000 0000007f95f9e000 0000007f95e30d98 0000007f95e23d00
[   92.095231] 3f40: 0000000000413058 0000007f95ee5d38 000000000000022e 00000000004027b0
[   92.105438] 3f60: 0000007feebd3788 0000000000000005 0000000000000000 0000000000413000
[   92.115660] 3f80: 0000000000000001 0000000000000000 0000000000000001 0000000000000000
[   92.125893] 3fa0: 0000000000000001 0000007feebd35e0 00000000004014dc 0000007feebd35e0
[   92.136124] 3fc0: 0000007f95ee5d54 0000000000000000 fffffffffee1dead 000000000000008e
[   92.146368] 3fe0: 0000000000000000 0000000000000000 0000000000000000 0000000000000000
[   92.156630] [<ffffff80080837b0>] el0_svc_naked+0x24/0x28
[   92.164400] ---[ end trace b2008f8b842a22c5 ]---
[   92.172677] reboot: Power down

step finished 

Info: Result for step 0: Pass
Info: Result for step 1: Pass
Info: Result for step 2: Pass
Info: Result for step 3: Pass
Info: Result for step 4: Pass
Info: Result for step 5: Pass
Info: Result for step 6: Pass
Info: Result for step 7: Pass
Info: Result for step 8: Pass
Info: Result for step 9: Pass
Info: Result for step 10: Pass
Info: Result for step 11: Pass
Info: Result for step 12: Pass
Info: Result for step 13: Pass
Info: Result for step 14: Pass
Info: Result for step 15: Pass
Info: Result for step 16: Pass
Info: Result for step 17: Pass
Info: Result for step 18: Pass
Info: Result for step 19: Pass
Info: Result for step 20: Pass

Info: The test took 0 hours, 02 minutes, and 29 seconds. 0:02:29
