Board: ZCU111
Serial Number: 0000-0000
Mac Address: 01:02:03:04:05:06


Info: Ethernet, SD, USB, SATA Test test started...

Info: The test will take 0 hours, 02 minutes, and 36 seconds. 0:02:36

Entering step: 0


Info: This step started at: 2018-06-14 13:17:53

step finished 
Exception in thread :
Traceback (most recent call last):
  File "threading.py", line 801, in __bootstrap_inner
  File "com.py", line 156, in run
UnboundLocalError: local variable 'expression' referenced before assignment


Error: 'comm' type in step 0 never found a serial port to connect to in test 17

Entering step: 1


Info: This step started at: 2018-06-14 13:17:53

Error: Stopped because step 0 failed in test 17

Info: Result for step 0: Fail
Info: The test took 0 hours, 00 minutes, and 00 seconds. 0:00:00

Info: Ethernet, SD, USB, SATA Test test started...

Info: The test will take 0 hours, 02 minutes, and 36 seconds. 0:02:36

Entering step: 0


Info: This step started at: 2018-06-14 13:18:07

Entering step: 1


Info: This step started at: 2018-06-14 13:18:07
BOOTP broadcast 9

User has confirmed: "Set mode switch SW6 to "0111" (Up,Down,Down,Down).
Connect a DP monitor.
Insert SD card with contents of SATA_SD folder.
Connect USB3 thumbdrive and SATA drive. "

step finished 

Entering step: 2


Info: This step started at: 2018-06-14 13:18:09

C:\zcu111_bit\tests\ZCU111>cd bat\ 

C:\zcu111_bit\tests\ZCU111\bat>ezoutlet.exe reset 192.168.0.12 
BOOTP broadcast 10
step finished 

Entering step: 3


Info: This step started at: 2018-06-14 13:18:13
Xilinx Zynq MP First Stage Boot Loader 
Release 2018.1   Apr 12 2018  -  08:36:28
NOTICE:  ATF running on XCZU28DR/silicon v4/RTL5.1 at 0xfffea000
NOTICE:  BL31: Secure code at 0x0
NOTICE:  BL31: Non secure code at 0x8000000
NOTICE:  BL31: v1.4(release):xilinx-v2017.4-1351-gdf4a7e97
NOTICE:  BL31: Built : 14:29:32, Apr 12 2018
PMUFW:	v1.0


U-Boot 2018.01 (Apr 12 2018 - 08:34:07 -0600) Xilinx ZynqMP ZCU111

I2C:   ready
DRAM:  4 GiB
EL Level:	EL2
Chip ID:	zu28dr
MMC:   sdhci@ff170000: 0 (SD)
SF: Detected mt25qu02g with page size 512 Bytes, erase size 128 KiB, total 512 MiB
*** Warning - bad CRC, using default environment

In:    serial@ff000000
Out:   serial@ff000000
Err:   serial@ff000000
Model: ZynqMP ZCU111 RevA
Board: Xilinx ZynqMP
Bootmode: LVL_SHFT_SD_MODE1
Net:   ZYNQ GEM: ff0e0000, phyaddr c, interface rgmii-id
eth0: ethernet@ff0e0000
U-BOOT for xilinx-zcu111-2018_1

ethernet@ff0e0000 Waiting for PHY auto negotiation to complete...... done
BOOTP broadcast 1
BOOTP broadcast 2
BOOTP broadcast 3
BOOTP broadcast 4
BOOTP broadcast 5

****** Vivado v2018.1 (64-bit)
  **** SW Build 2188600 on Wed Apr  4 18:40:38 MDT 2018
  **** IP Build 2185939 on Wed Apr  4 20:55:05 MDT 2018
    ** Copyright 1986-2018 Xilinx, Inc. All Rights Reserved.

source {tcl\five_second_delay.tcl}
# after 5000
BOOTP broadcast 6
BOOTP broadcast 7
BOOTP broadcast 8
INFO: [Common 17-206] Exiting Vivado at Thu Jun 14 13:18:31 2018...
step finished 

Entering step: 4


Info: This step started at: 2018-06-14 13:18:31
BOOTP broadcast 9
Writing: '\n'
BOOTP broadcast 10
BOOTP broadcast 11

Entering step: 5


Info: This step started at: 2018-06-14 13:18:36
Writing: '\n'
BOOTP broadcast 12
BOOTP broadcast 13

Entering step: 6


Info: This step started at: 2018-06-14 13:18:41
BOOTP broadcast 14
BOOTP broadcast 15
BOOTP broadcast 16
BOOTP broadcast 17

Retry time exceeded
Hit any key to stop autoboot:  4  3  2  1  0 
Device: sdhci@ff170000
Manufacturer ID: 3
OEM: 5344
Name: SS08G 
Tran Speed: 50000000
Rd Block Len: 512
SD version 3.0
High Capacity: Yes
Capacity: 7.4 GiB
Bus Width: 4-bit
Erase Group Size: 512 Bytes
reading image.ub
14886576 bytes read in 985 ms (14.4 MiB/s)
## Loading kernel from FIT Image at 10000000 ...
   Using 'conf@system-top.dtb' configuration
   Trying 'kernel@1' kernel subimage
     Description:  Linux kernel
     Type:         Kernel Image
     Compression:  gzip compressed
     Data Start:   0x10000108
     Data Size:    6911810 Bytes = 6.6 MiB
     Architecture: AArch64
     OS:           Linux
     Load Address: 0x00080000
     Entry Point:  0x00080000
     Hash algo:    sha1
     Hash value:   5537e07d6b1a72210e1a106d2c25b8fc61610dfb
   Verifying Hash Integrity ... sha1+ OK
## Loading ramdisk from FIT Image at 10000000 ...
   Using 'conf@system-top.dtb' configuration
   Trying 'ramdisk@1' ramdisk subimage
     Description:  petalinux-user-image
     Type:         RAMDisk Image
     Compression:  gzip compressed
     Data Start:   0x106a2014
     Data Size:    7930123 Bytes = 7.6 MiB
     Architecture: AArch64
     OS:           Linux
     Load Address: unavailable
     Entry Point:  unavailable
     Hash algo:    sha1
     Hash value:   6b63df6dfd9f3b5885a6e7d16fc5b62ebd32e2b3
   Verifying Hash Integrity ... sha1+ OK
## Loading fdt from FIT Image at 10000000 ...
   Using 'conf@system-top.dtb' configuration
   Trying 'fdt@system-top.dtb' fdt subimage
     Description:  Flattened Device Tree blob
     Type:         Flat Device Tree
     Compression:  uncompressed
     Data Start:   0x10697950
     Data Size:    42495 Bytes = 41.5 KiB
     Architecture: AArch64
     Hash algo:    sha1
     Hash value:   7c9a59c0feb83ffb1bb31acf172edab23ff5df74
   Verifying Hash Integrity ... sha1+ OK
   Booting using the fdt blob at 0x10697950
   Uncompressing Kernel Image ... OK
   Loading Ramdisk to 0786f000, end 07fff10b ... OK
   Loading Device Tree to 0000000007861000, end 000000000786e5fe ... OK

Starting kernel ...

[    0.000000] Booting Linux on physical CPU 0x0
[    0.000000] Linux version 4.14.0-xilinx-v2018.1 (oe-user@oe-host) (gcc version 7.2.0 (GCC)) #1 SMP Thu Apr 12 08:32:17 MDT 2018
[    0.000000] Boot CPU: AArch64 Processor [410fd034]
[    0.000000] Machine model: ZynqMP ZCU111 RevA
[    0.000000] earlycon: cdns0 at MMIO 0x00000000ff000000 (options '115200n8')
[    0.000000] bootconsole [cdns0] enabled
[    0.000000] efi: Getting EFI parameters from FDT:
[    0.000000] efi: UEFI not found.
[    0.000000] cma: Reserved 256 MiB at 0x000000006fc00000
[    0.000000] psci: probing for conduit method from DT.
[    0.000000] psci: PSCIv1.1 detected in firmware.
[    0.000000] psci: Using standard PSCI v0.2 function IDs
[    0.000000] psci: MIGRATE_INFO_TYPE not supported.
[    0.000000] percpu: Embedded 21 pages/cpu @ffffffc87ff65000 s46488 r8192 d31336 u86016
[    0.000000] Detected VIPT I-cache on CPU0
[    0.000000] CPU features: enabling workaround for ARM erratum 845719
[    0.000000] Built 1 zonelists, mobility grouping on.  Total pages: 1033987
[    0.000000] Kernel command line: earlycon clk_ignore_unused
[    0.000000] PID hash table entries: 4096 (order: 3, 32768 bytes)
[    0.000000] Dentry cache hash table entries: 524288 (order: 10, 4194304 bytes)
[    0.000000] Inode-cache hash table entries: 262144 (order: 9, 2097152 bytes)
[    0.000000] software IO TLB [mem 0x6bc00000-0x6fc00000] (64MB) mapped at [ffffffc06bc00000-ffffffc06fbfffff]
[    0.000000] Memory: 3776980K/4193280K available (9916K kernel code, 640K rwdata, 2996K rodata, 512K init, 2168K bss, 154156K reserved, 262144K cma-reserved)
[    0.000000] Virtual kernel memory layout:
[    0.000000]     modules : 0xffffff8000000000 - 0xffffff8008000000   (   128 MB)
[    0.000000]     vmalloc : 0xffffff8008000000 - 0xffffffbebfff0000   (   250 GB)
[    0.000000]       .text : 0xffffff8008080000 - 0xffffff8008a30000   (  9920 KB)
[    0.000000]     .rodata : 0xffffff8008a30000 - 0xffffff8008d20000   (  3008 KB)
[    0.000000]       .init : 0xffffff8008d20000 - 0xffffff8008da0000   (   512 KB)
[    0.000000]       .data : 0xffffff8008da0000 - 0xffffff8008e40200   (   641 KB)
[    0.000000]        .bss : 0xffffff8008e40200 - 0xffffff800905e2b0   (  2169 KB)
[    0.000000]     fixed   : 0xffffffbefe7fd000 - 0xffffffbefec00000   (  4108 KB)
[    0.000000]     PCI I/O : 0xffffffbefee00000 - 0xffffffbeffe00000   (    16 MB)
[    0.000000]     vmemmap : 0xffffffbf00000000 - 0xffffffc000000000   (     4 GB maximum)
[    0.000000]               0xffffffbf00000000 - 0xffffffbf1dc00000   (   476 MB actual)
[    0.000000]     memory  : 0xffffffc000000000 - 0xffffffc880000000   ( 34816 MB)
[    0.000000] Hierarchical RCU implementation.
[    0.000000] 	RCU event tracing is enabled.
[    0.000000] 	RCU restricting CPUs from NR_CPUS=8 to nr_cpu_ids=4.
[    0.000000] RCU: Adjusting geometry for rcu_fanout_leaf=16, nr_cpu_ids=4
[    0.000000] NR_IRQS: 64, nr_irqs: 64, preallocated irqs: 0
[    0.000000] GIC: Adjusting CPU interface base to 0x00000000f902f000
[    0.000000] GIC: Using split EOI/Deactivate mode
[    0.000000] irq-xilinx: /amba_pl@0/interrupt-controller@a0001000: num_irq=3, edge=0x3
[    0.000000] arch_timer: cp15 timer(s) running at 99.99MHz (phys).
[    0.000000] clocksource: arch_sys_counter: mask: 0xffffffffffffff max_cycles: 0x171015c90f, max_idle_ns: 440795203080 ns
[    0.000003] sched_clock: 56 bits at 99MHz, resolution 10ns, wraps every 4398046511101ns
[    0.008323] Console: colour dummy device 80x25
[    0.012576] console [tty0] enabled
[    0.015942] bootconsole [cdns0] disabled
[    0.000000] Booting Linux on physical CPU 0x0
[    0.000000] Linux version 4.14.0-xilinx-v2018.1 (oe-user@oe-host) (gcc version 7.2.0 (GCC)) #1 SMP Thu Apr 12 08:32:17 MDT 2018
[    0.000000] Boot CPU: AArch64 Processor [410fd034]
[    0.000000] Machine model: ZynqMP ZCU111 RevA
[    0.000000] earlycon: cdns0 at MMIO 0x00000000ff000000 (options '115200n8')
[    0.000000] bootconsole [cdns0] enabled
[    0.000000] efi: Getting EFI parameters from FDT:
[    0.000000] efi: UEFI not found.
[    0.000000] cma: Reserved 256 MiB at 0x000000006fc00000
[    0.000000] psci: probing for conduit method from DT.
[    0.000000] psci: PSCIv1.1 detected in firmware.
[    0.000000] psci: Using standard PSCI v0.2 function IDs
[    0.000000] psci: MIGRATE_INFO_TYPE not supported.
[    0.000000] percpu: Embedded 21 pages/cpu @ffffffc87ff65000 s46488 r8192 d31336 u86016
[    0.000000] Detected VIPT I-cache on CPU0
[    0.000000] CPU features: enabling workaround for ARM erratum 845719
[    0.000000] Built 1 zonelists, mobility grouping on.  Total pages: 1033987
[    0.000000] Kernel command line: earlycon clk_ignore_unused
[    0.000000] PID hash table entries: 4096 (order: 3, 32768 bytes)
[    0.000000] Dentry cache hash table entries: 524288 (order: 10, 4194304 bytes)
[    0.000000] Inode-cache hash table entries: 262144 (order: 9, 2097152 bytes)
[    0.000000] software IO TLB [mem 0x6bc00000-0x6fc00000] (64MB) mapped at [ffffffc06bc00000-ffffffc06fbfffff]
[    0.000000] Memory: 3776980K/4193280K available (9916K kernel code, 640K rwdata, 2996K rodata, 512K init, 2168K bss, 154156K reserved, 262144K cma-reserved)
[    0.000000] Virtual kernel memory layout:
[    0.000000]     modules : 0xffffff8000000000 - 0xffffff8008000000   (   128 MB)
[    0.000000]     vmalloc : 0xffffff8008000000 - 0xffffffbebfff0000   (   250 GB)
[    0.000000]       .text : 0xffffff8008080000 - 0xffffff8008a30000   (  9920 KB)
[    0.000000]     .rodata : 0xffffff8008a30000 - 0xffffff8008d20000   (  3008 KB)
[    0.000000]       .init : 0xffffff8008d20000 - 0xffffff8008da0000   (   512 KB)
[    0.000000]       .data : 0xffffff8008da0000 - 0xffffff8008e40200   (   641 KB)
[    0.000000]        .bss : 0xffffff8008e40200 - 0xffffff800905e2b0   (  2169 KB)
[    0.000000]     fixed   : 0xffffffbefe7fd000 - 0xffffffbefec00000   (  4108 KB)
[    0.000000]     PCI I/O : 0xffffffbefee00000 - 0xffffffbeffe00000   (    16 MB)
[    0.000000]     vmemmap : 0xffffffbf00000000 - 0xffffffc000000000   (     4 GB maximum)
[    0.000000]               0xffffffbf00000000 - 0xffffffbf1dc00000   (   476 MB actual)
[    0.000000]     memory  : 0xffffffc000000000 - 0xffffffc880000000   ( 34816 MB)
[    0.000000] Hierarchical RCU implementation.
[    0.000000] 	RCU event tracing is enabled.
[    0.000000] 	RCU restricting CPUs from NR_CPUS=8 to nr_cpu_ids=4.
[    0.000000] RCU: Adjusting geometry for rcu_fanout_leaf=16, nr_cpu_ids=4
[    0.000000] NR_IRQS: 64, nr_irqs: 64, preallocated irqs: 0
[    0.000000] GIC: Adjusting CPU interface base to 0x00000000f902f000
[    0.000000] GIC: Using split EOI/Deactivate mode
[    0.000000] irq-xilinx: /amba_pl@0/interrupt-controller@a0001000: num_irq=3, edge=0x3
[    0.000000] arch_timer: cp15 timer(s) running at 99.99MHz (phys).
[    0.000000] clocksource: arch_sys_counter: mask: 0xffffffffffffff max_cycles: 0x171015c90f, max_idle_ns: 440795203080 ns
[    0.000003] sched_clock: 56 bits at 99MHz, resolution 10ns, wraps every 4398046511101ns
[    0.008323] Console: colour dummy device 80x25
[    0.012576] console [tty0] enabled
[    0.015942] bootconsole [cdns0] disabled
[    0.019852] Calibrating delay loop (skipped), value calculated using timer frequency.. 199.99 BogoMIPS (lpj=399996)
[    0.019865] pid_max: default: 32768 minimum: 301
[    0.019969] Mount-cache hash table entries: 8192 (order: 4, 65536 bytes)
[    0.019987] Mountpoint-cache hash table entries: 8192 (order: 4, 65536 bytes)
[    0.020585] ASID allocator initialised with 65536 entries
[    0.020639] Hierarchical SRCU implementation.
[    0.020976] EFI services will not be available.
[    0.021002] zynqmp_plat_init Platform Management API v1.0
[    0.021011] zynqmp_plat_init Trustzone version v1.0
[    0.021113] smp: Bringing up secondary CPUs ...
[    0.021363] Detected VIPT I-cache on CPU1
[    0.021392] CPU1: Booted secondary processor [410fd034]
[    0.021666] Detected VIPT I-cache on CPU2
[    0.021684] CPU2: Booted secondary processor [410fd034]
[    0.021947] Detected VIPT I-cache on CPU3
[    0.021965] CPU3: Booted secondary processor [410fd034]
[    0.022006] smp: Brought up 1 node, 4 CPUs
[    0.022039] SMP: Total of 4 processors activated.
[    0.022047] CPU features: detected feature: 32-bit EL0 Support
[    0.022058] CPU: All CPU(s) started at EL2
[    0.022074] alternatives: patching kernel code
[    0.022793] devtmpfs: initialized
[    0.027168] random: get_random_u32 called from bucket_table_alloc+0x108/0x260 with crng_init=0
[    0.027327] clocksource: jiffies: mask: 0xffffffff max_cycles: 0xffffffff, max_idle_ns: 7645041785100000 ns
[    0.027350] futex hash table entries: 1024 (order: 5, 131072 bytes)
[    0.032825] xor: measuring software checksum speed
[    0.071929]    8regs     :  2303.000 MB/sec
[    0.111957]    8regs_prefetch:  2053.000 MB/sec
[    0.151988]    32regs    :  2830.000 MB/sec
[    0.192018]    32regs_prefetch:  2381.000 MB/sec
[    0.192026] xor: using function: 32regs (2830.000 MB/sec)
[    0.192101] pinctrl core: initialized pinctrl subsystem
[    0.192272] random: fast init done
[    0.192622] NET: Registered protocol family 16
[    0.193394] cpuidle: using governor menu
[    0.193913] vdso: 2 pages (1 code @ ffffff8008a36000, 1 data @ ffffff8008da4000)
[    0.193929] hw-breakpoint: found 6 breakpoint and 4 watchpoint registers.
[    0.194390] DMA: preallocated 256 KiB pool for atomic allocations
[    0.223958] reset_zynqmp reset-controller: Xilinx zynqmp reset driver probed
[    0.224433] ARM CCI_400_r1 PMU driver probed
[    0.229114] zynqmp-pinctrl ff180000.pinctrl: zynqmp pinctrl initialized
[    0.237642] HugeTLB registered 2.00 MiB page size, pre-allocated 0 pages
[    0.304225] raid6: int64x1  gen()   402 MB/s
[    0.372254] raid6: int64x1  xor()   446 MB/s
[    0.440323] raid6: int64x2  gen()   689 MB/s
[    0.508331] raid6: int64x2  xor()   603 MB/s
[    0.576347] raid6: int64x4  gen()  1042 MB/s
[    0.644406] raid6: int64x4  xor()   742 MB/s
[    0.712483] raid6: int64x8  gen()   980 MB/s
[    0.780483] raid6: int64x8  xor()   745 MB/s
[    0.848550] raid6: neonx1   gen()   726 MB/s
[    0.916596] raid6: neonx1   xor()   852 MB/s
[    0.984623] raid6: neonx2   gen()  1169 MB/s
[    1.052658] raid6: neonx2   xor()  1206 MB/s
[    1.120711] raid6: neonx4   gen()  1504 MB/s
[    1.188766] raid6: neonx4   xor()  1441 MB/s
[    1.256825] raid6: neonx8   gen()  1652 MB/s
[    1.324866] raid6: neonx8   xor()  1533 MB/s
[    1.324874] raid6: using algorithm neonx8 gen() 1652 MB/s
[    1.324881] raid6: .... xor() 1533 MB/s, rmw enabled
[    1.324889] raid6: using neon recovery algorithm
[    1.325416] XGpio: /amba_pl@0/gpio@a0000000: registered, base is 507
[    1.325737] XGpio: /amba_pl@0/gpio@a0002000: registered, base is 499
[    1.327095] SCSI subsystem initialized
[    1.327267] usbcore: registered new interface driver usbfs
[    1.327306] usbcore: registered new interface driver hub
[    1.327347] usbcore: registered new device driver usb
[    1.327407] media: Linux media interface: v0.10
[    1.327433] Linux video capture interface: v2.00
[    1.327472] pps_core: LinuxPPS API ver. 1 registered
[    1.327480] pps_core: Software ver. 5.3.6 - Copyright 2005-2007 Rodolfo Giometti <giometti@linux.it>
[    1.327501] PTP clock support registered
[    1.327526] EDAC MC: Ver: 3.0.0
[    1.327856] zynqmp-ipi ff9905c0.mailbox: Probed ZynqMP IPI Mailbox driver.
[    1.328022] FPGA manager framework
[    1.328129] fpga-region fpga-full: FPGA Region probed
[    1.328231] Advanced Linux Sound Architecture Driver Initialized.
[    1.328473] Bluetooth: Core ver 2.22
[    1.328506] NET: Registered protocol family 31
[    1.328515] Bluetooth: HCI device and connection manager initialized
[    1.328526] Bluetooth: HCI socket layer initialized
[    1.328536] Bluetooth: L2CAP socket layer initialized
[    1.328555] Bluetooth: SCO socket layer initialized
[    1.329044] clocksource: Switched to clocksource arch_sys_counter
[    1.329122] VFS: Disk quotas dquot_6.6.0
[    1.329168] VFS: Dquot-cache hash table entries: 512 (order 0, 4096 bytes)
[    1.333131] NET: Registered protocol family 2
[    1.333432] TCP established hash table entries: 32768 (order: 6, 262144 bytes)
[    1.333643] TCP bind hash table entries: 32768 (order: 7, 524288 bytes)
[    1.334055] TCP: Hash tables configured (established 32768 bind 32768)
[    1.334129] UDP hash table entries: 2048 (order: 4, 65536 bytes)
[    1.334206] UDP-Lite hash table entries: 2048 (order: 4, 65536 bytes)
[    1.334356] NET: Registered protocol family 1
[    1.334585] RPC: Registered named UNIX socket transport module.
[    1.334594] RPC: Registered udp transport module.
[    1.334601] RPC: Registered tcp transport module.
[    1.334609] RPC: Registered tcp NFSv4.1 backchannel transport module.
[    1.334714] Trying to unpack rootfs image as initramfs...
[    1.665182] Freeing initrd memory: 7744K
[    1.665530] hw perfevents: no interrupt-affinity property for /pmu, guessing.
[    1.665687] hw perfevents: enabled with armv8_pmuv3 PMU driver, 7 counters available
[    1.666423] audit: initializing netlink subsys (disabled)
[    1.666509] audit: type=2000 audit(1.656:1): state=initialized audit_enabled=0 res=1
[    1.666823] workingset: timestamp_bits=62 max_order=20 bucket_order=0
[    1.667499] NFS: Registering the id_resolver key type
[    1.667520] Key type id_resolver registered
[    1.667528] Key type id_legacy registered
[    1.667540] nfs4filelayout_init: NFSv4 File Layout Driver Registering...
[    1.667561] jffs2: version 2.2. (NAND) (SUMMARY)  Â© 2001-2006 Red Hat, Inc.
[    1.694050] Block layer SCSI generic (bsg) driver version 0.4 loaded (major 246)
[    1.694071] io scheduler noop registered
[    1.694078] io scheduler deadline registered
[    1.694098] io scheduler cfq registered (default)
[    1.694107] io scheduler mq-deadline registered
[    1.694114] io scheduler kyber registered
[    1.695447] xilinx-dpdma fd4c0000.dma: Xilinx DPDMA engine is probed
[    1.695891] xilinx-zynqmp-dma fd500000.dma: ZynqMP DMA driver Probe success
[    1.696051] xilinx-zynqmp-dma fd510000.dma: ZynqMP DMA driver Probe success
[    1.696204] xilinx-zynqmp-dma fd520000.dma: ZynqMP DMA driver Probe success
[    1.696361] xilinx-zynqmp-dma fd530000.dma: ZynqMP DMA driver Probe success
[    1.696520] xilinx-zynqmp-dma fd540000.dma: ZynqMP DMA driver Probe success
[    1.696674] xilinx-zynqmp-dma fd550000.dma: ZynqMP DMA driver Probe success
[    1.696831] xilinx-zynqmp-dma fd560000.dma: ZynqMP DMA driver Probe success
[    1.696987] xilinx-zynqmp-dma fd570000.dma: ZynqMP DMA driver Probe success
[    1.697227] xilinx-zynqmp-dma ffa80000.dma: ZynqMP DMA driver Probe success
[    1.697381] xilinx-zynqmp-dma ffa90000.dma: ZynqMP DMA driver Probe success
[    1.697533] xilinx-zynqmp-dma ffaa0000.dma: ZynqMP DMA driver Probe success
[    1.697686] xilinx-zynqmp-dma ffab0000.dma: ZynqMP DMA driver Probe success
[    1.697842] xilinx-zynqmp-dma ffac0000.dma: ZynqMP DMA driver Probe success
[    1.697995] xilinx-zynqmp-dma ffad0000.dma: ZynqMP DMA driver Probe success
[    1.698148] xilinx-zynqmp-dma ffae0000.dma: ZynqMP DMA driver Probe success
[    1.698304] xilinx-zynqmp-dma ffaf0000.dma: ZynqMP DMA driver Probe success
[    1.723444] Serial: 8250/16550 driver, 4 ports, IRQ sharing disabled
[    1.726841] cacheinfo: Unable to detect cache hierarchy for CPU 0
[    1.732124] brd: module loaded
[    1.735915] loop: module loaded
[    1.736643] xilinx-sdfec a0080000.sd_fec: XSDFEC0 Probe Successful
[    1.736941] xilinx-sdfec a00c0000.sd_fec: XSDFEC1 Probe Successful
[    1.737612] ahci-ceva fd0c0000.ahci: couldn't get PHY in node ahci: -517
[    1.737771] mtdoops: mtd device (mtddev=name/number) must be supplied
[    1.738955] m25p80 spi0.0: found mt25ul02g, expected n25q512a
[    1.739179] m25p80 spi0.0: mt25ul02g (524288 Kbytes)
[    1.739201] 4 ofpart partitions found on MTD device spi0.0
[    1.739210] Creating 4 MTD partitions on "spi0.0":
[    1.739223] 0x000000000000-0x000001e00000 : "boot"
[    1.739712] 0x000001e00000-0x000001e40000 : "bootenv"
[    1.740182] 0x000001e40000-0x000004240000 : "kernel"
[    1.740640] 0x000004240000-0x000020000000 : "spare"
[    1.741976] libphy: Fixed MDIO Bus: probed
[    1.742933] tun: Universal TUN/TAP device driver, 1.6
[    1.743091] CAN device driver interface
[    1.744485] macb ff0e0000.ethernet: Not enabling partial store and forward
[    1.744923] libphy: MACB_mii_bus: probed
[    1.748142] macb ff0e0000.ethernet eth0: Cadence GEM rev 0x50070106 at 0xff0e0000 irq 30 (00:0a:35:00:22:01)
[    1.748161] TI DP83867 ff0e0000.ethernet-ffffffff:0c: attached PHY driver [TI DP83867] (mii_bus:phy_addr=ff0e0000.ethernet-ffffffff:0c, irq=POLL)
[    1.748878] usbcore: registered new interface driver asix
[    1.748932] usbcore: registered new interface driver ax88179_178a
[    1.748962] usbcore: registered new interface driver cdc_ether
[    1.748992] usbcore: registered new interface driver net1080
[    1.749022] usbcore: registered new interface driver cdc_subset
[    1.749094] usbcore: registered new interface driver zaurus
[    1.749134] usbcore: registered new interface driver cdc_ncm
[    1.749438] xilinx-axipmon ffa00000.perf-monitor: Probed Xilinx APM
[    1.750556] ehci_hcd: USB 2.0 'Enhanced' Host Controller (EHCI) Driver
[    1.750566] ehci-pci: EHCI PCI platform driver
[    1.750861] usbcore: registered new interface driver uas
[    1.750897] usbcore: registered new interface driver usb-storage
[    1.751610] rtc_zynqmp ffa60000.rtc: rtc core: registered ffa60000.rtc as rtc0
[    1.751675] i2c /dev entries driver
[    1.752682] IR NEC protocol handler initialized
[    1.752691] IR RC5(x/sz) protocol handler initialized
[    1.752698] IR RC6 protocol handler initialized
[    1.752706] IR JVC protocol handler initialized
[    1.752713] IR Sony protocol handler initialized
[    1.752720] IR SANYO protocol handler initialized
[    1.752727] IR Sharp protocol handler initialized
[    1.752734] IR MCE Keyboard/mouse protocol handler initialized
[    1.752742] IR XMP protocol handler initialized
[    1.753570] usbcore: registered new interface driver uvcvideo
[    1.753578] USB Video Class driver (1.1.1)
[    1.754084] cdns-wdt fd4d0000.watchdog: Xilinx Watchdog Timer at ffffff80090fd000 with timeout 10s
[    1.754283] Bluetooth: HCI UART driver ver 2.3
[    1.754294] Bluetooth: HCI UART protocol H4 registered
[    1.754303] Bluetooth: HCI UART protocol BCSP registered
[    1.754329] Bluetooth: HCI UART protocol LL registered
[    1.754338] Bluetooth: HCI UART protocol ATH3K registered
[    1.754346] Bluetooth: HCI UART protocol Three-wire (H5) registered
[    1.754390] Bluetooth: HCI UART protocol Intel registered
[    1.754399] Bluetooth: HCI UART protocol QCA registered
[    1.754434] usbcore: registered new interface driver bcm203x
[    1.754470] usbcore: registered new interface driver bpa10x
[    1.754503] usbcore: registered new interface driver bfusb
[    1.754536] usbcore: registered new interface driver btusb
[    1.754545] Bluetooth: Generic Bluetooth SDIO driver ver 0.1
[    1.754596] usbcore: registered new interface driver ath3k
[    1.754722] EDAC MC: ECC not enabled
[    1.754894] EDAC DEVICE0: Giving out device to module zynqmp-ocm-edac controller zynqmp_ocm: DEV ff960000.memory-controller (INTERRUPT)
[    1.755758] sdhci: Secure Digital Host Controller Interface driver
[    1.755767] sdhci: Copyright(c) Pierre Ossman
[    1.755774] sdhci-pltfm: SDHCI platform and OF driver helper
[    1.801070] mmc0: SDHCI controller on ff170000.sdhci [ff170000.sdhci] using ADMA 64-bit
[    1.801562] ledtrig-cpu: registered to indicate activity on CPUs
[    1.801704] usbcore: registered new interface driver usbhid
[    1.801713] usbhid: USB HID core driver
[    1.803553] fpga_manager fpga0: Xilinx ZynqMP FPGA Manager registered
[    1.805332] pktgen: Packet Generator for packet performance testing. Version: 2.75
[    1.807564] Netfilter messages via NETLINK v0.30.
[    1.807680] ip_tables: (C) 2000-2006 Netfilter Core Team
[    1.807807] Initializing XFRM netlink socket
[    1.807869] NET: Registered protocol family 10
[    1.808291] Segment Routing with IPv6
[    1.808336] ip6_tables: (C) 2000-2006 Netfilter Core Team
[    1.808504] sit: IPv6, IPv4 and MPLS over IPv4 tunneling driver
[    1.808814] NET: Registered protocol family 17
[    1.808831] NET: Registered protocol family 15
[    1.808850] bridge: filtering via arp/ip/ip6tables is no longer available by default. Update your scripts to load br_netfilter if you need this.
[    1.808864] Ebtables v2.0 registered
[    1.808953] can: controller area network core (rev 20170425 abi 9)
[    1.808986] NET: Registered protocol family 29
[    1.808996] can: raw protocol (rev 20170425)
[    1.809003] can: broadcast manager protocol (rev 20170425 t)
[    1.809014] can: netlink gateway (rev 20170425) max_hops=1
[    1.809250] Bluetooth: RFCOMM TTY layer initialized
[    1.809263] Bluetooth: RFCOMM socket layer initialized
[    1.809278] Bluetooth: RFCOMM ver 1.11
[    1.809289] Bluetooth: BNEP (Ethernet Emulation) ver 1.3
[    1.809296] Bluetooth: BNEP filters: protocol multicast
[    1.809307] Bluetooth: BNEP socket layer initialized
[    1.809315] Bluetooth: HIDP (Human Interface Emulation) ver 1.2
[    1.809325] Bluetooth: HIDP socket layer initialized
[    1.809438] 9pnet: Installing 9P2000 support
[    1.809458] Key type dns_resolver registered
[    1.809793] registered taskstats version 1
[    1.810140] Btrfs loaded, crc32c=crc32c-generic
[    1.816475] ff000000.serial: ttyPS0 at MMIO 0xff000000 (irq = 41, base_baud = 6249999) is a xuartps
[    1.966028] mmc0: new high speed SDHC card at address aaaa
[    1.973611] mmcblk0: mmc0:aaaa SS08G 7.40 GiB 
[    1.981130]  mmcblk0: p1
[    3.435487] console [ttyPS0] enabled
[    3.439469] ff010000.serial: ttyPS1 at MMIO 0xff010000 (irq = 42, base_baud = 6249999) is a xuartps
[    3.450173] xilinx-psgtr fd400000.zynqmp_phy: Lane:1 type:8 protocol:4 pll_locked:yes
[    3.458419] PLL: shutdown
[    3.461093] PLL: shutdown
[    3.464004] PLL: enable
[    3.466502] PLL: shutdown
[    3.469860] PLL: enable
[    3.472322] xilinx-dp-snd-codec fd4a0000.zynqmp-display:zynqmp_dp_snd_codec0: Xilinx DisplayPort Sound Codec probed
[    3.482919] xilinx-dp-snd-pcm fd4a0000.zynqmp-display:zynqmp_dp_snd_pcm0: Xilinx DisplayPort Sound PCM probed
[    3.492963] xilinx-dp-snd-pcm fd4a0000.zynqmp-display:zynqmp_dp_snd_pcm1: Xilinx DisplayPort Sound PCM probed
[    3.503092] xilinx-dp-snd-pcm fd4a0000.zynqmp-display:zynqmp_dp_snd_pcm1: ASoC: Failed to create component debugfs directory
[    3.514418] xilinx-dp-snd-card fd4a0000.zynqmp-display:zynqmp_dp_snd_card: xilinx-dp-snd-codec-dai <-> xilinx-dp-snd-codec-dai mapping ok
[    3.526782] xilinx-dp-snd-card fd4a0000.zynqmp-display:zynqmp_dp_snd_card: xilinx-dp-snd-codec-dai <-> xilinx-dp-snd-codec-dai mapping ok
[    3.539403] xilinx-dp-snd-card fd4a0000.zynqmp-display:zynqmp_dp_snd_card: Xilinx DisplayPort Sound Card probed
[    3.549510] OF: graph: no port node found in /amba/zynqmp-display@fd4a0000
[    3.556426] [drm] Supports vblank timestamp caching Rev 2 (21.10.2013).
[    3.562959] [drm] No driver support for vblank timestamp query.
[    3.568921] xlnx-drm xlnx-drm.0: bound fd4a0000.zynqmp-display (ops 0xffffff8008ae4868)
[    3.614434] PLL: enable
[    3.742469] Console: switching to colour frame buffer device 240x67
[    3.767839] zynqmp-display fd4a0000.zynqmp-display: fb0:  frame buffer device
[    3.775147] [drm] Initialized xlnx 1.0.0 20130509 for fd4a0000.zynqmp-display on minor 0
[    3.783247] zynqmp-display fd4a0000.zynqmp-display: ZynqMP DisplayPort Subsystem driver probed
[    3.792301] xilinx-psgtr fd400000.zynqmp_phy: Lane:3 type:3 protocol:2 pll_locked:yes
[    3.800177] ahci-ceva fd0c0000.ahci: AHCI 0001.0301 32 slots 2 ports 6 Gbps 0x3 impl platform mode
[    3.809140] ahci-ceva fd0c0000.ahci: flags: 64bit ncq sntf pm clo only pmp fbs pio slum part ccc sds apst 
[    3.819529] scsi host0: ahci-ceva
[    3.822983] scsi host1: ahci-ceva
[    3.826352] ata1: SATA max UDMA/133 mmio [mem 0xfd0c0000-0xfd0c1fff] port 0x100 irq 39
[    3.834258] ata2: SATA max UDMA/133 mmio [mem 0xfd0c0000-0xfd0c1fff] port 0x180 irq 39
[    3.843974] xilinx-psgtr fd400000.zynqmp_phy: Lane:2 type:0 protocol:3 pll_locked:yes
[    3.854089] xhci-hcd xhci-hcd.0.auto: xHCI Host Controller
[    3.859558] xhci-hcd xhci-hcd.0.auto: new USB bus registered, assigned bus number 1
[    3.867446] xhci-hcd xhci-hcd.0.auto: hcc params 0x0238f625 hci version 0x100 quirks 0x22010010
[    3.876171] xhci-hcd xhci-hcd.0.auto: irq 63, io mem 0xfe200000
[    3.882175] usb usb1: New USB device found, idVendor=1d6b, idProduct=0002
[    3.888943] usb usb1: New USB device strings: Mfr=3, Product=2, SerialNumber=1
[    3.896147] usb usb1: Product: xHCI Host Controller
[    3.900986] usb usb1: Manufacturer: Linux 4.14.0-xilinx-v2018.1 xhci-hcd
[    3.907686] usb usb1: SerialNumber: xhci-hcd.0.auto
[    3.912810] hub 1-0:1.0: USB hub found
[    3.916537] hub 1-0:1.0: 1 port detected
[    3.920600] xhci-hcd xhci-hcd.0.auto: xHCI Host Controller
[    3.926060] xhci-hcd xhci-hcd.0.auto: new USB bus registered, assigned bus number 2
[    3.933755] usb usb2: We don't know the algorithms for LPM for this host, disabling LPM.
[    3.941912] usb usb2: New USB device found, idVendor=1d6b, idProduct=0003
[    3.948686] usb usb2: New USB device strings: Mfr=3, Product=2, SerialNumber=1
[    3.955892] usb usb2: Product: xHCI Host Controller
[    3.960731] usb usb2: Manufacturer: Linux 4.14.0-xilinx-v2018.1 xhci-hcd
[    3.967431] usb usb2: SerialNumber: xhci-hcd.0.auto
[    3.972509] hub 2-0:1.0: USB hub found
[    3.976227] hub 2-0:1.0: 1 port detected
[    3.981250] pca953x 0-0020: 0-0020 supply vcc not found, using dummy regulator
[    3.991551] pca953x 0-0020: interrupt support not compiled in
[    3.998062] ina2xx 3-0040: power monitor ina226 (Rshunt = 2000 uOhm)
[    4.004817] ina2xx 3-0041: power monitor ina226 (Rshunt = 5000 uOhm)
[    4.011575] ina2xx 3-0042: power monitor ina226 (Rshunt = 5000 uOhm)
[    4.018324] ina2xx 3-0043: power monitor ina226 (Rshunt = 5000 uOhm)
[    4.025089] ina2xx 3-0045: power monitor ina226 (Rshunt = 5000 uOhm)
[    4.031844] ina2xx 3-0046: power monitor ina226 (Rshunt = 2000 uOhm)
[    4.038598] ina2xx 3-0047: power monitor ina226 (Rshunt = 5000 uOhm)
[    4.048406] ina2xx 3-0048: power monitor ina226 (Rshunt = 5000 uOhm)
[    4.058198] ina2xx 3-0049: power monitor ina226 (Rshunt = 5000 uOhm)
[    4.068018] ina2xx 3-004a: power monitor ina226 (Rshunt = 5000 uOhm)
[    4.077814] ina2xx 3-004b: power monitor ina226 (Rshunt = 5000 uOhm)
[    4.087589] ina2xx 3-004c: power monitor ina226 (Rshunt = 5000 uOhm)
[    4.097328] ina2xx 3-004d: power monitor ina226 (Rshunt = 5000 uOhm)
[    4.107002] ina2xx 3-004e: power monitor ina226 (Rshunt = 5000 uOhm)
[    4.116232] i2c i2c-0: Added multiplexed i2c bus 3
[    4.123971] i2c i2c-0: Added multiplexed i2c bus 4
[    4.131845] i2c i2c-0: Added multiplexed i2c bus 5
[    4.139468] i2c i2c-0: Added multiplexed i2c bus 6
[    4.146921] pca954x 0-0075: registered 4 multiplexed busses for I2C mux pca9544
[    4.155269] ata1: SATA link down (SStatus 0 SControl 330)
[    4.164981] cdns-i2c ff020000.i2c: 400 kHz mmio ff020000 irq 32
[    4.175267] at24 7-0054: 1024 byte 24c08 EEPROM, writable, 1 bytes/write
[    4.184651] i2c i2c-1: Added multiplexed i2c bus 7
[    4.192254] i2c i2c-1: Added multiplexed i2c bus 8
[    4.201636] si570 9-005d: registered, current frequency 300000000 Hz
[    4.210578] i2c i2c-1: Added multiplexed i2c bus 9
[    4.231844] si570 10-005d: registered, current frequency 148500000 Hz
[    4.240855] i2c i2c-1: Added multiplexed i2c bus 10
[    4.248457] i2c i2c-1: Added multiplexed i2c bus 11
[    4.256022] i2c i2c-1: Added multiplexed i2c bus 12
[    4.263455] i2c i2c-1: Added multiplexed i2c bus 13
[    4.270872] i2c i2c-1: Added multiplexed i2c bus 14
[    4.278168] pca954x 1-0074: registered 8 multiplexed busses for I2C switch pca9548
[    4.288494] i2c i2c-1: Added multiplexed i2c bus 15
[    4.295885] i2c i2c-1: Added multiplexed i2c bus 16
[    4.303242] i2c i2c-1: Added multiplexed i2c bus 17
[    4.310824] i2c i2c-1: Added multiplexed i2c bus 18
[    4.317058] ata2: SATA link up 6.0 Gbps (SStatus 133 SControl 330)
[    4.317774] ata2.00: ATA-9: TS128GMTS400S, Q0926B, max UDMA/133
[    4.317778] ata2.00: 250069680 sectors, multi 16: LBA48 NCQ (depth 31/32)
[    4.317886] ata2.00: configured for UDMA/133
[    4.318086] scsi 1:0:0:0: Direct-Access     ATA      TS128GMTS400S    6B   PQ: 0 ANSI: 5
[    4.318733] sd 1:0:0:0: [sda] 250069680 512-byte logical blocks: (128 GB/119 GiB)
[    4.318760] sd 1:0:0:0: [sda] Write Protect is off
[    4.318807] sd 1:0:0:0: [sda] Write cache: enabled, read cache: enabled, doesn't support DPO or FUA
[    4.320175] sd 1:0:0:0: [sda] Attached SCSI disk
[    4.395132] i2c i2c-1: Added multiplexed i2c bus 19
[    4.402354] i2c i2c-1: Added multiplexed i2c bus 20
[    4.409536] i2c i2c-1: Added multiplexed i2c bus 21
[    4.416686] i2c i2c-1: Added multiplexed i2c bus 22
[    4.423667] pca954x 1-0075: registered 8 multiplexed busses for I2C switch pca9548
[    4.433407] cdns-i2c ff030000.i2c: 400 kHz mmio ff030000 irq 33
[    4.442707] input: gpio-keys as /devices/platform/gpio-keys/input/input0
[    4.451800] rtc_zynqmp ffa60000.rtc: setting system clock to 2018-04-13 07:31:45 UTC (1523604705)
[    4.463031] clk: Not disabling unused clocks
[    4.469560] ALSA device list:
[    4.474758]   #0: DisplayPort monitor
[    4.481053] Freeing unused kernel memory: 512K
INIT: version 2.88 booting
Starting udev
[    4.591993] udevd[1877]: starting version 3.2.2
[    4.603313] udevd[1878]: starting eudev-3.2.2
[    4.865654] usb 2-1: new SuperSpeed USB device number 2 using xhci-hcd
[    4.893923] usb 2-1: New USB device found, idVendor=0781, idProduct=5583
[    4.902891] usb 2-1: New USB device strings: Mfr=1, Product=2, SerialNumber=3
[    4.912255] usb 2-1: Product: Ultra Fit
[    4.918346] usb 2-1: Manufacturer: SanDisk
[    4.924626] usb 2-1: SerialNumber: 4C530001170901113080
[    4.932875] usb-storage 2-1:1.0: USB Mass Storage device detected
[    4.941981] scsi host2: usb-storage 2-1:1.0
[    5.045280] FAT-fs (mmcblk0p1): Volume was not properly unmounted. Some data may be corrupt. Please run fsck.
Starting internet superserver: inetd.
Configuring packages on first boot....
 (This may take several minutes. Please do not power off the machine.)
Running postinst /etc/rpm-postinsts/100-sysvinit-inittab...
update-rc.d: /etc/init.d/run-postinsts exists during rc.d purge (continuing)
 Removing any sINIT: Entering runlevel: 5
Configuring network interfaces... [    5.430877] pps pps0: new PPS source ptp0
[    5.437228] macb ff0e0000.ethernet: gem-ptp-timer ptp clock registered.
[    5.446264] IPv6: ADDRCONF(NETDEV_UP): eth0: link is not ready
udhcpc (v1.24.1) started
Sending discover...
[    5.957878] scsi 2:0:0:0: Direct-Access     SanDisk  Ultra Fit        1.00 PQ: 0 ANSI: 6
[    5.969392] sd 2:0:0:0: [sdb] 60062500 512-byte logical blocks: (30.8 GB/28.6 GiB)
[    5.980802] sd 2:0:0:0: [sdb] Write Protect is off
[    5.988426] sd 2:0:0:0: [sdb] Write cache: disabled, read cache: enabled, doesn't support DPO or FUA
[    6.008308]  sdb: sdb1
[    6.016748] sd 2:0:0:0: [sdb] Attached SCSI removable disk
[    6.159770] FAT-fs (sdb1): Volume was not properly unmounted. Some data may be corrupt. Please run fsck.
Sending discover...
[    9.509331] macb ff0e0000.ethernet eth0: link up (1000/Full)
[    9.517839] IPv6: ADDRCONF(NETDEV_CHANGE): eth0: link becomes ready
Sending discover...
No lease, forking to background
done.
Starting Dropbear SSH server: Generating key, this may take a while...
Public key portion is:
ssh-rsa AAAAB3NzaC1yc2EAAAADAQABAAABAQCxIK9mWeaMgVD41gC7Q4a8VTDMNf3dahTaL1IoLEOGOkfpY+PGRhv1miTfus+CPbCJcf3EB07w4RNk9ZqO2b5z5JHLd6Qd7FEY4i4R0iS32WcokD14WFwR8bKfdTPQGXjwpWzGEhoanqTh/8P5yVsDFHGiKdJ2WFZn9LwsifLhJgpbTL71KdYdWbB2MZ4S4vBydYyUnhb3a7VWnK2/97tX4hiOT6rbUhwuaielU4k1IA1oznQIa8arH5kiyg0VPWQ8cmVYTwNAbsjkjj9gzXcs0G9eBKMCPkEcZVnPgbieKBUL6bVOXzQNJFSyDmlZYxFsO1Qc2x5W3kpJUH31yqRz root@xilinx-zcu111-2018_1
Fingerprint: md5 ec:9d:fd:e8:a9:08:d0:50:ab:b0:76:1e:9a:55:26:44
dropbear.
Starting syslogd/klogd: done
Starting tcf-agent: OK

PetaLinux 2018.1 xilinx-zcu111-2018_1 /dev/ttyPS0

xilinx-zcu111-2018_1 login: 
Entering step: 7


Info: This step started at: 2018-06-14 13:19:20
Writing: 'root\n'
root
Password: 
Entering step: 8


Info: This step started at: 2018-06-14 13:19:22
Writing: 'root\n'

7[r[999;999H[6n
Entering step: 9


Info: This step started at: 2018-06-14 13:19:24
Writing: '\n'
8root@xilinx-zcu111-2018_1:~# 
Entering step: 10


Info: This step started at: 2018-06-14 13:19:29

User has responded "Yes": "Do you see the Console displaying on the DP Monitor? 
The test passed if you see the pattern on the output monitor."

step finished 

Entering step: 11


Info: This step started at: 2018-06-14 13:19:33
Writing: 'ifconfig eth0 192.168.1.10\n'
ifconfig eth0 192.168.1.10
root@xilinx-zcu111-2018_1:~# 
Entering step: 12


Info: This step started at: 2018-06-14 13:19:38
Writing: '\n'

root@xilinx-zcu111-2018_1:~# 
Entering step: 13


Info: This step started at: 2018-06-14 13:19:43
Writing: 'df\n'
df
Filesystem           1K-blocks      Used Available Use% Mounted on
devtmpfs               1888488         4   1888484   0% /dev
tmpfs                  2023688       128   2023560   0% /run
tmpfs                  2023688        92   2023596   0% /var/volatile
/dev/mmcblk0p1         7753728    165344   7588384   2% /run/media/mmcblk0p1
/dev/sdb1             30016560   1796464  28220096   6% /run/media/sdb1
root@xilinx-zcu111-2018_1:~# 
Entering step: 14


Info: This step started at: 2018-06-14 13:19:53
Writing: 'dmesg | grep -i SuperSpeed\n'

Entering step: 15


Info: This step started at: 2018-06-14 13:19:55
dmesg | grep -i SuperSpeed
[    4.865654] usb 2-1: new SuperSpeed USB device number 2 using xhci-hcd
root@xilinx-zcu111-2018_1:~# Writing: 'dmesg | grep -i SATA\n'
dmesg | grep -i SATA
[    3.826352] ata1: SATA max UDMA/133 mmio [mem 0xfd0c0000-0xfd0c1fff] port 0x100 irq 39
[    3.834258] ata2: SATA max UDMA/133 mmio [mem 0xfd0c0000-0xfd0c1fff] port 0x180 irq 39
[    4.155269] ata1: SATA link down (SStatus 0 SControl 330)
[    4.317058] ata2: SATA link up 6.0 Gbps (SStatus 133 SControl 330)
root@xilinx-zcu111-2018_1:~# 
Entering step: 16


Info: This step started at: 2018-06-14 13:19:57
Writing: 'cd /run/media/mmcblk0p1\n'
cd /run/media/mmcblk0p1
root@xilinx-zcu111-2018_1:/run/media/mmcblk0p1# 
Entering step: 17


Info: This step started at: 2018-06-14 13:19:59
Writing: './disktest2.sh\n'
./disktest2.sh
SATA Disk Read/Write Test Start
rm: can't remove '/mnt/smartctl': No such file or directory
cp: can't stat '/run/media/sda1/smartctl': No such file or directory
diff: can't stat '/run/media/sda1/smartctl': No such file or directory
File Mismatch Error
rm: can't remove '/mnt/smartctl': No such file or directory
cp: can't stat '/run/media/sda1/smartctl': No such file or directory
diff: can't stat '/run/media/sda1/smartctl': No such file or directory
File Mismatch Error
rm: can't remove '/mnt/smartctl': No such file or directory
cp: can't stat '/run/media/sda1/smartctl': No such file or directory
diff: can't stat '/run/media/sda1/smartctl': No such file or directory
File Mismatch Error
rm: can't remove '/mnt/smartctl': No such file or directory
cp: can't stat '/run/media/sda1/smartctl': No such file or directory
diff: can't stat '/run/media/sda1/smartctl': No such file or directory
File Mismatch Error
rm: can't remove '/mnt/smartctl': No such file or directory
cp: can't stat '/run/media/sda1/smartctl': No such file or directory
diff: can't stat '/run/media/sda1/smartctl': No such file or directory
File Mismatch Error
rm: can't remove '/mnt/smartctl': No such file or directory
cp: can't stat '/run/media/sda1/smartctl': No such file or directory
diff: can't stat '/run/media/sda1/smartctl': No such file or directory
File Mismatch Error
rm: can't remove '/mnt/smartctl': No such file or directory
cp: can't stat '/run/media/sda1/smartctl': No such file or directory
diff: can't stat '/run/media/sda1/smartctl': No such file or directory
File Mismatch Error
rm: can't remove '/mnt/smartctl': No such file or directory
cp: can't stat '/run/media/sda1/smartctl': No such file or directory
diff: can't stat '/run/media/sda1/smartctl': No such file or directory
File Mismatch Error
rm: can't remove '/mnt/smartctl': No such file or directory
cp: can't stat '/run/media/sda1/smartctl': No such file or directory
diff: can't stat '/run/media/sda1/smartctl': No such file or directory
File Mismatch Error
rm: can't remove '/mnt/smartctl': No such file or directory
cp: can't stat '/run/media/sda1/smartctl': No such file or directory
diff: can't stat '/run/media/sda1/smartctl': No such file or directory
File Mismatch Error
rm: can't remove '/mnt/smartctl': No such file or directory
cp: can't stat '/run/media/sda1/smartctl': No such file or directory
diff: can't stat '/run/media/sda1/smartctl': No such file or directory
File Mismatch Error
rm: can't remove '/mnt/smartctl': No such file or directory
cp: can't stat '/run/media/sda1/smartctl': No such file or directory
diff: can't stat '/run/media/sda1/smartctl': No such file or directory
File Mismatch Error
rm: can't remove '/mnt/smartctl': No such file or directory
cp: can't stat '/run/media/sda1/smartctl': No such file or directory
diff: can't stat '/run/media/sda1/smartctl': No such file or directory
File Mismatch Error
rm: can't remove '/mnt/smartctl': No such file or directory
cp: can't stat '/run/media/sda1/smartctl': No such file or directory
diff: can't stat '/run/media/sda1/smartctl': No such file or directory
File Mismatch Error
rm: can't remove '/mnt/smartctl': No such file or directory
cp: can't stat '/run/media/sda1/smartctl': No such file or directory
diff: can't stat '/run/media/sda1/smartctl': No such file or directory
File Mismatch Error
rm: can't remove '/mnt/smartctl': No such file or directory
cp: can't stat '/run/media/sda1/smartctl': No such file or directory
diff: can't stat '/run/media/sda1/smartctl': No such file or directory
File Mismatch Error
rm: can't remove '/mnt/smartctl': No such file or directory
cp: can't stat '/run/media/sda1/smartctl': No such file or directory
diff: can't stat '/run/media/sda1/smartctl': No such file or directory
File Mismatch Error
rm: can't remove '/mnt/smartctl': No such file or directory
cp: can't stat '/run/media/sda1/smartctl': No such file or directory
diff: can't stat '/run/media/sda1/smartctl': No such file or directory
File Mismatch Error
rm: can't remove '/mnt/smartctl': No such file or directory
cp: can't stat '/run/media/sda1/smartctl': No such file or directory
diff: can't stat '/run/media/sda1/smartctl': No such file or directory
File Mismatch Error
rm: can't remove '/mnt/smartctl': No such file or directory
cp: can't stat '/run/media/sda1/smartctl': No such file or directory
diff: can't stat '/run/media/sda1/smartctl': No such file or directory
File Mismatch Error
rm: can't remove '/mnt/smartctl': No such file or directory
cp: can't stat '/run/media/sda1/smartctl': No such file or directory
diff: can't stat '/run/media/sda1/smartctl': No such file or directory
File Mismatch Error
rm: can't remove '/mnt/smartctl': No such file or directory
cp: can't stat '/run/media/sda1/smartctl': No such file or directory
diff: can't stat '/run/media/sda1/smartctl': No such file or directory
File Mismatch Error
rm: can't remove '/mnt/smartctl': No such file or directory
cp: can't stat '/run/media/sda1/smartctl': No such file or directory
diff: can't stat '/run/media/sda1/smartctl': No such file or directory
File Mismatch Error
rm: can't remove '/mnt/smartctl': No such file or directory
cp: can't stat '/run/media/sda1/smartctl': No such file or directory
diff: can't stat '/run/media/sda1/smartctl': No such file or directory
File Mismatch Error
rm: can't remove '/mnt/smartctl': No such file or directory
cp: can't stat '/run/media/sda1/smartctl': No such file or directory
diff: can't stat '/run/media/sda1/smartctl': No such file or directory
File Mismatch Error
rm: can't remove '/mnt/smartctl': No such file or directory
cp: can't stat '/run/media/sda1/smartctl': No such file or directory
diff: can't stat '/run/media/sda1/smartctl': No such file or directory
File Mismatch Error
rm: can't remove '/mnt/smartctl': No such file or directory
cp: can't stat '/run/media/sda1/smartctl': No such file or directory
diff: can't stat '/run/media/sda1/smartctl': No such file or directory
File Mismatch Error
rm: can't remove '/mnt/smartctl': No such file or directory
cp: can't stat '/run/media/sda1/smartctl': No such file or directory
diff: can't stat '/run/media/sda1/smartctl': No such file or directory
File Mismatch Error
rm: can't remove '/mnt/smartctl': No such file or directory
cp: can't stat '/run/media/sda1/smartctl': No such file or directory
diff: can't stat '/run/media/sda1/smartctl': No such file or directory
File Mismatch Error
rm: can't remove '/mnt/smartctl': No such file or directory
cp: can't stat '/run/media/sda1/smartctl': No such file or directory
diff: can't stat '/run/media/sda1/smartctl': No such file or directory
File Mismatch Error
rm: can't remove '/mnt/smartctl': No such file or directory
cp: can't stat '/run/media/sda1/smartctl': No such file or directory
diff: can't stat '/run/media/sda1/smartctl': No such file or directory
File Mismatch Error
rm: can't remove '/mnt/smartctl': No such file or directory
cp: can't stat '/run/media/sda1/smartctl': No such file or directory
diff: can't stat '/run/media/sda1/smartctl': No such file or directory
File Mismatch Error
rm: can't remove '/mnt/smartctl': No such file or directory
cp: can't stat '/run/media/sda1/smartctl': No such file or directory
diff: can't stat '/run/media/sda1/smartctl': No such file or directory
File Mismatch Error
rm: can't remove '/mnt/smartctl': No such file or directory
cp: can't stat '/run/media/sda1/smartctl': No such file or directory
diff: can't stat '/run/media/sda1/smartctl': No such file or directory
File Mismatch Error
rm: can't remove '/mnt/smartctl': No such file or directory
cp: can't stat '/run/media/sda1/smartctl': No such file or directory
diff: can't stat '/run/media/sda1/smartctl': No such file or directory
File Mismatch Error
rm: can't remove '/mnt/smartctl': No such file or directory
cp: can't stat '/run/media/sda1/smartctl': No such file or directory
diff: can't stat '/run/media/sda1/smartctl': No such file or directory
File Mismatch Error
rm: can't remove '/mnt/smartctl': No such file or directory
cp: can't stat '/run/media/sda1/smartctl': No such file or directory
diff: can't stat '/run/media/sda1/smartctl': No such file or directory
File Mismatch Error
rm: can't remove '/mnt/smartctl': No such file or directory
cp: can't stat '/run/media/sda1/smartctl': No such file or directory
diff: can't stat '/run/media/sda1/smartctl': No such file or directory
File Mismatch Error
rm: can't remove '/mnt/smartctl': No such file or directory
cp: can't stat '/run/media/sda1/smartctl': No such file or directory
diff: can't stat '/run/media/sda1/smartctl': No such file or directory
File Mismatch Error
rm: can't remove '/mnt/smartctl': No such file or directory
cp: can't stat '/run/media/sda1/smartctl': No such file or directory
diff: can't stat '/run/media/sda1/smartctl': No such file or directory
File Mismatch Error
rm: can't remove '/mnt/smartctl': No such file or directory
cp: can't stat '/run/media/sda1/smartctl': No such file or directory
diff: can't stat '/run/media/sda1/smartctl': No such file or directory
File Mismatch Error
rm: can't remove '/mnt/smartctl': No such file or directory
cp: can't stat '/run/media/sda1/smartctl': No such file or directory
diff: can't stat '/run/media/sda1/smartctl': No such file or directory
File Mismatch Error
rm: can't remove '/mnt/smartctl': No such file or directory
cp: can't stat '/run/media/sda1/smartctl': No such file or directory
diff: can't stat '/run/media/sda1/smartctl': No such file or directory
File Mismatch Error
rm: can't remove '/mnt/smartctl': No such file or directory
cp: can't stat '/run/media/sda1/smartctl': No such file or directory
diff: can't stat '/run/media/sda1/smartctl': No such file or directory
File Mismatch Error
rm: can't remove '/mnt/smartctl': No such file or directory
cp: can't stat '/run/media/sda1/s
Error: Found regular expression in step 0 of test 17 - "(.*)File\s+Mismatch\s+Error"

step finished 
the expression:(.*)File\s+Mismatch\s+Error

Error: Could not find regular expression in step 0 of test 17 - "(.*)USB\s+Read/Write Test\s+\-\s+PASSED"

Error: Could not find regular expression in step 0 of test 17 - "(.*)SATA\s+Disk\s+Read/Write\s+Test\s+\-\s+PASSED"

Error: Could not find regular expression in step 0 of test 17 - "(.*)reboot:\s+Power\s+down"

Entering step: 18


Info: This step started at: 2018-06-14 13:20:09

Error: Stopped because step 0 failed in test 17

Info: Result for step 0: Fail
Info: Result for step 1: Pass
Info: Result for step 2: Pass
Info: Result for step 3: Pass
Info: Result for step 4: Fail
Info: Result for step 5: Fail
Info: Result for step 6: Fail
Info: Result for step 7: Fail
Info: Result for step 8: Fail
Info: Result for step 9: Fail
Info: Result for step 10: Pass
Info: Result for step 11: Fail
Info: Result for step 12: Fail
Info: Result for step 13: Fail
Info: Result for step 14: Fail
Info: Result for step 15: Fail
Info: Result for step 16: Fail
Info: Result for step 17: Fail
Info: The test took 0 hours, 01 minutes, and 55 seconds. 0:01:55

Info: Ethernet, SD, USB, SATA Test test started...

Info: The test will take 0 hours, 02 minutes, and 36 seconds. 0:02:36

Entering step: 0


Info: This step started at: 2018-06-14 13:28:34

Entering step: 1


Info: This step started at: 2018-06-14 13:28:34

User has confirmed: "Set mode switch SW6 to "0111" (Up,Down,Down,Down).
Connect a DP monitor.
Insert SD card with contents of SATA_SD folder.
Connect USB3 thumbdrive and SATA drive. "

step finished 

Entering step: 2


Info: This step started at: 2018-06-14 13:28:37

C:\zcu111_bit\tests\ZCU111>cd bat\ 

C:\zcu111_bit\tests\ZCU111\bat>ezoutlet.exe reset 192.168.0.12 
step finished 

Entering step: 3


Info: This step started at: 2018-06-14 13:28:41
Xilinx Zynq MP First Stage Boot Loader 
Release 2018.1   Apr 12 2018  -  08:36:28
NOTICE:  ATF running on XCZU28DR/silicon v4/RTL5.1 at 0xfffea000
NOTICE:  BL31: Secure code at 0x0
NOTICE:  BL31: Non secure code at 0x8000000
NOTICE:  BL31: v1.4(release):xilinx-v2017.4-1351-gdf4a7e97
NOTICE:  BL31: Built : 14:29:32, Apr 12 2018
PMUFW:	v1.0


U-Boot 2018.01 (Apr 12 2018 - 08:34:07 -0600) Xilinx ZynqMP ZCU111

I2C:   ready
DRAM:  4 GiB
EL Level:	EL2
Chip ID:	zu28dr
MMC:   sdhci@ff170000: 0 (SD)
SF: Detected mt25qu02g with page size 512 Bytes, erase size 128 KiB, total 512 MiB
*** Warning - bad CRC, using default environment

In:    serial@ff000000
Out:   serial@ff000000
Err:   serial@ff000000
Model: ZynqMP ZCU111 RevA
Board: Xilinx ZynqMP
Bootmode: LVL_SHFT_SD_MODE1
Net:   ZYNQ GEM: ff0e0000, phyaddr c, interface rgmii-id
eth0: ethernet@ff0e0000
U-BOOT for xilinx-zcu111-2018_1

ethernet@ff0e0000 Waiting for PHY auto negotiation to complete...... done
BOOTP broadcast 1
BOOTP broadcast 2
BOOTP broadcast 3
BOOTP broadcast 4
BOOTP broadcast 5

****** Vivado v2018.1 (64-bit)
  **** SW Build 2188600 on Wed Apr  4 18:40:38 MDT 2018
  **** IP Build 2185939 on Wed Apr  4 20:55:05 MDT 2018
    ** Copyright 1986-2018 Xilinx, Inc. All Rights Reserved.

source {tcl\five_second_delay.tcl}
# after 5000
BOOTP broadcast 6
BOOTP broadcast 7
BOOTP broadcast 8
INFO: [Common 17-206] Exiting Vivado at Thu Jun 14 13:28:58 2018...
step finished 

Entering step: 4


Info: This step started at: 2018-06-14 13:28:58
Writing: '\n'
BOOTP broadcast 9
BOOTP broadcast 10

Entering step: 5


Info: This step started at: 2018-06-14 13:29:03
BOOTP broadcast 11
Writing: '\n'
BOOTP broadcast 12
BOOTP broadcast 13

Entering step: 6


Info: This step started at: 2018-06-14 13:29:08
BOOTP broadcast 14
BOOTP broadcast 15
BOOTP broadcast 16
BOOTP broadcast 17

Retry time exceeded
Hit any key to stop autoboot:  4  3  2  1  0 
Device: sdhci@ff170000
Manufacturer ID: 3
OEM: 5344
Name: SS08G 
Tran Speed: 50000000
Rd Block Len: 512
SD version 3.0
High Capacity: Yes
Capacity: 7.4 GiB
Bus Width: 4-bit
Erase Group Size: 512 Bytes
reading image.ub
14886576 bytes read in 986 ms (14.4 MiB/s)
## Loading kernel from FIT Image at 10000000 ...
   Using 'conf@system-top.dtb' configuration
   Trying 'kernel@1' kernel subimage
     Description:  Linux kernel
     Type:         Kernel Image
     Compression:  gzip compressed
     Data Start:   0x10000108
     Data Size:    6911810 Bytes = 6.6 MiB
     Architecture: AArch64
     OS:           Linux
     Load Address: 0x00080000
     Entry Point:  0x00080000
     Hash algo:    sha1
     Hash value:   5537e07d6b1a72210e1a106d2c25b8fc61610dfb
   Verifying Hash Integrity ... sha1+ OK
## Loading ramdisk from FIT Image at 10000000 ...
   Using 'conf@system-top.dtb' configuration
   Trying 'ramdisk@1' ramdisk subimage
     Description:  petalinux-user-image
     Type:         RAMDisk Image
     Compression:  gzip compressed
     Data Start:   0x106a2014
     Data Size:    7930123 Bytes = 7.6 MiB
     Architecture: AArch64
     OS:           Linux
     Load Address: unavailable
     Entry Point:  unavailable
     Hash algo:    sha1
     Hash value:   6b63df6dfd9f3b5885a6e7d16fc5b62ebd32e2b3
   Verifying Hash Integrity ... sha1+ OK
## Loading fdt from FIT Image at 10000000 ...
   Using 'conf@system-top.dtb' configuration
   Trying 'fdt@system-top.dtb' fdt subimage
     Description:  Flattened Device Tree blob
     Type:         Flat Device Tree
     Compression:  uncompressed
     Data Start:   0x10697950
     Data Size:    42495 Bytes = 41.5 KiB
     Architecture: AArch64
     Hash algo:    sha1
     Hash value:   7c9a59c0feb83ffb1bb31acf172edab23ff5df74
   Verifying Hash Integrity ... sha1+ OK
   Booting using the fdt blob at 0x10697950
   Uncompressing Kernel Image ... OK
   Loading Ramdisk to 0786f000, end 07fff10b ... OK
   Loading Device Tree to 0000000007861000, end 000000000786e5fe ... OK

Starting kernel ...

[    0.000000] Booting Linux on physical CPU 0x0
[    0.000000] Linux version 4.14.0-xilinx-v2018.1 (oe-user@oe-host) (gcc version 7.2.0 (GCC)) #1 SMP Thu Apr 12 08:32:17 MDT 2018
[    0.000000] Boot CPU: AArch64 Processor [410fd034]
[    0.000000] Machine model: ZynqMP ZCU111 RevA
[    0.000000] earlycon: cdns0 at MMIO 0x00000000ff000000 (options '115200n8')
[    0.000000] bootconsole [cdns0] enabled
[    0.000000] efi: Getting EFI parameters from FDT:
[    0.000000] efi: UEFI not found.
[    0.000000] cma: Reserved 256 MiB at 0x000000006fc00000
[    0.000000] psci: probing for conduit method from DT.
[    0.000000] psci: PSCIv1.1 detected in firmware.
[    0.000000] psci: Using standard PSCI v0.2 function IDs
[    0.000000] psci: MIGRATE_INFO_TYPE not supported.
[    0.000000] percpu: Embedded 21 pages/cpu @ffffffc87ff65000 s46488 r8192 d31336 u86016
[    0.000000] Detected VIPT I-cache on CPU0
[    0.000000] CPU features: enabling workaround for ARM erratum 845719
[    0.000000] Built 1 zonelists, mobility grouping on.  Total pages: 1033987
[    0.000000] Kernel command line: earlycon clk_ignore_unused
[    0.000000] PID hash table entries: 4096 (order: 3, 32768 bytes)
[    0.000000] Dentry cache hash table entries: 524288 (order: 10, 4194304 bytes)
[    0.000000] Inode-cache hash table entries: 262144 (order: 9, 2097152 bytes)
[    0.000000] software IO TLB [mem 0x6bc00000-0x6fc00000] (64MB) mapped at [ffffffc06bc00000-ffffffc06fbfffff]
[    0.000000] Memory: 3776980K/4193280K available (9916K kernel code, 640K rwdata, 2996K rodata, 512K init, 2168K bss, 154156K reserved, 262144K cma-reserved)
[    0.000000] Virtual kernel memory layout:
[    0.000000]     modules : 0xffffff8000000000 - 0xffffff8008000000   (   128 MB)
[    0.000000]     vmalloc : 0xffffff8008000000 - 0xffffffbebfff0000   (   250 GB)
[    0.000000]       .text : 0xffffff8008080000 - 0xffffff8008a30000   (  9920 KB)
[    0.000000]     .rodata : 0xffffff8008a30000 - 0xffffff8008d20000   (  3008 KB)
[    0.000000]       .init : 0xffffff8008d20000 - 0xffffff8008da0000   (   512 KB)
[    0.000000]       .data : 0xffffff8008da0000 - 0xffffff8008e40200   (   641 KB)
[    0.000000]        .bss : 0xffffff8008e40200 - 0xffffff800905e2b0   (  2169 KB)
[    0.000000]     fixed   : 0xffffffbefe7fd000 - 0xffffffbefec00000   (  4108 KB)
[    0.000000]     PCI I/O : 0xffffffbefee00000 - 0xffffffbeffe00000   (    16 MB)
[    0.000000]     vmemmap : 0xffffffbf00000000 - 0xffffffc000000000   (     4 GB maximum)
[    0.000000]               0xffffffbf00000000 - 0xffffffbf1dc00000   (   476 MB actual)
[    0.000000]     memory  : 0xffffffc000000000 - 0xffffffc880000000   ( 34816 MB)
[    0.000000] Hierarchical RCU implementation.
[    0.000000] 	RCU event tracing is enabled.
[    0.000000] 	RCU restricting CPUs from NR_CPUS=8 to nr_cpu_ids=4.
[    0.000000] RCU: Adjusting geometry for rcu_fanout_leaf=16, nr_cpu_ids=4
[    0.000000] NR_IRQS: 64, nr_irqs: 64, preallocated irqs: 0
[    0.000000] GIC: Adjusting CPU interface base to 0x00000000f902f000
[    0.000000] GIC: Using split EOI/Deactivate mode
[    0.000000] irq-xilinx: /amba_pl@0/interrupt-controller@a0001000: num_irq=3, edge=0x3
[    0.000000] arch_timer: cp15 timer(s) running at 99.99MHz (phys).
[    0.000000] clocksource: arch_sys_counter: mask: 0xffffffffffffff max_cycles: 0x171015c90f, max_idle_ns: 440795203080 ns
[    0.000003] sched_clock: 56 bits at 99MHz, resolution 10ns, wraps every 4398046511101ns
[    0.008320] Console: colour dummy device 80x25
[    0.012576] console [tty0] enabled
[    0.015942] bootconsole [cdns0] disabled
[    0.000000] Booting Linux on physical CPU 0x0
[    0.000000] Linux version 4.14.0-xilinx-v2018.1 (oe-user@oe-host) (gcc version 7.2.0 (GCC)) #1 SMP Thu Apr 12 08:32:17 MDT 2018
[    0.000000] Boot CPU: AArch64 Processor [410fd034]
[    0.000000] Machine model: ZynqMP ZCU111 RevA
[    0.000000] earlycon: cdns0 at MMIO 0x00000000ff000000 (options '115200n8')
[    0.000000] bootconsole [cdns0] enabled
[    0.000000] efi: Getting EFI parameters from FDT:
[    0.000000] efi: UEFI not found.
[    0.000000] cma: Reserved 256 MiB at 0x000000006fc00000
[    0.000000] psci: probing for conduit method from DT.
[    0.000000] psci: PSCIv1.1 detected in firmware.
[    0.000000] psci: Using standard PSCI v0.2 function IDs
[    0.000000] psci: MIGRATE_INFO_TYPE not supported.
[    0.000000] percpu: Embedded 21 pages/cpu @ffffffc87ff65000 s46488 r8192 d31336 u86016
[    0.000000] Detected VIPT I-cache on CPU0
[    0.000000] CPU features: enabling workaround for ARM erratum 845719
[    0.000000] Built 1 zonelists, mobility grouping on.  Total pages: 1033987
[    0.000000] Kernel command line: earlycon clk_ignore_unused
[    0.000000] PID hash table entries: 4096 (order: 3, 32768 bytes)
[    0.000000] Dentry cache hash table entries: 524288 (order: 10, 4194304 bytes)
[    0.000000] Inode-cache hash table entries: 262144 (order: 9, 2097152 bytes)
[    0.000000] software IO TLB [mem 0x6bc00000-0x6fc00000] (64MB) mapped at [ffffffc06bc00000-ffffffc06fbfffff]
[    0.000000] Memory: 3776980K/4193280K available (9916K kernel code, 640K rwdata, 2996K rodata, 512K init, 2168K bss, 154156K reserved, 262144K cma-reserved)
[    0.000000] Virtual kernel memory layout:
[    0.000000]     modules : 0xffffff8000000000 - 0xffffff8008000000   (   128 MB)
[    0.000000]     vmalloc : 0xffffff8008000000 - 0xffffffbebfff0000   (   250 GB)
[    0.000000]       .text : 0xffffff8008080000 - 0xffffff8008a30000   (  9920 KB)
[    0.000000]     .rodata : 0xffffff8008a30000 - 0xffffff8008d20000   (  3008 KB)
[    0.000000]       .init : 0xffffff8008d20000 - 0xffffff8008da0000   (   512 KB)
[    0.000000]       .data : 0xffffff8008da0000 - 0xffffff8008e40200   (   641 KB)
[    0.000000]        .bss : 0xffffff8008e40200 - 0xffffff800905e2b0   (  2169 KB)
[    0.000000]     fixed   : 0xffffffbefe7fd000 - 0xffffffbefec00000   (  4108 KB)
[    0.000000]     PCI I/O : 0xffffffbefee00000 - 0xffffffbeffe00000   (    16 MB)
[    0.000000]     vmemmap : 0xffffffbf00000000 - 0xffffffc000000000   (     4 GB maximum)
[    0.000000]               0xffffffbf00000000 - 0xffffffbf1dc00000   (   476 MB actual)
[    0.000000]     memory  : 0xffffffc000000000 - 0xffffffc880000000   ( 34816 MB)
[    0.000000] Hierarchical RCU implementation.
[    0.000000] 	RCU event tracing is enabled.
[    0.000000] 	RCU restricting CPUs from NR_CPUS=8 to nr_cpu_ids=4.
[    0.000000] RCU: Adjusting geometry for rcu_fanout_leaf=16, nr_cpu_ids=4
[    0.000000] NR_IRQS: 64, nr_irqs: 64, preallocated irqs: 0
[    0.000000] GIC: Adjusting CPU interface base to 0x00000000f902f000
[    0.000000] GIC: Using split EOI/Deactivate mode
[    0.000000] irq-xilinx: /amba_pl@0/interrupt-controller@a0001000: num_irq=3, edge=0x3
[    0.000000] arch_timer: cp15 timer(s) running at 99.99MHz (phys).
[    0.000000] clocksource: arch_sys_counter: mask: 0xffffffffffffff max_cycles: 0x171015c90f, max_idle_ns: 440795203080 ns
[    0.000003] sched_clock: 56 bits at 99MHz, resolution 10ns, wraps every 4398046511101ns
[    0.008320] Console: colour dummy device 80x25
[    0.012576] console [tty0] enabled
[    0.015942] bootconsole [cdns0] disabled
[    0.019853] Calibrating delay loop (skipped), value calculated using timer frequency.. 199.99 BogoMIPS (lpj=399996)
[    0.019866] pid_max: default: 32768 minimum: 301
[    0.019970] Mount-cache hash table entries: 8192 (order: 4, 65536 bytes)
[    0.019987] Mountpoint-cache hash table entries: 8192 (order: 4, 65536 bytes)
[    0.020586] ASID allocator initialised with 65536 entries
[    0.020640] Hierarchical SRCU implementation.
[    0.020979] EFI services will not be available.
[    0.021005] zynqmp_plat_init Platform Management API v1.0
[    0.021013] zynqmp_plat_init Trustzone version v1.0
[    0.021116] smp: Bringing up secondary CPUs ...
[    0.021367] Detected VIPT I-cache on CPU1
[    0.021397] CPU1: Booted secondary processor [410fd034]
[    0.021671] Detected VIPT I-cache on CPU2
[    0.021689] CPU2: Booted secondary processor [410fd034]
[    0.021951] Detected VIPT I-cache on CPU3
[    0.021969] CPU3: Booted secondary processor [410fd034]
[    0.022010] smp: Brought up 1 node, 4 CPUs
[    0.022042] SMP: Total of 4 processors activated.
[    0.022050] CPU features: detected feature: 32-bit EL0 Support
[    0.022061] CPU: All CPU(s) started at EL2
[    0.022078] alternatives: patching kernel code
[    0.022798] devtmpfs: initialized
[    0.027163] random: get_random_u32 called from bucket_table_alloc+0x108/0x260 with crng_init=0
[    0.027324] clocksource: jiffies: mask: 0xffffffff max_cycles: 0xffffffff, max_idle_ns: 7645041785100000 ns
[    0.027346] futex hash table entries: 1024 (order: 5, 131072 bytes)
[    0.032825] xor: measuring software checksum speed
[    0.071928]    8regs     :  2303.000 MB/sec
[    0.111957]    8regs_prefetch:  2053.000 MB/sec
[    0.151986]    32regs    :  2830.000 MB/sec
[    0.192017]    32regs_prefetch:  2381.000 MB/sec
[    0.192025] xor: using function: 32regs (2830.000 MB/sec)
[    0.192100] pinctrl core: initialized pinctrl subsystem
[    0.192266] random: fast init done
[    0.192625] NET: Registered protocol family 16
[    0.193379] cpuidle: using governor menu
[    0.193898] vdso: 2 pages (1 code @ ffffff8008a36000, 1 data @ ffffff8008da4000)
[    0.193915] hw-breakpoint: found 6 breakpoint and 4 watchpoint registers.
[    0.194377] DMA: preallocated 256 KiB pool for atomic allocations
[    0.223981] reset_zynqmp reset-controller: Xilinx zynqmp reset driver probed
[    0.224455] ARM CCI_400_r1 PMU driver probed
[    0.229138] zynqmp-pinctrl ff180000.pinctrl: zynqmp pinctrl initialized
[    0.237740] HugeTLB registered 2.00 MiB page size, pre-allocated 0 pages
[    0.304276] raid6: int64x1  gen()   403 MB/s
[    0.372229] raid6: int64x1  xor()   446 MB/s
[    0.440330] raid6: int64x2  gen()   689 MB/s
[    0.508288] raid6: int64x2  xor()   602 MB/s
[    0.576349] raid6: int64x4  gen()  1042 MB/s
[    0.644387] raid6: int64x4  xor()   741 MB/s
[    0.712477] raid6: int64x8  gen()   980 MB/s
[    0.780480] raid6: int64x8  xor()   745 MB/s
[    0.848573] raid6: neonx1   gen()   727 MB/s
[    0.916563] raid6: neonx1   xor()   852 MB/s
[    0.984616] raid6: neonx2   gen()  1169 MB/s
[    1.052661] raid6: neonx2   xor()  1206 MB/s
[    1.120733] raid6: neonx4   gen()  1506 MB/s
[    1.188753] raid6: neonx4   xor()  1441 MB/s
[    1.256822] raid6: neonx8   gen()  1652 MB/s
[    1.324854] raid6: neonx8   xor()  1533 MB/s
[    1.324862] raid6: using algorithm neonx8 gen() 1652 MB/s
[    1.324869] raid6: .... xor() 1533 MB/s, rmw enabled
[    1.324877] raid6: using neon recovery algorithm
[    1.325405] XGpio: /amba_pl@0/gpio@a0000000: registered, base is 507
[    1.325726] XGpio: /amba_pl@0/gpio@a0002000: registered, base is 499
[    1.327076] SCSI subsystem initialized
[    1.327245] usbcore: registered new interface driver usbfs
[    1.327284] usbcore: registered new interface driver hub
[    1.327324] usbcore: registered new device driver usb
[    1.327386] media: Linux media interface: v0.10
[    1.327413] Linux video capture interface: v2.00
[    1.327452] pps_core: LinuxPPS API ver. 1 registered
[    1.327460] pps_core: Software ver. 5.3.6 - Copyright 2005-2007 Rodolfo Giometti <giometti@linux.it>
[    1.327481] PTP clock support registered
[    1.327508] EDAC MC: Ver: 3.0.0
[    1.327827] zynqmp-ipi ff9905c0.mailbox: Probed ZynqMP IPI Mailbox driver.
[    1.327975] FPGA manager framework
[    1.328077] fpga-region fpga-full: FPGA Region probed
[    1.328179] Advanced Linux Sound Architecture Driver Initialized.
[    1.328414] Bluetooth: Core ver 2.22
[    1.328444] NET: Registered protocol family 31
[    1.328452] Bluetooth: HCI device and connection manager initialized
[    1.328464] Bluetooth: HCI socket layer initialized
[    1.328474] Bluetooth: L2CAP socket layer initialized
[    1.328493] Bluetooth: SCO socket layer initialized
[    1.329012] clocksource: Switched to clocksource arch_sys_counter
[    1.329084] VFS: Disk quotas dquot_6.6.0
[    1.329131] VFS: Dquot-cache hash table entries: 512 (order 0, 4096 bytes)
[    1.333094] NET: Registered protocol family 2
[    1.333402] TCP established hash table entries: 32768 (order: 6, 262144 bytes)
[    1.333615] TCP bind hash table entries: 32768 (order: 7, 524288 bytes)
[    1.334022] TCP: Hash tables configured (established 32768 bind 32768)
[    1.334099] UDP hash table entries: 2048 (order: 4, 65536 bytes)
[    1.334176] UDP-Lite hash table entries: 2048 (order: 4, 65536 bytes)
[    1.334329] NET: Registered protocol family 1
[    1.334519] RPC: Registered named UNIX socket transport module.
[    1.334528] RPC: Registered udp transport module.
[    1.334536] RPC: Registered tcp transport module.
[    1.334543] RPC: Registered tcp NFSv4.1 backchannel transport module.
[    1.334647] Trying to unpack rootfs image as initramfs...
[    1.665170] Freeing initrd memory: 7744K
[    1.665525] hw perfevents: no interrupt-affinity property for /pmu, guessing.
[    1.665680] hw perfevents: enabled with armv8_pmuv3 PMU driver, 7 counters available
[    1.666408] audit: initializing netlink subsys (disabled)
[    1.666499] audit: type=2000 audit(1.656:1): state=initialized audit_enabled=0 res=1
[    1.666812] workingset: timestamp_bits=62 max_order=20 bucket_order=0
[    1.667495] NFS: Registering the id_resolver key type
[    1.667520] Key type id_resolver registered
[    1.667527] Key type id_legacy registered
[    1.667540] nfs4filelayout_init: NFSv4 File Layout Driver Registering...
[    1.667560] jffs2: version 2.2. (NAND) (SUMMARY)  Â© 2001-2006 Red Hat, Inc.
[    1.694004] Block layer SCSI generic (bsg) driver version 0.4 loaded (major 246)
[    1.694026] io scheduler noop registered
[    1.694034] io scheduler deadline registered
[    1.694055] io scheduler cfq registered (default)
[    1.694064] io scheduler mq-deadline registered
[    1.694072] io scheduler kyber registered
[    1.695403] xilinx-dpdma fd4c0000.dma: Xilinx DPDMA engine is probed
[    1.695845] xilinx-zynqmp-dma fd500000.dma: ZynqMP DMA driver Probe success
[    1.696007] xilinx-zynqmp-dma fd510000.dma: ZynqMP DMA driver Probe success
[    1.696163] xilinx-zynqmp-dma fd520000.dma: ZynqMP DMA driver Probe success
[    1.696320] xilinx-zynqmp-dma fd530000.dma: ZynqMP DMA driver Probe success
[    1.696479] xilinx-zynqmp-dma fd540000.dma: ZynqMP DMA driver Probe success
[    1.696636] xilinx-zynqmp-dma fd550000.dma: ZynqMP DMA driver Probe success
[    1.696795] xilinx-zynqmp-dma fd560000.dma: ZynqMP DMA driver Probe success
[    1.696951] xilinx-zynqmp-dma fd570000.dma: ZynqMP DMA driver Probe success
[    1.697197] xilinx-zynqmp-dma ffa80000.dma: ZynqMP DMA driver Probe success
[    1.697347] xilinx-zynqmp-dma ffa90000.dma: ZynqMP DMA driver Probe success
[    1.697501] xilinx-zynqmp-dma ffaa0000.dma: ZynqMP DMA driver Probe success
[    1.697654] xilinx-zynqmp-dma ffab0000.dma: ZynqMP DMA driver Probe success
[    1.697808] xilinx-zynqmp-dma ffac0000.dma: ZynqMP DMA driver Probe success
[    1.697955] xilinx-zynqmp-dma ffad0000.dma: ZynqMP DMA driver Probe success
[    1.698107] xilinx-zynqmp-dma ffae0000.dma: ZynqMP DMA driver Probe success
[    1.698257] xilinx-zynqmp-dma ffaf0000.dma: ZynqMP DMA driver Probe success
[    1.723272] Serial: 8250/16550 driver, 4 ports, IRQ sharing disabled
[    1.726654] cacheinfo: Unable to detect cache hierarchy for CPU 0
[    1.730725] brd: module loaded
[    1.734078] loop: module loaded
[    1.734627] xilinx-sdfec a0080000.sd_fec: XSDFEC0 Probe Successful
[    1.734905] xilinx-sdfec a00c0000.sd_fec: XSDFEC1 Probe Successful
[    1.735533] ahci-ceva fd0c0000.ahci: couldn't get PHY in node ahci: -517
[    1.735701] mtdoops: mtd device (mtddev=name/number) must be supplied
[    1.736507] m25p80 spi0.0: found mt25ul02g, expected n25q512a
[    1.736704] m25p80 spi0.0: mt25ul02g (524288 Kbytes)
[    1.736727] 4 ofpart partitions found on MTD device spi0.0
[    1.736736] Creating 4 MTD partitions on "spi0.0":
[    1.736748] 0x000000000000-0x000001e00000 : "boot"
[    1.737182] 0x000001e00000-0x000001e40000 : "bootenv"
[    1.737573] 0x000001e40000-0x000004240000 : "kernel"
[    1.737946] 0x000004240000-0x000020000000 : "spare"
[    1.739181] libphy: Fixed MDIO Bus: probed
[    1.740126] tun: Universal TUN/TAP device driver, 1.6
[    1.740266] CAN device driver interface
[    1.741714] macb ff0e0000.ethernet: Not enabling partial store and forward
[    1.742156] libphy: MACB_mii_bus: probed
[    1.745214] macb ff0e0000.ethernet eth0: Cadence GEM rev 0x50070106 at 0xff0e0000 irq 30 (00:0a:35:00:22:01)
[    1.745232] TI DP83867 ff0e0000.ethernet-ffffffff:0c: attached PHY driver [TI DP83867] (mii_bus:phy_addr=ff0e0000.ethernet-ffffffff:0c, irq=POLL)
[    1.745942] usbcore: registered new interface driver asix
[    1.745993] usbcore: registered new interface driver ax88179_178a
[    1.746026] usbcore: registered new interface driver cdc_ether
[    1.746056] usbcore: registered new interface driver net1080
[    1.746085] usbcore: registered new interface driver cdc_subset
[    1.746116] usbcore: registered new interface driver zaurus
[    1.746154] usbcore: registered new interface driver cdc_ncm
[    1.746446] xilinx-axipmon ffa00000.perf-monitor: Probed Xilinx APM
[    1.747576] ehci_hcd: USB 2.0 'Enhanced' Host Controller (EHCI) Driver
[    1.747587] ehci-pci: EHCI PCI platform driver
[    1.747887] usbcore: registered new interface driver uas
[    1.747925] usbcore: registered new interface driver usb-storage
[    1.748427] rtc_zynqmp ffa60000.rtc: rtc core: registered ffa60000.rtc as rtc0
[    1.748488] i2c /dev entries driver
[    1.749525] IR NEC protocol handler initialized
[    1.749534] IR RC5(x/sz) protocol handler initialized
[    1.749542] IR RC6 protocol handler initialized
[    1.749549] IR JVC protocol handler initialized
[    1.749556] IR Sony protocol handler initialized
[    1.749563] IR SANYO protocol handler initialized
[    1.749571] IR Sharp protocol handler initialized
[    1.749578] IR MCE Keyboard/mouse protocol handler initialized
[    1.749586] IR XMP protocol handler initialized
[    1.750380] usbcore: registered new interface driver uvcvideo
[    1.750389] USB Video Class driver (1.1.1)
[    1.750901] cdns-wdt fd4d0000.watchdog: Xilinx Watchdog Timer at ffffff80090fd000 with timeout 10s
[    1.751099] Bluetooth: HCI UART driver ver 2.3
[    1.751110] Bluetooth: HCI UART protocol H4 registered
[    1.751118] Bluetooth: HCI UART protocol BCSP registered
[    1.751143] Bluetooth: HCI UART protocol LL registered
[    1.751152] Bluetooth: HCI UART protocol ATH3K registered
[    1.751160] Bluetooth: HCI UART protocol Three-wire (H5) registered
[    1.751203] Bluetooth: HCI UART protocol Intel registered
[    1.751212] Bluetooth: HCI UART protocol QCA registered
[    1.751250] usbcore: registered new interface driver bcm203x
[    1.751286] usbcore: registered new interface driver bpa10x
[    1.751319] usbcore: registered new interface driver bfusb
[    1.751353] usbcore: registered new interface driver btusb
[    1.751362] Bluetooth: Generic Bluetooth SDIO driver ver 0.1
[    1.751415] usbcore: registered new interface driver ath3k
[    1.751539] EDAC MC: ECC not enabled
[    1.751725] EDAC DEVICE0: Giving out device to module zynqmp-ocm-edac controller zynqmp_ocm: DEV ff960000.memory-controller (INTERRUPT)
[    1.752583] sdhci: Secure Digital Host Controller Interface driver
[    1.752592] sdhci: Copyright(c) Pierre Ossman
[    1.752599] sdhci-pltfm: SDHCI platform and OF driver helper
[    1.797131] mmc0: SDHCI controller on ff170000.sdhci [ff170000.sdhci] using ADMA 64-bit
[    1.797544] ledtrig-cpu: registered to indicate activity on CPUs
[    1.797685] usbcore: registered new interface driver usbhid
[    1.797694] usbhid: USB HID core driver
[    1.799638] fpga_manager fpga0: Xilinx ZynqMP FPGA Manager registered
[    1.801433] pktgen: Packet Generator for packet performance testing. Version: 2.75
[    1.803743] Netfilter messages via NETLINK v0.30.
[    1.803867] ip_tables: (C) 2000-2006 Netfilter Core Team
[    1.804002] Initializing XFRM netlink socket
[    1.804060] NET: Registered protocol family 10
[    1.804520] Segment Routing with IPv6
[    1.804565] ip6_tables: (C) 2000-2006 Netfilter Core Team
[    1.804736] sit: IPv6, IPv4 and MPLS over IPv4 tunneling driver
[    1.805106] NET: Registered protocol family 17
[    1.805123] NET: Registered protocol family 15
[    1.805141] bridge: filtering via arp/ip/ip6tables is no longer available by default. Update your scripts to load br_netfilter if you need this.
[    1.805155] Ebtables v2.0 registered
[    1.805257] can: controller area network core (rev 20170425 abi 9)
[    1.805291] NET: Registered protocol family 29
[    1.805300] can: raw protocol (rev 20170425)
[    1.805308] can: broadcast manager protocol (rev 20170425 t)
[    1.805319] can: netlink gateway (rev 20170425) max_hops=1
[    1.805569] Bluetooth: RFCOMM TTY layer initialized
[    1.805584] Bluetooth: RFCOMM socket layer initialized
[    1.805599] Bluetooth: RFCOMM ver 1.11
[    1.805610] Bluetooth: BNEP (Ethernet Emulation) ver 1.3
[    1.805617] Bluetooth: BNEP filters: protocol multicast
[    1.805628] Bluetooth: BNEP socket layer initialized
[    1.805636] Bluetooth: HIDP (Human Interface Emulation) ver 1.2
[    1.805646] Bluetooth: HIDP socket layer initialized
[    1.805763] 9pnet: Installing 9P2000 support
[    1.805785] Key type dns_resolver registered
[    1.806111] registered taskstats version 1
[    1.806440] Btrfs loaded, crc32c=crc32c-generic
[    1.812790] ff000000.serial: ttyPS0 at MMIO 0xff000000 (irq = 41, base_baud = 6249999) is a xuartps
[    1.962348] mmc0: new high speed SDHC card at address aaaa
[    1.969926] mmcblk0: mmc0:aaaa SS08G 7.40 GiB 
[    1.984742]  mmcblk0: p1
[    3.431798] console [ttyPS0] enabled
[    3.435780] ff010000.serial: ttyPS1 at MMIO 0xff010000 (irq = 42, base_baud = 6249999) is a xuartps
[    3.446439] xilinx-psgtr fd400000.zynqmp_phy: Lane:1 type:8 protocol:4 pll_locked:yes
[    3.454550] PLL: shutdown
[    3.457227] PLL: shutdown
[    3.460128] PLL: enable
[    3.462625] PLL: shutdown
[    3.465983] PLL: enable
[    3.468446] xilinx-dp-snd-codec fd4a0000.zynqmp-display:zynqmp_dp_snd_codec0: Xilinx DisplayPort Sound Codec probed
[    3.479035] xilinx-dp-snd-pcm fd4a0000.zynqmp-display:zynqmp_dp_snd_pcm0: Xilinx DisplayPort Sound PCM probed
[    3.489092] xilinx-dp-snd-pcm fd4a0000.zynqmp-display:zynqmp_dp_snd_pcm1: Xilinx DisplayPort Sound PCM probed
[    3.499213] xilinx-dp-snd-pcm fd4a0000.zynqmp-display:zynqmp_dp_snd_pcm1: ASoC: Failed to create component debugfs directory
[    3.510515] xilinx-dp-snd-card fd4a0000.zynqmp-display:zynqmp_dp_snd_card: xilinx-dp-snd-codec-dai <-> xilinx-dp-snd-codec-dai mapping ok
[    3.522883] xilinx-dp-snd-card fd4a0000.zynqmp-display:zynqmp_dp_snd_card: xilinx-dp-snd-codec-dai <-> xilinx-dp-snd-codec-dai mapping ok
[    3.535611] xilinx-dp-snd-card fd4a0000.zynqmp-display:zynqmp_dp_snd_card: Xilinx DisplayPort Sound Card probed
[    3.545717] OF: graph: no port node found in /amba/zynqmp-display@fd4a0000
[    3.552626] [drm] Supports vblank timestamp caching Rev 2 (21.10.2013).
[    3.559161] [drm] No driver support for vblank timestamp query.
[    3.565129] xlnx-drm xlnx-drm.0: bound fd4a0000.zynqmp-display (ops 0xffffff8008ae4868)
[    3.610622] PLL: enable
[    3.738667] Console: switching to colour frame buffer device 240x67
[    3.763995] zynqmp-display fd4a0000.zynqmp-display: fb0:  frame buffer device
[    3.771305] [drm] Initialized xlnx 1.0.0 20130509 for fd4a0000.zynqmp-display on minor 0
[    3.779412] zynqmp-display fd4a0000.zynqmp-display: ZynqMP DisplayPort Subsystem driver probed
[    3.788464] xilinx-psgtr fd400000.zynqmp_phy: Lane:3 type:3 protocol:2 pll_locked:yes
[    3.796350] ahci-ceva fd0c0000.ahci: AHCI 0001.0301 32 slots 2 ports 6 Gbps 0x3 impl platform mode
[    3.805308] ahci-ceva fd0c0000.ahci: flags: 64bit ncq sntf pm clo only pmp fbs pio slum part ccc sds apst 
[    3.815675] scsi host0: ahci-ceva
[    3.819131] scsi host1: ahci-ceva
[    3.822502] ata1: SATA max UDMA/133 mmio [mem 0xfd0c0000-0xfd0c1fff] port 0x100 irq 39
[    3.830416] ata2: SATA max UDMA/133 mmio [mem 0xfd0c0000-0xfd0c1fff] port 0x180 irq 39
[    3.840125] xilinx-psgtr fd400000.zynqmp_phy: Lane:2 type:0 protocol:3 pll_locked:yes
[    3.850188] xhci-hcd xhci-hcd.0.auto: xHCI Host Controller
[    3.855656] xhci-hcd xhci-hcd.0.auto: new USB bus registered, assigned bus number 1
[    3.863549] xhci-hcd xhci-hcd.0.auto: hcc params 0x0238f625 hci version 0x100 quirks 0x22010010
[    3.872270] xhci-hcd xhci-hcd.0.auto: irq 63, io mem 0xfe200000
[    3.878276] usb usb1: New USB device found, idVendor=1d6b, idProduct=0002
[    3.885050] usb usb1: New USB device strings: Mfr=3, Product=2, SerialNumber=1
[    3.892254] usb usb1: Product: xHCI Host Controller
[    3.897098] usb usb1: Manufacturer: Linux 4.14.0-xilinx-v2018.1 xhci-hcd
[    3.903793] usb usb1: SerialNumber: xhci-hcd.0.auto
[    3.908914] hub 1-0:1.0: USB hub found
[    3.912649] hub 1-0:1.0: 1 port detected
[    3.916707] xhci-hcd xhci-hcd.0.auto: xHCI Host Controller
[    3.922167] xhci-hcd xhci-hcd.0.auto: new USB bus registered, assigned bus number 2
[    3.929864] usb usb2: We don't know the algorithms for LPM for this host, disabling LPM.
[    3.938022] usb usb2: New USB device found, idVendor=1d6b, idProduct=0003
[    3.944801] usb usb2: New USB device strings: Mfr=3, Product=2, SerialNumber=1
[    3.952008] usb usb2: Product: xHCI Host Controller
[    3.956846] usb usb2: Manufacturer: Linux 4.14.0-xilinx-v2018.1 xhci-hcd
[    3.963549] usb usb2: SerialNumber: xhci-hcd.0.auto
[    3.968634] hub 2-0:1.0: USB hub found
[    3.972360] hub 2-0:1.0: 1 port detected
[    3.977407] pca953x 0-0020: 0-0020 supply vcc not found, using dummy regulator
[    3.987615] pca953x 0-0020: interrupt support not compiled in
[    3.994133] ina2xx 3-0040: power monitor ina226 (Rshunt = 2000 uOhm)
[    4.000890] ina2xx 3-0041: power monitor ina226 (Rshunt = 5000 uOhm)
[    4.007645] ina2xx 3-0042: power monitor ina226 (Rshunt = 5000 uOhm)
[    4.014402] ina2xx 3-0043: power monitor ina226 (Rshunt = 5000 uOhm)
[    4.021152] ina2xx 3-0045: power monitor ina226 (Rshunt = 5000 uOhm)
[    4.027916] ina2xx 3-0046: power monitor ina226 (Rshunt = 2000 uOhm)
[    4.034669] ina2xx 3-0047: power monitor ina226 (Rshunt = 5000 uOhm)
[    4.044486] ina2xx 3-0048: power monitor ina226 (Rshunt = 5000 uOhm)
[    4.054282] ina2xx 3-0049: power monitor ina226 (Rshunt = 5000 uOhm)
[    4.064083] ina2xx 3-004a: power monitor ina226 (Rshunt = 5000 uOhm)
[    4.073873] ina2xx 3-004b: power monitor ina226 (Rshunt = 5000 uOhm)
[    4.083658] ina2xx 3-004c: power monitor ina226 (Rshunt = 5000 uOhm)
[    4.093404] ina2xx 3-004d: power monitor ina226 (Rshunt = 5000 uOhm)
[    4.103100] ina2xx 3-004e: power monitor ina226 (Rshunt = 5000 uOhm)
[    4.112335] i2c i2c-0: Added multiplexed i2c bus 3
[    4.120094] i2c i2c-0: Added multiplexed i2c bus 4
[    4.127979] i2c i2c-0: Added multiplexed i2c bus 5
[    4.135612] i2c i2c-0: Added multiplexed i2c bus 6
[    4.143092] pca954x 0-0075: registered 4 multiplexed busses for I2C mux pca9544
[    4.151230] ata1: SATA link down (SStatus 0 SControl 330)
[    4.161218] cdns-i2c ff020000.i2c: 400 kHz mmio ff020000 irq 32
[    4.171517] at24 7-0054: 1024 byte 24c08 EEPROM, writable, 1 bytes/write
[    4.180941] i2c i2c-1: Added multiplexed i2c bus 7
[    4.188574] i2c i2c-1: Added multiplexed i2c bus 8
[    4.197952] si570 9-005d: registered, current frequency 300000000 Hz
[    4.206893] i2c i2c-1: Added multiplexed i2c bus 9
[    4.228160] si570 10-005d: registered, current frequency 148500000 Hz
[    4.237180] i2c i2c-1: Added multiplexed i2c bus 10
[    4.244803] i2c i2c-1: Added multiplexed i2c bus 11
[    4.252362] i2c i2c-1: Added multiplexed i2c bus 12
[    4.259799] i2c i2c-1: Added multiplexed i2c bus 13
[    4.267229] i2c i2c-1: Added multiplexed i2c bus 14
[    4.274495] pca954x 1-0074: registered 8 multiplexed busses for I2C switch pca9548
[    4.284798] i2c i2c-1: Added multiplexed i2c bus 15
[    4.292190] i2c i2c-1: Added multiplexed i2c bus 16
[    4.299556] i2c i2c-1: Added multiplexed i2c bus 17
[    4.307166] i2c i2c-1: Added multiplexed i2c bus 18
[    4.313029] ata2: SATA link up 6.0 Gbps (SStatus 133 SControl 330)
[    4.314285] ata2.00: ATA-9: TS128GMTS400S, Q0926B, max UDMA/133
[    4.314289] ata2.00: 250069680 sectors, multi 16: LBA48 NCQ (depth 31/32)
[    4.330763] ata2.00: configured for UDMA/133
[    4.330952] scsi 1:0:0:0: Direct-Access     ATA      TS128GMTS400S    6B   PQ: 0 ANSI: 5
[    4.331419] sd 1:0:0:0: [sda] 250069680 512-byte logical blocks: (128 GB/119 GiB)
[    4.331447] sd 1:0:0:0: [sda] Write Protect is off
[    4.331493] sd 1:0:0:0: [sda] Write cache: enabled, read cache: enabled, doesn't support DPO or FUA
[    4.339779]  sda: sda1
[    4.340284] sd 1:0:0:0: [sda] Attached SCSI disk
[    4.396109] i2c i2c-1: Added multiplexed i2c bus 19
[    4.403362] i2c i2c-1: Added multiplexed i2c bus 20
[    4.410584] i2c i2c-1: Added multiplexed i2c bus 21
[    4.417764] i2c i2c-1: Added multiplexed i2c bus 22
[    4.424784] pca954x 1-0075: registered 8 multiplexed busses for I2C switch pca9548
[    4.434563] cdns-i2c ff030000.i2c: 400 kHz mmio ff030000 irq 33
[    4.443917] input: gpio-keys as /devices/platform/gpio-keys/input/input0
[    4.453045] rtc_zynqmp ffa60000.rtc: setting system clock to 2018-04-13 07:42:09 UTC (1523605329)
[    4.464283] clk: Not disabling unused clocks
[    4.470819] ALSA device list:
[    4.475998]   #0: DisplayPort monitor
[    4.482280] Freeing unused kernel memory: 512K
INIT: version 2.88 booting
Starting udev
[    4.592027] udevd[1878]: starting version 3.2.2
[    4.603361] udevd[1879]: starting eudev-3.2.2
[    4.861267] usb 2-1: new SuperSpeed USB device number 2 using xhci-hcd
[    4.891242] usb 2-1: New USB device found, idVendor=0781, idProduct=5583
[    4.900244] usb 2-1: New USB device strings: Mfr=1, Product=2, SerialNumber=3
[    4.909644] usb 2-1: Product: Ultra Fit
[    4.915724] usb 2-1: Manufacturer: SanDisk
[    4.922047] usb 2-1: SerialNumber: 4C530001170901113080
[    4.934103] usb-storage 2-1:1.0: USB Mass Storage device detected
[    4.947563] scsi host2: usb-storage 2-1:1.0
[    5.007437] FAT-fs (mmcblk0p1): Volume was not properly unmounted. Some data may be corrupt. Please run fsck.
Starting internet superserver: inetd.
Configuring packages on first boot....
 (This may take several minutes. Please do not power off the machine.)
Running postinst /etc/rpm-postinsts/100-sysvinit-inittab...
update-rc.d: /etc/init.d/run-postinsts exists during rc.d purge (continuing)
 Removing any sINIT: Entering runlevel: 5
Configuring network interfaces... [    5.392367] pps pps0: new PPS source ptp0
[    5.398768] macb ff0e0000.ethernet: gem-ptp-timer ptp clock registered.
[    5.407836] IPv6: ADDRCONF(NETDEV_UP): eth0: link is not ready
udhcpc (v1.24.1) started
Sending discover...
[    5.957847] scsi 2:0:0:0: Direct-Access     SanDisk  Ultra Fit        1.00 PQ: 0 ANSI: 6
[    5.969028] sd 2:0:0:0: [sdb] 60062500 512-byte logical blocks: (30.8 GB/28.6 GiB)
[    5.980465] sd 2:0:0:0: [sdb] Write Protect is off
[    5.988121] sd 2:0:0:0: [sdb] Write cache: disabled, read cache: enabled, doesn't support DPO or FUA
[    6.006198]  sdb: sdb1
[    6.014988] sd 2:0:0:0: [sdb] Attached SCSI removable disk
[    6.147983] FAT-fs (sdb1): Volume was not properly unmounted. Some data may be corrupt. Please run fsck.
[    6.405305] macb ff0e0000.ethernet eth0: link up (1000/Full)
[    6.413795] IPv6: ADDRCONF(NETDEV_CHANGE): eth0: link becomes ready
Sending discover...
Sending discover...
No lease, forking to background
done.
Starting Dropbear SSH server: Generating key, this may take a while...
Public key portion is:
ssh-rsa AAAAB3NzaC1yc2EAAAADAQABAAABAQCXKmC9jzgDBge1E1KaTaig/OOYMbjGaVLrnPo6OHdFpZo4Tr8KZ0ZdHylSHkTfoV1L+fnkiOOpT/+ZUvDkYuADCXS/byJ17zhDVFoN3j6o6k6JgmzPKDLprpZQGMR8Zx9kSukgWRpF0hhRN83myyAaRcsqUvmRgnEwXTVNbYovcdDkZALh2TKVkctl1Mc5f/5a3d3EwOa8k9uyM4MDq1DHjN2UaAQjDUoeoFqzR/mo9XFlpoEdmxsum+WGb+2f0PqQ8d6EqUGeL9rzp6CShhAe8MuYfNSKV/K/UhmH+9XdDLmqHI0TmkcZ9VvC3/7gBNjgtk1g1/2TJkTXt8B32ylP root@xilinx-zcu111-2018_1
Fingerprint: md5 b3:6b:3d:df:56:ca:91:88:e0:b2:44:4b:44:ad:0c:ca
dropbear.
Starting syslogd/klogd: done
Starting tcf-agent: OK

PetaLinux 2018.1 xilinx-zcu111-2018_1 /dev/ttyPS0

xilinx-zcu111-2018_1 login: 
Entering step: 7


Info: This step started at: 2018-06-14 13:29:43
Writing: 'root\n'
root
Password: 
Entering step: 8


Info: This step started at: 2018-06-14 13:29:45
Writing: 'root\n'

7[r[999;999H[6n
Entering step: 9


Info: This step started at: 2018-06-14 13:29:47
Writing: '\n'
8root@xilinx-zcu111-2018_1:~# 
Entering step: 10


Info: This step started at: 2018-06-14 13:29:52

User has responded "Yes": "Do you see the Console displaying on the DP Monitor? 
The test passed if you see the pattern on the output monitor."

step finished 

Entering step: 11


Info: This step started at: 2018-06-14 13:29:58
Writing: 'ifconfig eth0 192.168.1.10\n'
ifconfig eth0 192.168.1.10
root@xilinx-zcu111-2018_1:~# 
Entering step: 12


Info: This step started at: 2018-06-14 13:30:03
Writing: '\n'

root@xilinx-zcu111-2018_1:~# 
Entering step: 13


Info: This step started at: 2018-06-14 13:30:08
Writing: 'df\n'
df
Filesystem           1K-blocks      Used Available Use% Mounted on
devtmpfs               1888488         4   1888484   0% /dev
tmpfs                  2023688       132   2023556   0% /run
tmpfs                  2023688        92   2023596   0% /var/volatile
[   45.209349] random: crng init done
/dev/sda1            124964832        16 124964816   0% /run/media/sda1
/dev/mmcblk0p1         7753728    165344   7588384   2% /run/media/mmcblk0p1
/dev/sdb1             30016560   1796464  28220096   6% /run/media/sdb1
root@xilinx-zcu111-2018_1:~# 
Entering step: 14


Info: This step started at: 2018-06-14 13:30:18
Writing: 'dmesg | grep -i SuperSpeed\n'
dmesg | grep -i SuperSpeed
[    4.861267] usb 2-1: new SuperSpeed USB device number 2 using xhci-hcd
root@xilinx-zcu111-2018_1:~# 
Entering step: 15


Info: This step started at: 2018-06-14 13:30:20
Writing: 'dmesg | grep -i SATA\n'
dmesg | grep -i SATA
[    3.822502] ata1: SATA max UDMA/133 mmio [mem 0xfd0c0000-0xfd0c1fff] port 0x100 irq 39
[    3.830416] ata2: SATA max UDMA/133 mmio [mem 0xfd0c0000-0xfd0c1fff] port 0x180 irq 39
[    4.151230] ata1: SATA link down (SStatus 0 SControl 330)
[    4.313029] ata2: SATA link up 6.0 Gbps (SStatus 133 SControl 330)
root@xilinx-zcu111-2018_1:~# 
Entering step: 16


Info: This step started at: 2018-06-14 13:30:22
Writing: 'cd /run/media/mmcblk0p1\n'
cd /run/media/mmcblk0p1
root@xilinx-zcu111-2018_1:/run/media/mmcblk0p1# 
Entering step: 17


Info: This step started at: 2018-06-14 13:30:24
Writing: './disktest2.sh\n'
./disktest2.sh
SATA Disk Read/Write Test Start
rm: can't remove '/mnt/smartctl': No such file or directory
cp: can't stat '/run/media/sda1/smartctl': No such file or directory
diff: can't stat '/run/media/sda1/smartctl': No such file or directory
File Mismatch Error
rm: can't remove '/mnt/smartctl': No such file or directory
cp: can't stat '/run/media/sda1/smartctl': No such file or directory
diff: can't stat '/run/media/sda1/smartctl': No such file or directory
File Mismatch Error
rm: can't remove '/mnt/smartctl': No such file or directory
cp: can't stat '/run/media/sda1/smartctl': No such file or directory
diff: can't stat '/run/media/sda1/smartctl': No such file or directory
File Mismatch Error
rm: can't remove '/mnt/smartctl': No such file or directory
cp: can't stat '/run/media/sda1/smartctl': No such file or directory
diff: can't stat '/run/media/sda1/smartctl': No such file or directory
File Mismatch Error
rm: can't remove '/mnt/smartctl': No such file or directory
cp: can't stat '/run/media/sda1/smartctl': No such file or directory
diff: can't stat '/run/media/sda1/smartctl': No such file or directory
File Mismatch Error
rm: can't remove '/mnt/smartctl': No such file or directory
cp: can't stat '/run/media/sda1/smartctl': No such file or directory
diff: can't stat '/run/media/sda1/smartctl': No such file or directory
File Mismatch Error
rm: can't remove '/mnt/smartctl': No such file or directory
cp: can't stat '/run/media/sda1/smartctl': No such file or directory
diff: can't stat '/run/media/sda1/smartctl': No such file or directory
File Mismatch Error
rm: can't remove '/mnt/smartctl': No such file or directory
cp: can't stat '/run/media/sda1/smartctl': No such file or directory
diff: can't stat '/run/media/sda1/smartctl': No such file or directory
File Mismatch Error
rm: can't remove '/mnt/smartctl': No such file or directory
cp: can't stat '/run/media/sda1/smartctl': No such file or directory
diff: can't stat '/run/media/sda1/smartctl': No such file or directory
File Mismatch Error
rm: can't remove '/mnt/smartctl': No such file or directory
cp: can't stat '/run/media/sda1/smartctl': No such file or directory
diff: can't stat '/run/media/sda1/smartctl': No such file or directory
File Mismatch Error
rm: can't remove '/mnt/smartctl': No such file or directory
cp: can't stat '/run/media/sda1/smartctl': No such file or directory
diff: can't stat '/run/media/sda1/smartctl': No such file or directory
File Mismatch Error
rm: can't remove '/mnt/smartctl': No such file or directory
cp: can't stat '/run/media/sda1/smartctl': No such file or directory
diff: can't stat '/run/media/sda1/smartctl': No such file or directory
File Mismatch Error
rm: can't remove '/mnt/smartctl': No such file or directory
cp: can't stat '/run/media/sda1/smartctl': No such file or directory
diff: can't stat '/run/media/sda1/smartctl': No such file or directory
File Mismatch Error
rm: can't remove '/mnt/smartctl': No such file or directory
cp: can't stat '/run/media/sda1/smartctl': No such file or directory
diff: can't stat '/run/media/sda1/smartctl': No such file or directory
File Mismatch Error
rm: can't remove '/mnt/smartctl': No such file or directory
cp: can't stat '/run/media/sda1/smartctl': No such file or directory
diff: can't stat '/run/media/sda1/smartctl': No such file or directory
File Mismatch Error
rm: can't remove '/mnt/smartctl': No such file or directory
cp: can't stat '/run/media/sda1/smartctl': No such file or directory
diff: can't stat '/run/media/sda1/smartctl': No such file or directory
File Mismatch Error
rm: can't remove '/mnt/smartctl': No such file or directory
cp: can't stat '/run/media/sda1/smartctl': No such file or directory
diff: can't stat '/run/media/sda1/smartctl': No such file or directory
File Mismatch Error
rm: can't remove '/mnt/smartctl': No such file or directory
cp: can't stat '/run/media/sda1/smartctl': No such file or directory
diff: can't stat '/run/media/sda1/smartctl': No such file or directory
File Mismatch Error
rm: can't remove '/mnt/smartctl': No such file or directory
cp: can't stat '/run/media/sda1/smartctl': No such file or directory
diff: can't stat '/run/media/sda1/smartctl': No such file or directory
File Mismatch Error
rm: can't remove '/mnt/smartctl': No such file or directory
cp: can't stat '/run/media/sda1/smartctl': No such file or directory
diff: can't stat '/run/media/sda1/smartctl': No such file or directory
File Mismatch Error
rm: can't remove '/mnt/smartctl': No such file or directory
cp: can't stat '/run/media/sda1/smartctl': No such file or directory
diff: can't stat '/run/media/sda1/smartctl': No such file or directory
File Mismatch Error
rm: can't remove '/mnt/smartctl': No such file or directory
cp: can't stat '/run/media/sda1/smartctl': No such file or directory
diff: can't stat '/run/media/sda1/smartctl': No such file or directory
File Mismatch Error
rm: can't remove '/mnt/smartctl': No such file or directory
cp: can't stat '/run/media/sda1/smartctl': No such file or directory
diff: can't stat '/run/media/sda1/smartctl': No such file or directory
File Mismatch Error
rm: can't remove '/mnt/smartctl': No such file or directory
cp: can't stat '/run/media/sda1/smartctl': No such file or directory
diff: can't stat '/run/media/sda1/smartctl': No such file or directory
File Mismatch Error
rm: can't remove '/mnt/smartctl': No such file or directory
cp: can't stat '/run/media/sda1/smartctl': No such file or directory
diff: can't stat '/run/media/sda1/smartctl': No such file or directory
File Mismatch Error
rm: can't remove '/mnt/smartctl': No such file or directory
cp: can't stat '/run/media/sda1/smartctl': No such file or directory
diff: can't stat '/run/media/sda1/smartctl': No such file or directory
File Mismatch Error
rm: can't remove '/mnt/smartctl': No such file or directory
cp: can't stat '/run/media/sda1/smartctl': No such file or directory
diff: can't stat '/run/media/sda1/smartctl': No such file or directory
File Mismatch Error
rm: can't remove '/mnt/smartctl': No such file or directory
cp: can't stat '/run/media/sda1/smartctl': No such file or directory
diff: can't stat '/run/media/sda1/smartctl': No such file or directory
File Mismatch Error
rm: can't remove '/mnt/smartctl': No such file or directory
cp: can't stat '/run/media/sda1/smartctl': No such file or directory
diff: can't stat '/run/media/sda1/smartctl': No such file or directory
File Mismatch Error
rm: can't remove '/mnt/smartctl': No such file or directory
cp: can't stat '/run/media/sda1/smartctl': No such file or directory
diff: can't stat '/run/media/sda1/smartctl': No such file or directory
File Mismatch Error
rm: can't remove '/mnt/smartctl': No such file or directory
cp: can't stat '/run/media/sda1/smartctl': No such file or directory
diff: can't stat '/run/media/sda1/smartctl': No such file or directory
File Mismatch Error
rm: can't remove '/mnt/smartctl': No such file or directory
