Board: ZCU111
Serial Number: 0000-0000
Mac Address: 01:02:03:04:05:06


Info: Ethernet, SD, USB, SATA Test test started...

Info: The test will take 0 hours, 03 minutes, and 58 seconds. 0:03:58

Entering step: 0


Info: This step started at: 2018-02-26 15:46:05

Entering step: 1


Info: This step started at: 2018-02-26 15:46:05

User has confirmed: "Insert SD card with contents of SATA_SD folder.
Connect USB3 thumbdrive and SATA drive. Cycle ZCU102 Board Power and then click OK"

step finished 

Entering step: 2


Info: This step started at: 2018-02-26 15:46:11

C:\zcu111_bit\tests\ZCU111>cd bat\ 

C:\zcu111_bit\tests\ZCU111\bat>ezoutlet.exe reset 192.168.0.12 
step finished 

Entering step: 3


Info: This step started at: 2018-02-26 15:46:22
Xilinx Zynq MP First Stage Boot Loader 
Release 2018.1   Feb 13 2018  -  19:23:52
PMU Firmware 2018.1	Nov  8 2017   12:23:17
NOTICE:  ATF running on XCZUUNKN/silicon v4/RTL5.1 at 0xfffea000, with PMU firmware
NOTICE:  BL31: Secure code at 0x0
NOTICE:  BL31: Non secure code at 0x8000000
NOTICE:  BL31: v1.3(release):70dfdb8
NOTICE:  BL31: Built : 15:23:49, Apr  4 2017


U-Boot 2017.01 (Apr 04 2017 - 21:00:34 +0530) Xilinx ZynqMP ZCU102

I2C:   ready
DRAM:  2 GiB
EL Level:	EL2
Chip ID:	xczuunknown
MMC:   sdhci@ff170000: 0 (SD)
SF: Detected mt25qu02g with page size 512 Bytes, erase size 128 KiB, total 512 MiB
*** Warning - bad CRC, using default environment

In:    serial
Out:   serial
Err:   serial
Bootmode: LVL_SHFT_SD_MODE1
Net:   ZYNQ GEM: ff0e0000, phyaddr c, interface rgmii-id
eth0: ethernet@ff0e0000
U-BOOT for xilinx-zcu102-2017_1

ethernet@ff0e0000 Waiting for PHY auto negotiation to complete............... done
BOOTP broadcast 1
BOOTP broadcast 2
BOOTP broadcast 3
BOOTP broadcast 4
BOOTP broadcast 5
BOOTP broadcast 6
BOOTP broadcast 7

****** Vivado v2017.4 (64-bit)
  **** SW Build 2086221 on Fri Dec 15 20:55:39 MST 2017
  **** IP Build 2085800 on Fri Dec 15 22:25:07 MST 2017
    ** Copyright 1986-2017 Xilinx, Inc. All Rights Reserved.

source {tcl\five_second_delay.tcl}
# after 5000
BOOTP broadcast 8
BOOTP broadcast 9
INFO: [Common 17-206] Exiting Vivado at Mon Feb 26 15:46:46 2018...
step finished 

Entering step: 4


Info: This step started at: 2018-02-26 15:46:46
BOOTP broadcast 10
BOOTP broadcast 11
BOOTP broadcast 12
BOOTP broadcast 13
BOOTP broadcast 14
BOOTP broadcast 15
BOOTP broadcast 16
BOOTP broadcast 17

Retry time exceeded
Hit any key to stop autoboot:  4  3  2  1  0 
Device: sdhci@ff170000
Manufacturer ID: 3
OEM: 5344
Name: SS08G 
Tran Speed: 50000000
Rd Block Len: 512
SD version 3.0
High Capacity: Yes
Capacity: 7.4 GiB
Bus Width: 4-bit
Erase Group Size: 512 Bytes
reading image.ub
33714468 bytes read in 2211 ms (14.5 MiB/s)
## Loading kernel from FIT Image at 10000000 ...
   Using 'conf@1' configuration
   Trying 'kernel@0' kernel subimage
     Description:  Linux Kernel
     Type:         Kernel Image
     Compression:  uncompressed
     Data Start:   0x100000d8
     Data Size:    33677824 Bytes = 32.1 MiB
     Architecture: AArch64
     OS:           Linux
     Load Address: 0x00080000
     Entry Point:  0x00080000
     Hash algo:    sha1
     Hash value:   0e1b82468969f68b394e50300a473684c60a0f3b
   Verifying Hash Integrity ... sha1+ OK
## Loading fdt from FIT Image at 10000000 ...
   Using 'conf@1' configuration
   Trying 'fdt@0' fdt subimage
     Description:  Flattened Device Tree blob
     Type:         Flat Device Tree
     Compression:  uncompressed
     Data Start:   0x1201e3d0
     Data Size:    35337 Bytes = 34.5 KiB
     Architecture: AArch64
     Hash algo:    sha1
     Hash value:   b9878704d59ae99a61f33439be5236247437046c
   Verifying Hash Integrity ... sha1+ OK
   Booting using the fdt blob at 0x1201e3d0
   Loading Kernel Image ... OK
   Loading Device Tree to 0000000007ff4000, end 0000000007fffa08 ... OK

Starting kernel ...

[    0.000000] Booting Linux on physical CPU 0x0
[    0.000000] Linux version 4.14.0-xilinx-v2018.1 (oe-user@oe-host) (gcc version 7.2.0 (GCC)) #2 SMP Mon Feb 12 16:58:18 MST 2018
[    0.000000] Boot CPU: AArch64 Processor [410fd034]
[    0.000000] Machine model: ZynqMP ZCU111 RevA
[    0.000000] earlycon: cdns0 at MMIO 0x00000000ff000000 (options '115200n8')
[    0.000000] bootconsole [cdns0] enabled
[    0.000000] efi: Getting EFI parameters from FDT:
[    0.000000] efi: UEFI not found.
[    0.000000] cma: Reserved 256 MiB at 0x0000000070000000
[    0.000000] psci: probing for conduit method from DT.
[    0.000000] psci: PSCIv1.0 detected in firmware.
[    0.000000] psci: Using standard PSCI v0.2 function IDs
[    0.000000] psci: MIGRATE_INFO_TYPE not supported.
[    0.000000] percpu: Embedded 21 pages/cpu @ffffffc06ff6c000 s46488 r8192 d31336 u86016
[    0.000000] Detected VIPT I-cache on CPU0
[    0.000000] CPU features: enabling workaround for ARM erratum 845719
[    0.000000] Built 1 zonelists, mobility grouping on.  Total pages: 517120
[    0.000000] Kernel command line: earlycon clk_ignore_unused
[    0.000000] PID hash table entries: 4096 (order: 3, 32768 bytes)
[    0.000000] Dentry cache hash table entries: 262144 (order: 9, 2097152 bytes)
[    0.000000] Inode-cache hash table entries: 131072 (order: 8, 1048576 bytes)
[    0.000000] Memory: 1769328K/2097152K available (9788K kernel code, 632K rwdata, 2944K rodata, 19456K init, 370K bss, 65680K reserved, 262144K cma-reserved)
[    0.000000] Virtual kernel memory layout:
[    0.000000]     modules : 0xffffff8000000000 - 0xffffff8008000000   (   128 MB)
[    0.000000]     vmalloc : 0xffffff8008000000 - 0xffffffbebfff0000   (   250 GB)
[    0.000000]       .text : 0xffffff8008080000 - 0xffffff8008a10000   (  9792 KB)
[    0.000000]     .rodata : 0xffffff8008a10000 - 0xffffff8008d00000   (  3008 KB)
[    0.000000]       .init : 0xffffff8008d00000 - 0xffffff800a000000   ( 19456 KB)
[    0.000000]       .data : 0xffffff800a000000 - 0xffffff800a09e200   (   633 KB)
[    0.000000]        .bss : 0xffffff800a09e200 - 0xffffff800a0faa30   (   371 KB)
[    0.000000]     fixed   : 0xffffffbefe7fd000 - 0xffffffbefec00000   (  4108 KB)
[    0.000000]     PCI I/O : 0xffffffbefee00000 - 0xffffffbeffe00000   (    16 MB)
[    0.000000]     vmemmap : 0xffffffbf00000000 - 0xffffffc000000000   (     4 GB maximum)
[    0.000000]               0xffffffbf00000000 - 0xffffffbf01c00000   (    28 MB actual)
[    0.000000]     memory  : 0xffffffc000000000 - 0xffffffc080000000   (  2048 MB)
[    0.000000] Hierarchical RCU implementation.
[    0.000000] 	RCU event tracing is enabled.
[    0.000000] 	RCU restricting CPUs from NR_CPUS=8 to nr_cpu_ids=4.
[    0.000000] RCU: Adjusting geometry for rcu_fanout_leaf=16, nr_cpu_ids=4
[    0.000000] NR_IRQS: 64, nr_irqs: 64, preallocated irqs: 0
[    0.000000] GIC: Adjusting CPU interface base to 0x00000000f902f000
[    0.000000] GIC: Using split EOI/Deactivate mode
[    0.000000] arch_timer: cp15 timer(s) running at 99.99MHz (phys).
[    0.000000] clocksource: arch_sys_counter: mask: 0xffffffffffffff max_cycles: 0x171015c90f, max_idle_ns: 440795203080 ns
[    0.000003] sched_clock: 56 bits at 99MHz, resolution 10ns, wraps every 4398046511101ns
[    0.008289] Console: colour dummy device 80x25
[    0.012541] console [tty0] enabled
[    0.015907] bootconsole [cdns0] disabled
[    0.000000] Booting Linux on physical CPU 0x0
[    0.000000] Linux version 4.14.0-xilinx-v2018.1 (oe-user@oe-host) (gcc version 7.2.0 (GCC)) #2 SMP Mon Feb 12 16:58:18 MST 2018
[    0.000000] Boot CPU: AArch64 Processor [410fd034]
[    0.000000] Machine model: ZynqMP ZCU111 RevA
[    0.000000] earlycon: cdns0 at MMIO 0x00000000ff000000 (options '115200n8')
[    0.000000] bootconsole [cdns0] enabled
[    0.000000] efi: Getting EFI parameters from FDT:
[    0.000000] efi: UEFI not found.
[    0.000000] cma: Reserved 256 MiB at 0x0000000070000000
[    0.000000] psci: probing for conduit method from DT.
[    0.000000] psci: PSCIv1.0 detected in firmware.
[    0.000000] psci: Using standard PSCI v0.2 function IDs
[    0.000000] psci: MIGRATE_INFO_TYPE not supported.
[    0.000000] percpu: Embedded 21 pages/cpu @ffffffc06ff6c000 s46488 r8192 d31336 u86016
[    0.000000] Detected VIPT I-cache on CPU0
[    0.000000] CPU features: enabling workaround for ARM erratum 845719
[    0.000000] Built 1 zonelists, mobility grouping on.  Total pages: 517120
[    0.000000] Kernel command line: earlycon clk_ignore_unused
[    0.000000] PID hash table entries: 4096 (order: 3, 32768 bytes)
[    0.000000] Dentry cache hash table entries: 262144 (order: 9, 2097152 bytes)
[    0.000000] Inode-cache hash table entries: 131072 (order: 8, 1048576 bytes)
[    0.000000] Memory: 1769328K/2097152K available (9788K kernel code, 632K rwdata, 2944K rodata, 19456K init, 370K bss, 65680K reserved, 262144K cma-reserved)
[    0.000000] Virtual kernel memory layout:
[    0.000000]     modules : 0xffffff8000000000 - 0xffffff8008000000   (   128 MB)
[    0.000000]     vmalloc : 0xffffff8008000000 - 0xffffffbebfff0000   (   250 GB)
[    0.000000]       .text : 0xffffff8008080000 - 0xffffff8008a10000   (  9792 KB)
[    0.000000]     .rodata : 0xffffff8008a10000 - 0xffffff8008d00000   (  3008 KB)
[    0.000000]       .init : 0xffffff8008d00000 - 0xffffff800a000000   ( 19456 KB)
[    0.000000]       .data : 0xffffff800a000000 - 0xffffff800a09e200   (   633 KB)
[    0.000000]        .bss : 0xffffff800a09e200 - 0xffffff800a0faa30   (   371 KB)
[    0.000000]     fixed   : 0xffffffbefe7fd000 - 0xffffffbefec00000   (  4108 KB)
[    0.000000]     PCI I/O : 0xffffffbefee00000 - 0xffffffbeffe00000   (    16 MB)
[    0.000000]     vmemmap : 0xffffffbf00000000 - 0xffffffc000000000   (     4 GB maximum)
[    0.000000]               0xffffffbf00000000 - 0xffffffbf01c00000   (    28 MB actual)
[    0.000000]     memory  : 0xffffffc000000000 - 0xffffffc080000000   (  2048 MB)
[    0.000000] Hierarchical RCU implementation.
[    0.000000] 	RCU event tracing is enabled.
[    0.000000] 	RCU restricting CPUs from NR_CPUS=8 to nr_cpu_ids=4.
[    0.000000] RCU: Adjusting geometry for rcu_fanout_leaf=16, nr_cpu_ids=4
[    0.000000] NR_IRQS: 64, nr_irqs: 64, preallocated irqs: 0
[    0.000000] GIC: Adjusting CPU interface base to 0x00000000f902f000
[    0.000000] GIC: Using split EOI/Deactivate mode
[    0.000000] arch_timer: cp15 timer(s) running at 99.99MHz (phys).
[    0.000000] clocksource: arch_sys_counter: mask: 0xffffffffffffff max_cycles: 0x171015c90f, max_idle_ns: 440795203080 ns
[    0.000003] sched_clock: 56 bits at 99MHz, resolution 10ns, wraps every 4398046511101ns
[    0.008289] Console: colour dummy device 80x25
[    0.012541] console [tty0] enabled
[    0.015907] bootconsole [cdns0] disabled
[    0.019816] Calibrating delay loop (skipped), value calculated using timer frequency.. 199.99 BogoMIPS (lpj=399996)
[    0.019829] pid_max: default: 32768 minimum: 301
[    0.019933] Mount-cache hash table entries: 4096 (order: 3, 32768 bytes)
[    0.019946] Mountpoint-cache hash table entries: 4096 (order: 3, 32768 bytes)
[    0.020544] ASID allocator initialised with 65536 entries
[    0.020596] Hierarchical SRCU implementation.
[    0.020869] zynqmp_plat_init Power management API v0.3
[    0.020943] EFI services will not be available.
[    0.021009] zynqmp_plat_init: pm node not found
[    0.021109] smp: Bringing up secondary CPUs ...
[    0.190190] Detected VIPT I-cache on CPU1
[    0.190218] CPU1: Booted secondary processor [410fd034]
[    0.342559] Detected VIPT I-cache on CPU2
[    0.342577] CPU2: Booted secondary processor [410fd034]
[    0.459424] Detected VIPT I-cache on CPU3
[    0.459442] CPU3: Booted secondary processor [410fd034]
[    0.459484] smp: Brought up 1 node, 4 CPUs
[    0.459516] SMP: Total of 4 processors activated.
[    0.459524] CPU features: detected feature: 32-bit EL0 Support
[    0.459535] CPU: All CPU(s) started at EL2
[    0.459551] alternatives: patching kernel code
[    0.460244] devtmpfs: initialized
[    0.464307] random: get_random_u32 called from bucket_table_alloc+0x108/0x260 with crng_init=0
[    0.464463] clocksource: jiffies: mask: 0xffffffff max_cycles: 0xffffffff, max_idle_ns: 7645041785100000 ns
[    0.464482] futex hash table entries: 1024 (order: 5, 131072 bytes)
[    0.469382] xor: measuring software checksum speed
[    0.508165]    8regs     :  2303.000 MB/sec
[    0.548193]    8regs_prefetch:  2053.000 MB/sec
[    0.588223]    32regs    :  2830.000 MB/sec
[    0.628252]    32regs_prefetch:  2381.000 MB/sec
[    0.628260] xor: using function: 32regs (2830.000 MB/sec)
[    0.628334] pinctrl core: initialized pinctrl subsystem
[    0.628530] random: fast init done
[    0.628859] NET: Registered protocol family 16
[    0.629523] cpuidle: using governor menu
[    0.629961] vdso: 2 pages (1 code @ ffffff8008a16000, 1 data @ ffffff800a004000)
[    0.629978] hw-breakpoint: found 6 breakpoint and 4 watchpoint registers.
[    0.630522] DMA: preallocated 256 KiB pool for atomic allocations
[    0.640662] reset_zynqmp reset-controller: Xilinx zynqmp reset driver probed
[    0.641371] ARM CCI_400_r1 PMU driver probed
[    0.643480] pinctrl-zynqmp ff180000.pinctrl: zynqmp pinctrl initialized
[    0.650705] HugeTLB registered 2.00 MiB page size, pre-allocated 0 pages
[    0.716418] raid6: int64x1  gen()   400 MB/s
[    0.784409] raid6: int64x1  xor()   446 MB/s
[    0.852489] raid6: int64x2  gen()   686 MB/s
[    0.920525] raid6: int64x2  xor()   603 MB/s
[    0.988607] raid6: int64x4  gen()  1042 MB/s
[    1.056632] raid6: int64x4  xor()   738 MB/s
[    1.124713] raid6: int64x8  gen()   980 MB/s
[    1.192730] raid6: int64x8  xor()   745 MB/s
[    1.260844] raid6: neonx1   gen()   726 MB/s
[    1.328853] raid6: neonx1   xor()   853 MB/s
[    1.396907] raid6: neonx2   gen()  1168 MB/s
[    1.464959] raid6: neonx2   xor()  1208 MB/s
[    1.533014] raid6: neonx4   gen()  1507 MB/s
[    1.601056] raid6: neonx4   xor()  1442 MB/s
[    1.669101] raid6: neonx8   gen()  1652 MB/s
[    1.737158] raid6: neonx8   xor()  1533 MB/s
[    1.737166] raid6: using algorithm neonx8 gen() 1652 MB/s
[    1.737173] raid6: .... xor() 1533 MB/s, rmw enabled
[    1.737181] raid6: using neon recovery algorithm
[    1.738558] SCSI subsystem initialized
[    1.738721] usbcore: registered new interface driver usbfs
[    1.738763] usbcore: registered new interface driver hub
[    1.738800] usbcore: registered new device driver usb
[    1.738862] media: Linux media interface: v0.10
[    1.738888] Linux video capture interface: v2.00
[    1.738925] pps_core: LinuxPPS API ver. 1 registered
[    1.738933] pps_core: Software ver. 5.3.6 - Copyright 2005-2007 Rodolfo Giometti <giometti@linux.it>
[    1.738952] PTP clock support registered
[    1.738977] EDAC MC: Ver: 3.0.0
[    1.739224] FPGA manager framework
[    1.739340] fpga-region fpga-full: FPGA Region probed
[    1.739435] Advanced Linux Sound Architecture Driver Initialized.
[    1.739697] Bluetooth: Core ver 2.22
[    1.739726] NET: Registered protocol family 31
[    1.739734] Bluetooth: HCI device and connection manager initialized
[    1.739747] Bluetooth: HCI socket layer initialized
[    1.739756] Bluetooth: L2CAP socket layer initialized
[    1.739774] Bluetooth: SCO socket layer initialized
[    1.740236] clocksource: Switched to clocksource arch_sys_counter
[    1.740311] VFS: Disk quotas dquot_6.6.0
[    1.740356] VFS: Dquot-cache hash table entries: 512 (order 0, 4096 bytes)
[    1.744361] NET: Registered protocol family 2
[    1.744695] TCP established hash table entries: 16384 (order: 5, 131072 bytes)
[    1.744811] TCP bind hash table entries: 16384 (order: 6, 262144 bytes)
[    1.745023] TCP: Hash tables configured (established 16384 bind 16384)
[    1.745094] UDP hash table entries: 1024 (order: 3, 32768 bytes)
[    1.745138] UDP-Lite hash table entries: 1024 (order: 3, 32768 bytes)
[    1.745258] NET: Registered protocol family 1
[    1.745427] RPC: Registered named UNIX socket transport module.
[    1.745436] RPC: Registered udp transport module.
[    1.745443] RPC: Registered tcp transport module.
[    1.745450] RPC: Registered tcp NFSv4.1 backchannel transport module.
[    1.816653] hw perfevents: no interrupt-affinity property for /pmu, guessing.
[    1.816813] hw perfevents: enabled with armv8_pmuv3 PMU driver, 7 counters available
[    1.817449] audit: initializing netlink subsys (disabled)
[    1.817533] audit: type=2000 audit(1.804:1): state=initialized audit_enabled=0 res=1
[    1.817843] workingset: timestamp_bits=62 max_order=19 bucket_order=0
[    1.818522] NFS: Registering the id_resolver key type
[    1.818543] Key type id_resolver registered
[    1.818550] Key type id_legacy registered
[    1.818563] nfs4filelayout_init: NFSv4 File Layout Driver Registering...
[    1.818582] jffs2: version 2.2. (NAND) (SUMMARY)  Â© 2001-2006 Red Hat, Inc.
[    1.845059] Block layer SCSI generic (bsg) driver version 0.4 loaded (major 246)
[    1.845080] io scheduler noop registered
[    1.845088] io scheduler deadline registered
[    1.845108] io scheduler cfq registered (default)
[    1.845117] io scheduler mq-deadline registered
[    1.845124] io scheduler kyber registered
[    1.846195] xilinx-dpdma fd4c0000.dma: Xilinx DPDMA engine is probed
[    1.846589] xilinx-zynqmp-dma fd500000.dma: ZynqMP DMA driver Probe success
[    1.846744] xilinx-zynqmp-dma fd510000.dma: ZynqMP DMA driver Probe success
[    1.846897] xilinx-zynqmp-dma fd520000.dma: ZynqMP DMA driver Probe success
[    1.847052] xilinx-zynqmp-dma fd530000.dma: ZynqMP DMA driver Probe success
[    1.847209] xilinx-zynqmp-dma fd540000.dma: ZynqMP DMA driver Probe success
[    1.847365] xilinx-zynqmp-dma fd550000.dma: ZynqMP DMA driver Probe success
[    1.847521] xilinx-zynqmp-dma fd560000.dma: ZynqMP DMA driver Probe success
[    1.847676] xilinx-zynqmp-dma fd570000.dma: ZynqMP DMA driver Probe success
[    1.847841] zynqmp_pm firmware: Power management API v0.3
[    1.872574] Serial: 8250/16550 driver, 4 ports, IRQ sharing disabled
[    1.873880] [drm] load() is defered & will be called again
[    1.874191] xilinx-drm-dp-sub fd4aa000.dp_sub: Xilinx DisplayPort Subsystem is probed
[    1.874355] cacheinfo: Unable to detect cache hierarchy for CPU 0
[    1.878267] brd: module loaded
[    1.881613] loop: module loaded
[    1.882259] ahci-ceva fd0c0000.ahci: couldn't get PHY in node ahci: -517
[    1.882393] mtdoops: mtd device (mtddev=name/number) must be supplied
[    1.883152] m25p80 spi0.0: found mt25ul02g, expected m25p80
[    1.883395] m25p80 spi0.0: mt25ul02g (524288 Kbytes)
[    1.883420] 4 ofpart partitions found on MTD device spi0.0
[    1.883428] Creating 4 MTD partitions on "spi0.0":
[    1.883441] 0x000000000000-0x000000100000 : "qspi-fsbl-uboot"
[    1.883854] 0x000000100000-0x000000600000 : "qspi-linux"
[    1.884252] 0x000000600000-0x000000620000 : "qspi-device-tree"
[    1.884631] 0x000000620000-0x000000c00000 : "qspi-rootfs"
[    1.885821] libphy: Fixed MDIO Bus: probed
[    1.886759] tun: Universal TUN/TAP device driver, 1.6
[    1.886903] CAN device driver interface
[    1.888422] macb ff0e0000.ethernet: Not enabling partial store and forward
[    1.888855] libphy: MACB_mii_bus: probed
[    1.891901] macb ff0e0000.ethernet eth0: Cadence GEM rev 0x50070106 at 0xff0e0000 irq 22 (00:0a:35:00:22:01)
[    1.891917] TI DP83867 ff0e0000.ethernet-ffffffff:0c: attached PHY driver [TI DP83867] (mii_bus:phy_addr=ff0e0000.ethernet-ffffffff:0c, irq=POLL)
[    1.892431] usbcore: registered new interface driver asix
[    1.892485] usbcore: registered new interface driver ax88179_178a
[    1.892514] usbcore: registered new interface driver cdc_ether
[    1.892543] usbcore: registered new interface driver net1080
[    1.892571] usbcore: registered new interface driver cdc_subset
[    1.892600] usbcore: registered new interface driver zaurus
[    1.892638] usbcore: registered new interface driver cdc_ncm
[    1.893960] ehci_hcd: USB 2.0 'Enhanced' Host Controller (EHCI) Driver
[    1.893971] ehci-pci: EHCI PCI platform driver
[    1.894180] usbcore: registered new interface driver uas
[    1.894218] usbcore: registered new interface driver usb-storage
[    1.894705] rtc_zynqmp ffa60000.rtc: rtc core: registered ffa60000.rtc as rtc0
[    1.894755] i2c /dev entries driver
[    1.895775] IR NEC protocol handler initialized
[    1.895784] IR RC5(x/sz) protocol handler initialized
[    1.895791] IR RC6 protocol handler initialized
[    1.895798] IR JVC protocol handler initialized
[    1.895805] IR Sony protocol handler initialized
[    1.895812] IR SANYO protocol handler initialized
[    1.895818] IR Sharp protocol handler initialized
[    1.895825] IR MCE Keyboard/mouse protocol handler initialized
[    1.895833] IR XMP protocol handler initialized
[    1.896433] usbcore: registered new interface driver uvcvideo
[    1.896442] USB Video Class driver (1.1.1)
[    1.896774] Bluetooth: HCI UART driver ver 2.3
[    1.896785] Bluetooth: HCI UART protocol H4 registered
[    1.896792] Bluetooth: HCI UART protocol BCSP registered
[    1.896800] Bluetooth: HCI UART protocol ATH3K registered
[    1.896808] Bluetooth: HCI UART protocol Three-wire (H5) registered
[    1.896848] Bluetooth: HCI UART protocol Intel registered
[    1.896857] Bluetooth: HCI UART protocol QCA registered
[    1.896894] usbcore: registered new interface driver bcm203x
[    1.896926] usbcore: registered new interface driver bpa10x
[    1.896960] usbcore: registered new interface driver bfusb
[    1.896993] usbcore: registered new interface driver btusb
[    1.897001] Bluetooth: Generic Bluetooth SDIO driver ver 0.1
[    1.897048] usbcore: registered new interface driver ath3k
[    1.897165] EDAC MC: ECC not enabled
[    1.897300] EDAC DEVICE0: Giving out device to module zynqmp-ocm-edac controller zynqmp_ocm: DEV ff960000.memory-controller (INTERRUPT)
[    1.897925] sdhci: Secure Digital Host Controller Interface driver
[    1.897935] sdhci: Copyright(c) Pierre Ossman
[    1.897943] sdhci-pltfm: SDHCI platform and OF driver helper
[    1.899278] ledtrig-cpu: registered to indicate activity on CPUs
[    1.899405] usbcore: registered new interface driver usbhid
[    1.899414] usbhid: USB HID core driver
[    1.899874] fpga_manager fpga0: Xilinx ZynqMP FPGA Manager registered
[    1.900350] xilinx-dp-snd-pcm dp_snd_pcm0: Xilinx DisplayPort Sound PCM probed
[    1.900409] xilinx-dp-snd-pcm dp_snd_pcm1: Xilinx DisplayPort Sound PCM probed
[    1.900596] PLL: shutdown
[    1.901483] Write failed to divider address:fd1a007c
[    1.901635] PLL: enable
[    1.901808] xilinx-dp-snd-codec dp_snd_codec0: Xilinx DisplayPort Sound Codec probed
[    1.902391] xilinx-dp-snd-card dp_snd_card: xilinx-dp-snd-codec-dai <-> xilinx-dp-snd-codec-dai mapping ok
[    1.902509] xilinx-dp-snd-card dp_snd_card: xilinx-dp-snd-codec-dai <-> xilinx-dp-snd-codec-dai mapping ok
[    1.902874] xilinx-dp-snd-card dp_snd_card: Xilinx DisplayPort Sound Card probed
[    1.902978] pktgen: Packet Generator for packet performance testing. Version: 2.75
[    1.903191] Netfilter messages via NETLINK v0.30.
[    1.903304] ip_tables: (C) 2000-2006 Netfilter Core Team
[    1.903433] Initializing XFRM netlink socket
[    1.903495] NET: Registered protocol family 10
[    1.903904] Segment Routing with IPv6
[    1.903948] ip6_tables: (C) 2000-2006 Netfilter Core Team
[    1.904069] sit: IPv6, IPv4 and MPLS over IPv4 tunneling driver
[    1.904403] NET: Registered protocol family 17
[    1.904420] NET: Registered protocol family 15
[    1.904440] bridge: filtering via arp/ip/ip6tables is no longer available by default. Update your scripts to load br_netfilter if you need this.
[    1.904454] Ebtables v2.0 registered
[    1.904588] can: controller area network core (rev 20170425 abi 9)
[    1.904623] NET: Registered protocol family 29
[    1.904632] can: raw protocol (rev 20170425)
[    1.904640] can: broadcast manager protocol (rev 20170425 t)
[    1.904650] can: netlink gateway (rev 20170425) max_hops=1
[    1.904703] Bluetooth: RFCOMM TTY layer initialized
[    1.904715] Bluetooth: RFCOMM socket layer initialized
[    1.904730] Bluetooth: RFCOMM ver 1.11
[    1.904744] Bluetooth: BNEP (Ethernet Emulation) ver 1.3
[    1.904752] Bluetooth: BNEP filters: protocol multicast
[    1.904761] Bluetooth: BNEP socket layer initialized
[    1.904769] Bluetooth: HIDP (Human Interface Emulation) ver 1.2
[    1.904780] Bluetooth: HIDP socket layer initialized
[    1.904896] 9pnet: Installing 9P2000 support
[    1.904915] Key type dns_resolver registered
[    1.905236] registered taskstats version 1
[    1.905536] Btrfs loaded, crc32c=crc32c-generic
[    1.910816] ff000000.serial: ttyPS0 at MMIO 0xff000000 (irq = 32, base_baud = 6249999) is a xuartps
[    3.450631] console [ttyPS0] enabled
[    3.455854] PLL: shutdown
[    3.458490] [drm] load() is defered & will be called again
[    3.464367] xilinx-psgtr fd400000.zynqmp_phy: Lane:1 type:8 protocol:4 pll_locked:yes
[    3.472370] xilinx-drm-dp fd4a0000.dp: device found, version 4.010
[    3.478475] xilinx-drm-dp fd4a0000.dp: Display Port, version 1.0200 (tx)
[    3.485449] xilinx-psgtr fd400000.zynqmp_phy: Lane:3 type:3 protocol:2 pll_locked:yes
[    3.493257] ahci-ceva fd0c0000.ahci: AHCI 0001.0301 32 slots 2 ports 6 Gbps 0x3 impl platform mode
[    3.502149] ahci-ceva fd0c0000.ahci: flags: 64bit ncq sntf pm clo only pmp fbs pio slum part ccc sds apst 
[    3.512470] scsi host0: ahci-ceva
[    3.515893] scsi host1: ahci-ceva
[    3.519233] ata1: SATA max UDMA/133 mmio [mem 0xfd0c0000-0xfd0c1fff] port 0x100 irq 30
[    3.527075] ata2: SATA max UDMA/133 mmio [mem 0xfd0c0000-0xfd0c1fff] port 0x180 irq 30
[    3.536646] xilinx-psgtr fd400000.zynqmp_phy: Lane:2 type:0 protocol:3 pll_locked:yes
[    3.568368] xhci-hcd xhci-hcd.0.auto: xHCI Host Controller
[    3.573781] xhci-hcd xhci-hcd.0.auto: new USB bus registered, assigned bus number 1
[    3.581613] xhci-hcd xhci-hcd.0.auto: hcc params 0x0238f625 hci version 0x100 quirks 0x22010010
[    3.590253] xhci-hcd xhci-hcd.0.auto: irq 35, io mem 0xfe200000
[    3.596248] usb usb1: New USB device found, idVendor=1d6b, idProduct=0002
[    3.602955] usb usb1: New USB device strings: Mfr=3, Product=2, SerialNumber=1
[    3.610158] usb usb1: Product: xHCI Host Controller
[    3.615019] usb usb1: Manufacturer: Linux 4.14.0-xilinx-v2018.1 xhci-hcd
[    3.621701] usb usb1: SerialNumber: xhci-hcd.0.auto
[    3.626841] hub 1-0:1.0: USB hub found
[    3.630535] hub 1-0:1.0: 1 port detected
[    3.634589] xhci-hcd xhci-hcd.0.auto: xHCI Host Controller
[    3.640005] xhci-hcd xhci-hcd.0.auto: new USB bus registered, assigned bus number 2
[    3.647687] usb usb2: We don't know the algorithms for LPM for this host, disabling LPM.
[    3.655787] usb usb2: New USB device found, idVendor=1d6b, idProduct=0003
[    3.662500] usb usb2: New USB device strings: Mfr=3, Product=2, SerialNumber=1
[    3.669702] usb usb2: Product: xHCI Host Controller
[    3.674561] usb usb2: Manufacturer: Linux 4.14.0-xilinx-v2018.1 xhci-hcd
[    3.681245] usb usb2: SerialNumber: xhci-hcd.0.auto
[    3.686335] hub 2-0:1.0: USB hub found
[    3.690023] hub 2-0:1.0: 1 port detected
[    3.694925] pca953x 0-0020: 0-0020 supply vcc not found, using dummy regulator
[    3.705040] pca953x 0-0020: interrupt support not compiled in
[    3.711499] ina2xx 3-0040: power monitor ina226 (Rshunt = 2000 uOhm)
[    3.718193] ina2xx 3-0041: power monitor ina226 (Rshunt = 5000 uOhm)
[    3.724876] ina2xx 3-0042: power monitor ina226 (Rshunt = 5000 uOhm)
[    3.731568] ina2xx 3-0043: power monitor ina226 (Rshunt = 5000 uOhm)
[    3.738261] ina2xx 3-0045: power monitor ina226 (Rshunt = 5000 uOhm)
[    3.744949] ina2xx 3-0046: power monitor ina226 (Rshunt = 2000 uOhm)
[    3.751646] ina2xx 3-0047: power monitor ina226 (Rshunt = 5000 uOhm)
[    3.758340] ina2xx 3-0048: power monitor ina226 (Rshunt = 5000 uOhm)
[    3.765030] ina2xx 3-0049: power monitor ina226 (Rshunt = 5000 uOhm)
[    3.771723] ina2xx 3-004a: power monitor ina226 (Rshunt = 5000 uOhm)
[    3.778419] ina2xx 3-004b: power monitor ina226 (Rshunt = 5000 uOhm)
[    3.785113] ina2xx 3-004c: power monitor ina226 (Rshunt = 5000 uOhm)
[    3.791807] ina2xx 3-004d: power monitor ina226 (Rshunt = 5000 uOhm)
[    3.798501] ina2xx 3-004e: power monitor ina226 (Rshunt = 5000 uOhm)
[    3.804802] i2c i2c-0: Added multiplexed i2c bus 3
[    3.809684] i2c i2c-0: Added multiplexed i2c bus 4
[    3.814698] i2c i2c-0: Added multiplexed i2c bus 5
[    3.819525] i2c i2c-0: Added multiplexed i2c bus 6
[    3.824241] pca954x 0-0075: registered 4 multiplexed busses for I2C mux pca9544
[    3.831547] cdns-i2c ff020000.i2c: 400 kHz mmio ff020000 irq 24
[    3.839000] at24 7-0054: 1024 byte 24c08 EEPROM, writable, 1 bytes/write
[    3.845649] i2c i2c-1: Added multiplexed i2c bus 7
[    3.846427] ata1: SATA link down (SStatus 0 SControl 330)
[    3.855952] i2c i2c-1: Added multiplexed i2c bus 8
[    3.862667] si570 9-005d: registered, current frequency 300000000 Hz
[    3.868964] i2c i2c-1: Added multiplexed i2c bus 9
[    3.887609] si570 10-005d: registered, current frequency 148500000 Hz
[    3.893998] i2c i2c-1: Added multiplexed i2c bus 10
[    3.899013] i2c i2c-1: Added multiplexed i2c bus 11
[    3.903997] i2c i2c-1: Added multiplexed i2c bus 12
[    3.908915] i2c i2c-1: Added multiplexed i2c bus 13
[    3.913830] i2c i2c-1: Added multiplexed i2c bus 14
[    3.918631] pca954x 1-0074: registered 8 multiplexed busses for I2C switch pca9548
[    3.926489] i2c i2c-1: Added multiplexed i2c bus 15
[    3.931410] i2c i2c-1: Added multiplexed i2c bus 16
[    3.936332] i2c i2c-1: Added multiplexed i2c bus 17
[    3.941553] i2c i2c-1: Added multiplexed i2c bus 18
[    3.946477] i2c i2c-1: Added multiplexed i2c bus 19
[    3.951396] i2c i2c-1: Added multiplexed i2c bus 20
[    3.956326] i2c i2c-1: Added multiplexed i2c bus 21
[    3.961251] i2c i2c-1: Added multiplexed i2c bus 22
[    3.966050] pca954x 1-0075: registered 8 multiplexed busses for I2C switch pca9548
[    3.973622] cdns-i2c ff030000.i2c: 400 kHz mmio ff030000 irq 25
[    4.008247] ata2: SATA link up 6.0 Gbps (SStatus 133 SControl 330)
[    4.015230] ata2.00: ATA-9: TS128GMTS400, O0918B, max UDMA/133
[    4.020989] ata2.00: 250069680 sectors, multi 1: LBA48 NCQ (depth 31/32)
[    4.024242] mmc0: SDHCI controller on ff170000.sdhci [ff170000.sdhci] using ADMA 64-bit
[    4.024836] PLL: enable
[    4.025020] PLL: shutdown
[    4.025099] OF: graph: no port node found in /xilinx_drm
[    4.025103] [drm] Supports vblank timestamp caching Rev 2 (21.10.2013).
[    4.025104] [drm] No driver support for vblank timestamp query.
[    4.058684] ata2.00: configured for UDMA/133
[    4.063104] scsi 1:0:0:0: Direct-Access     ATA      TS128GMTS400     8B   PQ: 0 ANSI: 5
[    4.063711] sd 1:0:0:0: [sda] 250069680 512-byte logical blocks: (128 GB/119 GiB)
[    4.063738] sd 1:0:0:0: [sda] Write Protect is off
[    4.063786] sd 1:0:0:0: [sda] Write cache: enabled, read cache: enabled, doesn't support DPO or FUA
[    4.064506]  sda: sda1
[    4.064827] PLL: enable
[    4.065026] sd 1:0:0:0: [sda] Attached SCSI disk
[    4.109916] Console: switching to colour frame buffer device 240x67
[    4.167162] xilinx-drm xilinx_drm: fb0:  frame buffer device
[    4.172935] mmc0: new high speed SDHC card at address aaaa
[    4.178702] mmcblk0: mmc0:aaaa SS08G 7.40 GiB (ro)
[    4.183641] [drm] Initialized xilinx_drm 1.0.0 20130509 for xilinx_drm on minor 0
[    4.192110] input: gpio-keys as /devices/platform/gpio-keys/input/input0
[    4.198853]  mmcblk0: p1
[    4.201442] rtc_zynqmp ffa60000.rtc: setting system clock to 2018-02-22 01:19:52 UTC (1519262392)
[    4.209941] PLL: shutdown
[    4.212990] clk: Not disabling unused clocks
[    4.217255] ALSA device list:
[    4.220159]   #0: DisplayPort monitor
[    4.223827] Warning: unable to open an initial console.
[    4.233580] Freeing unused kernel memory: 19456K
[    4.402207] PLL: enable
[    4.441777] PLL: shutdown
[    4.908170] udevd[1788]: starting version 3.2.2
[    4.917205] udevd[1789]: starting eudev-3.2.2
[    5.013090] PLL: enable
[    5.263867] FAT-fs (sda1): Volume was not properly unmounted. Some data may be corrupt. Please run fsck.
[    5.677756] pps pps0: new PPS source ptp0
[    5.681755] macb ff0e0000.ethernet: gem-ptp-timer ptp clock registered.
[    5.688414] IPv6: ADDRCONF(NETDEV_UP): eth0: link is not ready
[    6.700539] macb ff0e0000.ethernet eth0: link up (1000/Full)
[    6.706191] IPv6: ADDRCONF(NETDEV_CHANGE): eth0: link becomes ready

PetaLinux 2018.1 xilinx-zc1751-dc1-2018_1 /dev/ttyPS0

xilinx-zc1751-dc1-2018_1 login: [   26.765144] PLL: shutdown
[   26.957381] PLL: enable
[   27.004419] PLL: shutdown
[   27.580506] PLL: enable

Entering step: 5


Info: This step started at: 2018-02-26 15:47:47

Error: Stopped because step 0 failed in test 16

step finished 
the expression:(.*)reboot:\s+Power\s+down

Error: Could not find regular expression in step 0 of test 16 - "(.*)USB\s+Read/Write Test\s+\-\s+PASSED"

Error: Could not find regular expression in step 0 of test 16 - "(.*)SATA\s+Disk\s+Read/Write\s+Test\s+\-\s+PASSED"

Error: Could not find regular expression in step 0 of test 16 - "(.*)/run/media/mmcblk0p1"

Error: Could not find regular expression in step 0 of test 16 - "(.*)/run/media/sda1"

Error: Could not find regular expression in step 0 of test 16 - "(.*)/run/media/sdb1"

Error: Could not find regular expression in step 0 of test 16 - "(.*)Disk\s+Read/Write\s+Test\s+Start"

Error: Could not find regular expression in step 0 of test 16 - "(.*)reboot:\s+Power\s+down"

Info: Result for step 0: Fail
Info: Result for step 1: Pass
Info: Result for step 2: Pass
Info: Result for step 3: Pass
Info: Result for step 4: Fail
Info: The test took 0 hours, 01 minutes, and 38 seconds. 0:01:38
