Board: ZCU111
Serial Number: 0000-0000
Mac Address: 01:02:03:04:05:06


Info: Ethernet, SD, USB, SATA Test test started...

Info: The test will take 0 hours, 02 minutes, and 36 seconds. 0:02:36

Entering step: 0


Info: This step started at: 2018-06-14 13:34:55

Entering step: 1


Info: This step started at: 2018-06-14 13:34:55

User has confirmed: "Set mode switch SW6 to "0111" (Up,Down,Down,Down).
Connect a DP monitor.
Insert SD card with contents of SATA_SD folder.
Connect USB3 thumbdrive and SATA drive. "

step finished 

Entering step: 2


Info: This step started at: 2018-06-14 13:34:56

C:\zcu111_bit\tests\ZCU111>cd bat\ 

C:\zcu111_bit\tests\ZCU111\bat>ezoutlet.exe reset 192.168.0.12 
step finished 

Entering step: 3


Info: This step started at: 2018-06-14 13:35:00
Xilinx Zynq MP First Stage Boot Loader 
Release 2018.1   Apr 12 2018  -  08:36:28
NOTICE:  ATF running on XCZU28DR/silicon v4/RTL5.1 at 0xfffea000
NOTICE:  BL31: Secure code at 0x0
NOTICE:  BL31: Non secure code at 0x8000000
NOTICE:  BL31: v1.4(release):xilinx-v2017.4-1351-gdf4a7e97
NOTICE:  BL31: Built : 14:29:32, Apr 12 2018
PMUFW:	v1.0


U-Boot 2018.01 (Apr 12 2018 - 08:34:07 -0600) Xilinx ZynqMP ZCU111

I2C:   ready
DRAM:  4 GiB
EL Level:	EL2
Chip ID:	zu28dr
MMC:   sdhci@ff170000: 0 (SD)
SF: Detected mt25qu02g with page size 512 Bytes, erase size 128 KiB, total 512 MiB
*** Warning - bad CRC, using default environment

In:    serial@ff000000
Out:   serial@ff000000
Err:   serial@ff000000
Model: ZynqMP ZCU111 RevA
Board: Xilinx ZynqMP
Bootmode: LVL_SHFT_SD_MODE1
Net:   ZYNQ GEM: ff0e0000, phyaddr c, interface rgmii-id
eth0: ethernet@ff0e0000
U-BOOT for xilinx-zcu111-2018_1

ethernet@ff0e0000 Waiting for PHY auto negotiation to complete....... done
BOOTP broadcast 1
BOOTP broadcast 2
BOOTP broadcast 3
BOOTP broadcast 4
BOOTP broadcast 5

****** Vivado v2018.1 (64-bit)
  **** SW Build 2188600 on Wed Apr  4 18:40:38 MDT 2018
  **** IP Build 2185939 on Wed Apr  4 20:55:05 MDT 2018
    ** Copyright 1986-2018 Xilinx, Inc. All Rights Reserved.

source {tcl\five_second_delay.tcl}
# after 5000
BOOTP broadcast 6
BOOTP broadcast 7
INFO: [Common 17-206] Exiting Vivado at Thu Jun 14 13:35:18 2018...
step finished 

Entering step: 4


Info: This step started at: 2018-06-14 13:35:18
BOOTP broadcast 8
Writing: '\n'
BOOTP broadcast 9
BOOTP broadcast 10

Entering step: 5


Info: This step started at: 2018-06-14 13:35:23
Writing: '\n'
BOOTP broadcast 11
BOOTP broadcast 12

Entering step: 6


Info: This step started at: 2018-06-14 13:35:28
BOOTP broadcast 13
BOOTP broadcast 14
BOOTP broadcast 15
BOOTP broadcast 16
BOOTP broadcast 17

Retry time exceeded
Hit any key to stop autoboot:  4  3  2  1  0 
Device: sdhci@ff170000
Manufacturer ID: 3
OEM: 5344
Name: SS08G 
Tran Speed: 50000000
Rd Block Len: 512
SD version 3.0
High Capacity: Yes
Capacity: 7.4 GiB
Bus Width: 4-bit
Erase Group Size: 512 Bytes
reading image.ub
14886576 bytes read in 976 ms (14.5 MiB/s)
## Loading kernel from FIT Image at 10000000 ...
   Using 'conf@system-top.dtb' configuration
   Trying 'kernel@1' kernel subimage
     Description:  Linux kernel
     Type:         Kernel Image
     Compression:  gzip compressed
     Data Start:   0x10000108
     Data Size:    6911810 Bytes = 6.6 MiB
     Architecture: AArch64
     OS:           Linux
     Load Address: 0x00080000
     Entry Point:  0x00080000
     Hash algo:    sha1
     Hash value:   5537e07d6b1a72210e1a106d2c25b8fc61610dfb
   Verifying Hash Integrity ... sha1+ OK
## Loading ramdisk from FIT Image at 10000000 ...
   Using 'conf@system-top.dtb' configuration
   Trying 'ramdisk@1' ramdisk subimage
     Description:  petalinux-user-image
     Type:         RAMDisk Image
     Compression:  gzip compressed
     Data Start:   0x106a2014
     Data Size:    7930123 Bytes = 7.6 MiB
     Architecture: AArch64
     OS:           Linux
     Load Address: unavailable
     Entry Point:  unavailable
     Hash algo:    sha1
     Hash value:   6b63df6dfd9f3b5885a6e7d16fc5b62ebd32e2b3
   Verifying Hash Integrity ... sha1+ OK
## Loading fdt from FIT Image at 10000000 ...
   Using 'conf@system-top.dtb' configuration
   Trying 'fdt@system-top.dtb' fdt subimage
     Description:  Flattened Device Tree blob
     Type:         Flat Device Tree
     Compression:  uncompressed
     Data Start:   0x10697950
     Data Size:    42495 Bytes = 41.5 KiB
     Architecture: AArch64
     Hash algo:    sha1
     Hash value:   7c9a59c0feb83ffb1bb31acf172edab23ff5df74
   Verifying Hash Integrity ... sha1+ OK
   Booting using the fdt blob at 0x10697950
   Uncompressing Kernel Image ... OK
   Loading Ramdisk to 0786f000, end 07fff10b ... OK
   Loading Device Tree to 0000000007861000, end 000000000786e5fe ... OK

Starting kernel ...

[    0.000000] Booting Linux on physical CPU 0x0
[    0.000000] Linux version 4.14.0-xilinx-v2018.1 (oe-user@oe-host) (gcc version 7.2.0 (GCC)) #1 SMP Thu Apr 12 08:32:17 MDT 2018
[    0.000000] Boot CPU: AArch64 Processor [410fd034]
[    0.000000] Machine model: ZynqMP ZCU111 RevA
[    0.000000] earlycon: cdns0 at MMIO 0x00000000ff000000 (options '115200n8')
[    0.000000] bootconsole [cdns0] enabled
[    0.000000] efi: Getting EFI parameters from FDT:
[    0.000000] efi: UEFI not found.
[    0.000000] cma: Reserved 256 MiB at 0x000000006fc00000
[    0.000000] psci: probing for conduit method from DT.
[    0.000000] psci: PSCIv1.1 detected in firmware.
[    0.000000] psci: Using standard PSCI v0.2 function IDs
[    0.000000] psci: MIGRATE_INFO_TYPE not supported.
[    0.000000] percpu: Embedded 21 pages/cpu @ffffffc87ff65000 s46488 r8192 d31336 u86016
[    0.000000] Detected VIPT I-cache on CPU0
[    0.000000] CPU features: enabling workaround for ARM erratum 845719
[    0.000000] Built 1 zonelists, mobility grouping on.  Total pages: 1033987
[    0.000000] Kernel command line: earlycon clk_ignore_unused
[    0.000000] PID hash table entries: 4096 (order: 3, 32768 bytes)
[    0.000000] Dentry cache hash table entries: 524288 (order: 10, 4194304 bytes)
[    0.000000] Inode-cache hash table entries: 262144 (order: 9, 2097152 bytes)
[    0.000000] software IO TLB [mem 0x6bc00000-0x6fc00000] (64MB) mapped at [ffffffc06bc00000-ffffffc06fbfffff]
[    0.000000] Memory: 3776980K/4193280K available (9916K kernel code, 640K rwdata, 2996K rodata, 512K init, 2168K bss, 154156K reserved, 262144K cma-reserved)
[    0.000000] Virtual kernel memory layout:
[    0.000000]     modules : 0xffffff8000000000 - 0xffffff8008000000   (   128 MB)
[    0.000000]     vmalloc : 0xffffff8008000000 - 0xffffffbebfff0000   (   250 GB)
[    0.000000]       .text : 0xffffff8008080000 - 0xffffff8008a30000   (  9920 KB)
[    0.000000]     .rodata : 0xffffff8008a30000 - 0xffffff8008d20000   (  3008 KB)
[    0.000000]       .init : 0xffffff8008d20000 - 0xffffff8008da0000   (   512 KB)
[    0.000000]       .data : 0xffffff8008da0000 - 0xffffff8008e40200   (   641 KB)
[    0.000000]        .bss : 0xffffff8008e40200 - 0xffffff800905e2b0   (  2169 KB)
[    0.000000]     fixed   : 0xffffffbefe7fd000 - 0xffffffbefec00000   (  4108 KB)
[    0.000000]     PCI I/O : 0xffffffbefee00000 - 0xffffffbeffe00000   (    16 MB)
[    0.000000]     vmemmap : 0xffffffbf00000000 - 0xffffffc000000000   (     4 GB maximum)
[    0.000000]               0xffffffbf00000000 - 0xffffffbf1dc00000   (   476 MB actual)
[    0.000000]     memory  : 0xffffffc000000000 - 0xffffffc880000000   ( 34816 MB)
[    0.000000] Hierarchical RCU implementation.
[    0.000000] 	RCU event tracing is enabled.
[    0.000000] 	RCU restricting CPUs from NR_CPUS=8 to nr_cpu_ids=4.
[    0.000000] RCU: Adjusting geometry for rcu_fanout_leaf=16, nr_cpu_ids=4
[    0.000000] NR_IRQS: 64, nr_irqs: 64, preallocated irqs: 0
[    0.000000] GIC: Adjusting CPU interface base to 0x00000000f902f000
[    0.000000] GIC: Using split EOI/Deactivate mode
[    0.000000] irq-xilinx: /amba_pl@0/interrupt-controller@a0001000: num_irq=3, edge=0x3
[    0.000000] arch_timer: cp15 timer(s) running at 99.99MHz (phys).
[    0.000000] clocksource: arch_sys_counter: mask: 0xffffffffffffff max_cycles: 0x171015c90f, max_idle_ns: 440795203080 ns
[    0.000003] sched_clock: 56 bits at 99MHz, resolution 10ns, wraps every 4398046511101ns
[    0.008322] Console: colour dummy device 80x25
[    0.012576] console [tty0] enabled
[    0.015942] bootconsole [cdns0] disabled
[    0.000000] Booting Linux on physical CPU 0x0
[    0.000000] Linux version 4.14.0-xilinx-v2018.1 (oe-user@oe-host) (gcc version 7.2.0 (GCC)) #1 SMP Thu Apr 12 08:32:17 MDT 2018
[    0.000000] Boot CPU: AArch64 Processor [410fd034]
[    0.000000] Machine model: ZynqMP ZCU111 RevA
[    0.000000] earlycon: cdns0 at MMIO 0x00000000ff000000 (options '115200n8')
[    0.000000] bootconsole [cdns0] enabled
[    0.000000] efi: Getting EFI parameters from FDT:
[    0.000000] efi: UEFI not found.
[    0.000000] cma: Reserved 256 MiB at 0x000000006fc00000
[    0.000000] psci: probing for conduit method from DT.
[    0.000000] psci: PSCIv1.1 detected in firmware.
[    0.000000] psci: Using standard PSCI v0.2 function IDs
[    0.000000] psci: MIGRATE_INFO_TYPE not supported.
[    0.000000] percpu: Embedded 21 pages/cpu @ffffffc87ff65000 s46488 r8192 d31336 u86016
[    0.000000] Detected VIPT I-cache on CPU0
[    0.000000] CPU features: enabling workaround for ARM erratum 845719
[    0.000000] Built 1 zonelists, mobility grouping on.  Total pages: 1033987
[    0.000000] Kernel command line: earlycon clk_ignore_unused
[    0.000000] PID hash table entries: 4096 (order: 3, 32768 bytes)
[    0.000000] Dentry cache hash table entries: 524288 (order: 10, 4194304 bytes)
[    0.000000] Inode-cache hash table entries: 262144 (order: 9, 2097152 bytes)
[    0.000000] software IO TLB [mem 0x6bc00000-0x6fc00000] (64MB) mapped at [ffffffc06bc00000-ffffffc06fbfffff]
[    0.000000] Memory: 3776980K/4193280K available (9916K kernel code, 640K rwdata, 2996K rodata, 512K init, 2168K bss, 154156K reserved, 262144K cma-reserved)
[    0.000000] Virtual kernel memory layout:
[    0.000000]     modules : 0xffffff8000000000 - 0xffffff8008000000   (   128 MB)
[    0.000000]     vmalloc : 0xffffff8008000000 - 0xffffffbebfff0000   (   250 GB)
[    0.000000]       .text : 0xffffff8008080000 - 0xffffff8008a30000   (  9920 KB)
[    0.000000]     .rodata : 0xffffff8008a30000 - 0xffffff8008d20000   (  3008 KB)
[    0.000000]       .init : 0xffffff8008d20000 - 0xffffff8008da0000   (   512 KB)
[    0.000000]       .data : 0xffffff8008da0000 - 0xffffff8008e40200   (   641 KB)
[    0.000000]        .bss : 0xffffff8008e40200 - 0xffffff800905e2b0   (  2169 KB)
[    0.000000]     fixed   : 0xffffffbefe7fd000 - 0xffffffbefec00000   (  4108 KB)
[    0.000000]     PCI I/O : 0xffffffbefee00000 - 0xffffffbeffe00000   (    16 MB)
[    0.000000]     vmemmap : 0xffffffbf00000000 - 0xffffffc000000000   (     4 GB maximum)
[    0.000000]               0xffffffbf00000000 - 0xffffffbf1dc00000   (   476 MB actual)
[    0.000000]     memory  : 0xffffffc000000000 - 0xffffffc880000000   ( 34816 MB)
[    0.000000] Hierarchical RCU implementation.
[    0.000000] 	RCU event tracing is enabled.
[    0.000000] 	RCU restricting CPUs from NR_CPUS=8 to nr_cpu_ids=4.
[    0.000000] RCU: Adjusting geometry for rcu_fanout_leaf=16, nr_cpu_ids=4
[    0.000000] NR_IRQS: 64, nr_irqs: 64, preallocated irqs: 0
[    0.000000] GIC: Adjusting CPU interface base to 0x00000000f902f000
[    0.000000] GIC: Using split EOI/Deactivate mode
[    0.000000] irq-xilinx: /amba_pl@0/interrupt-controller@a0001000: num_irq=3, edge=0x3
[    0.000000] arch_timer: cp15 timer(s) running at 99.99MHz (phys).
[    0.000000] clocksource: arch_sys_counter: mask: 0xffffffffffffff max_cycles: 0x171015c90f, max_idle_ns: 440795203080 ns
[    0.000003] sched_clock: 56 bits at 99MHz, resolution 10ns, wraps every 4398046511101ns
[    0.008322] Console: colour dummy device 80x25
[    0.012576] console [tty0] enabled
[    0.015942] bootconsole [cdns0] disabled
[    0.019853] Calibrating delay loop (skipped), value calculated using timer frequency.. 199.99 BogoMIPS (lpj=399996)
[    0.019866] pid_max: default: 32768 minimum: 301
[    0.019971] Mount-cache hash table entries: 8192 (order: 4, 65536 bytes)
[    0.019989] Mountpoint-cache hash table entries: 8192 (order: 4, 65536 bytes)
[    0.020582] ASID allocator initialised with 65536 entries
[    0.020636] Hierarchical SRCU implementation.
[    0.020974] EFI services will not be available.
[    0.020999] zynqmp_plat_init Platform Management API v1.0
[    0.021007] zynqmp_plat_init Trustzone version v1.0
[    0.021110] smp: Bringing up secondary CPUs ...
[    0.021361] Detected VIPT I-cache on CPU1
[    0.021391] CPU1: Booted secondary processor [410fd034]
[    0.021665] Detected VIPT I-cache on CPU2
[    0.021683] CPU2: Booted secondary processor [410fd034]
[    0.021945] Detected VIPT I-cache on CPU3
[    0.021963] CPU3: Booted secondary processor [410fd034]
[    0.022005] smp: Brought up 1 node, 4 CPUs
[    0.022037] SMP: Total of 4 processors activated.
[    0.022045] CPU features: detected feature: 32-bit EL0 Support
[    0.022056] CPU: All CPU(s) started at EL2
[    0.022073] alternatives: patching kernel code
[    0.022792] devtmpfs: initialized
[    0.027151] random: get_random_u32 called from bucket_table_alloc+0x108/0x260 with crng_init=0
[    0.027311] clocksource: jiffies: mask: 0xffffffff max_cycles: 0xffffffff, max_idle_ns: 7645041785100000 ns
[    0.027332] futex hash table entries: 1024 (order: 5, 131072 bytes)
[    0.032799] xor: measuring software checksum speed
[    0.071929]    8regs     :  2303.000 MB/sec
[    0.111958]    8regs_prefetch:  2053.000 MB/sec
[    0.151988]    32regs    :  2830.000 MB/sec
[    0.192018]    32regs_prefetch:  2381.000 MB/sec
[    0.192027] xor: using function: 32regs (2830.000 MB/sec)
[    0.192102] pinctrl core: initialized pinctrl subsystem
[    0.192283] random: fast init done
[    0.192616] NET: Registered protocol family 16
[    0.193220] cpuidle: using governor menu
[    0.193733] vdso: 2 pages (1 code @ ffffff8008a36000, 1 data @ ffffff8008da4000)
[    0.193750] hw-breakpoint: found 6 breakpoint and 4 watchpoint registers.
[    0.194218] DMA: preallocated 256 KiB pool for atomic allocations
[    0.223828] reset_zynqmp reset-controller: Xilinx zynqmp reset driver probed
[    0.224306] ARM CCI_400_r1 PMU driver probed
[    0.228990] zynqmp-pinctrl ff180000.pinctrl: zynqmp pinctrl initialized
[    0.237448] HugeTLB registered 2.00 MiB page size, pre-allocated 0 pages
[    0.304161] raid6: int64x1  gen()   402 MB/s
[    0.372222] raid6: int64x1  xor()   446 MB/s
[    0.440343] raid6: int64x2  gen()   689 MB/s
[    0.508351] raid6: int64x2  xor()   603 MB/s
[    0.576369] raid6: int64x4  gen()  1042 MB/s
[    0.644422] raid6: int64x4  xor()   742 MB/s
[    0.712518] raid6: int64x8  gen()   980 MB/s
[    0.780522] raid6: int64x8  xor()   745 MB/s
[    0.848577] raid6: neonx1   gen()   726 MB/s
[    0.916623] raid6: neonx1   xor()   852 MB/s
[    0.984722] raid6: neonx2   gen()  1170 MB/s
[    1.052730] raid6: neonx2   xor()  1206 MB/s
[    1.120783] raid6: neonx4   gen()  1505 MB/s
[    1.188854] raid6: neonx4   xor()  1441 MB/s
[    1.256900] raid6: neonx8   gen()  1652 MB/s
[    1.324948] raid6: neonx8   xor()  1533 MB/s
[    1.324955] raid6: using algorithm neonx8 gen() 1652 MB/s
[    1.324963] raid6: .... xor() 1533 MB/s, rmw enabled
[    1.324971] raid6: using neon recovery algorithm
[    1.325495] XGpio: /amba_pl@0/gpio@a0000000: registered, base is 507
[    1.325813] XGpio: /amba_pl@0/gpio@a0002000: registered, base is 499
[    1.327167] SCSI subsystem initialized
[    1.327340] usbcore: registered new interface driver usbfs
[    1.327378] usbcore: registered new interface driver hub
[    1.327417] usbcore: registered new device driver usb
[    1.327481] media: Linux media interface: v0.10
[    1.327507] Linux video capture interface: v2.00
[    1.327546] pps_core: LinuxPPS API ver. 1 registered
[    1.327555] pps_core: Software ver. 5.3.6 - Copyright 2005-2007 Rodolfo Giometti <giometti@linux.it>
[    1.327575] PTP clock support registered
[    1.327602] EDAC MC: Ver: 3.0.0
[    1.327893] zynqmp-ipi ff9905c0.mailbox: Probed ZynqMP IPI Mailbox driver.
[    1.328042] FPGA manager framework
[    1.328152] fpga-region fpga-full: FPGA Region probed
[    1.328250] Advanced Linux Sound Architecture Driver Initialized.
[    1.328494] Bluetooth: Core ver 2.22
[    1.328524] NET: Registered protocol family 31
[    1.328532] Bluetooth: HCI device and connection manager initialized
[    1.328544] Bluetooth: HCI socket layer initialized
[    1.328554] Bluetooth: L2CAP socket layer initialized
[    1.328572] Bluetooth: SCO socket layer initialized
[    1.329065] clocksource: Switched to clocksource arch_sys_counter
[    1.329139] VFS: Disk quotas dquot_6.6.0
[    1.329185] VFS: Dquot-cache hash table entries: 512 (order 0, 4096 bytes)
[    1.333170] NET: Registered protocol family 2
[    1.333470] TCP established hash table entries: 32768 (order: 6, 262144 bytes)
[    1.333682] TCP bind hash table entries: 32768 (order: 7, 524288 bytes)
[    1.334094] TCP: Hash tables configured (established 32768 bind 32768)
[    1.334168] UDP hash table entries: 2048 (order: 4, 65536 bytes)
[    1.334245] UDP-Lite hash table entries: 2048 (order: 4, 65536 bytes)
[    1.334397] NET: Registered protocol family 1
[    1.334619] RPC: Registered named UNIX socket transport module.
[    1.334629] RPC: Registered udp transport module.
[    1.334636] RPC: Registered tcp transport module.
[    1.334643] RPC: Registered tcp NFSv4.1 backchannel transport module.
[    1.334743] Trying to unpack rootfs image as initramfs...
[    1.665551] Freeing initrd memory: 7744K
[    1.665903] hw perfevents: no interrupt-affinity property for /pmu, guessing.
[    1.666057] hw perfevents: enabled with armv8_pmuv3 PMU driver, 7 counters available
[    1.666796] audit: initializing netlink subsys (disabled)
[    1.666876] audit: type=2000 audit(1.656:1): state=initialized audit_enabled=0 res=1
[    1.667197] workingset: timestamp_bits=62 max_order=20 bucket_order=0
[    1.667869] NFS: Registering the id_resolver key type
[    1.667890] Key type id_resolver registered
[    1.667897] Key type id_legacy registered
[    1.667909] nfs4filelayout_init: NFSv4 File Layout Driver Registering...
[    1.667931] jffs2: version 2.2. (NAND) (SUMMARY)  Â© 2001-2006 Red Hat, Inc.
[    1.694474] Block layer SCSI generic (bsg) driver version 0.4 loaded (major 246)
[    1.694495] io scheduler noop registered
[    1.694503] io scheduler deadline registered
[    1.694524] io scheduler cfq registered (default)
[    1.694533] io scheduler mq-deadline registered
[    1.694540] io scheduler kyber registered
[    1.695880] xilinx-dpdma fd4c0000.dma: Xilinx DPDMA engine is probed
[    1.696322] xilinx-zynqmp-dma fd500000.dma: ZynqMP DMA driver Probe success
[    1.696481] xilinx-zynqmp-dma fd510000.dma: ZynqMP DMA driver Probe success
[    1.696636] xilinx-zynqmp-dma fd520000.dma: ZynqMP DMA driver Probe success
[    1.696795] xilinx-zynqmp-dma fd530000.dma: ZynqMP DMA driver Probe success
[    1.696949] xilinx-zynqmp-dma fd540000.dma: ZynqMP DMA driver Probe success
[    1.697130] xilinx-zynqmp-dma fd550000.dma: ZynqMP DMA driver Probe success
[    1.697291] xilinx-zynqmp-dma fd560000.dma: ZynqMP DMA driver Probe success
[    1.697451] xilinx-zynqmp-dma fd570000.dma: ZynqMP DMA driver Probe success
[    1.697670] xilinx-zynqmp-dma ffa80000.dma: ZynqMP DMA driver Probe success
[    1.697819] xilinx-zynqmp-dma ffa90000.dma: ZynqMP DMA driver Probe success
[    1.697975] xilinx-zynqmp-dma ffaa0000.dma: ZynqMP DMA driver Probe success
[    1.698127] xilinx-zynqmp-dma ffab0000.dma: ZynqMP DMA driver Probe success
[    1.698278] xilinx-zynqmp-dma ffac0000.dma: ZynqMP DMA driver Probe success
[    1.698428] xilinx-zynqmp-dma ffad0000.dma: ZynqMP DMA driver Probe success
[    1.698579] xilinx-zynqmp-dma ffae0000.dma: ZynqMP DMA driver Probe success
[    1.698733] xilinx-zynqmp-dma ffaf0000.dma: ZynqMP DMA driver Probe success
[    1.723863] Serial: 8250/16550 driver, 4 ports, IRQ sharing disabled
[    1.727316] cacheinfo: Unable to detect cache hierarchy for CPU 0
[    1.731540] brd: module loaded
[    1.735115] loop: module loaded
[    1.735645] xilinx-sdfec a0080000.sd_fec: XSDFEC0 Probe Successful
[    1.735939] xilinx-sdfec a00c0000.sd_fec: XSDFEC1 Probe Successful
[    1.736568] ahci-ceva fd0c0000.ahci: couldn't get PHY in node ahci: -517
[    1.736733] mtdoops: mtd device (mtddev=name/number) must be supplied
[    1.737549] m25p80 spi0.0: found mt25ul02g, expected n25q512a
[    1.737749] m25p80 spi0.0: mt25ul02g (524288 Kbytes)
[    1.737772] 4 ofpart partitions found on MTD device spi0.0
[    1.737781] Creating 4 MTD partitions on "spi0.0":
[    1.737792] 0x000000000000-0x000001e00000 : "boot"
[    1.738213] 0x000001e00000-0x000001e40000 : "bootenv"
[    1.738594] 0x000001e40000-0x000004240000 : "kernel"
[    1.738971] 0x000004240000-0x000020000000 : "spare"
[    1.740238] libphy: Fixed MDIO Bus: probed
[    1.741250] tun: Universal TUN/TAP device driver, 1.6
[    1.741403] CAN device driver interface
[    1.742788] macb ff0e0000.ethernet: Not enabling partial store and forward
[    1.743225] libphy: MACB_mii_bus: probed
[    1.746321] macb ff0e0000.ethernet eth0: Cadence GEM rev 0x50070106 at 0xff0e0000 irq 30 (00:0a:35:00:22:01)
[    1.746339] TI DP83867 ff0e0000.ethernet-ffffffff:0c: attached PHY driver [TI DP83867] (mii_bus:phy_addr=ff0e0000.ethernet-ffffffff:0c, irq=POLL)
[    1.747040] usbcore: registered new interface driver asix
[    1.747094] usbcore: registered new interface driver ax88179_178a
[    1.747125] usbcore: registered new interface driver cdc_ether
[    1.747154] usbcore: registered new interface driver net1080
[    1.747184] usbcore: registered new interface driver cdc_subset
[    1.747214] usbcore: registered new interface driver zaurus
[    1.747253] usbcore: registered new interface driver cdc_ncm
[    1.747554] xilinx-axipmon ffa00000.perf-monitor: Probed Xilinx APM
[    1.748673] ehci_hcd: USB 2.0 'Enhanced' Host Controller (EHCI) Driver
[    1.748683] ehci-pci: EHCI PCI platform driver
[    1.748986] usbcore: registered new interface driver uas
[    1.749026] usbcore: registered new interface driver usb-storage
[    1.749575] rtc_zynqmp ffa60000.rtc: rtc core: registered ffa60000.rtc as rtc0
[    1.749639] i2c /dev entries driver
[    1.750671] IR NEC protocol handler initialized
[    1.750681] IR RC5(x/sz) protocol handler initialized
[    1.750688] IR RC6 protocol handler initialized
[    1.750696] IR JVC protocol handler initialized
[    1.750703] IR Sony protocol handler initialized
[    1.750710] IR SANYO protocol handler initialized
[    1.750717] IR Sharp protocol handler initialized
[    1.750724] IR MCE Keyboard/mouse protocol handler initialized
[    1.750732] IR XMP protocol handler initialized
[    1.751524] usbcore: registered new interface driver uvcvideo
[    1.751533] USB Video Class driver (1.1.1)
[    1.752019] cdns-wdt fd4d0000.watchdog: Xilinx Watchdog Timer at ffffff80090fd000 with timeout 10s
[    1.752224] Bluetooth: HCI UART driver ver 2.3
[    1.752234] Bluetooth: HCI UART protocol H4 registered
[    1.752242] Bluetooth: HCI UART protocol BCSP registered
[    1.752272] Bluetooth: HCI UART protocol LL registered
[    1.752281] Bluetooth: HCI UART protocol ATH3K registered
[    1.752289] Bluetooth: HCI UART protocol Three-wire (H5) registered
[    1.752333] Bluetooth: HCI UART protocol Intel registered
[    1.752342] Bluetooth: HCI UART protocol QCA registered
[    1.752379] usbcore: registered new interface driver bcm203x
[    1.752414] usbcore: registered new interface driver bpa10x
[    1.752447] usbcore: registered new interface driver bfusb
[    1.752480] usbcore: registered new interface driver btusb
[    1.752489] Bluetooth: Generic Bluetooth SDIO driver ver 0.1
[    1.752542] usbcore: registered new interface driver ath3k
[    1.752670] EDAC MC: ECC not enabled
[    1.752858] EDAC DEVICE0: Giving out device to module zynqmp-ocm-edac controller zynqmp_ocm: DEV ff960000.memory-controller (INTERRUPT)
[    1.753782] sdhci: Secure Digital Host Controller Interface driver
[    1.753791] sdhci: Copyright(c) Pierre Ossman
[    1.753799] sdhci-pltfm: SDHCI platform and OF driver helper
[    1.805075] mmc0: SDHCI controller on ff170000.sdhci [ff170000.sdhci] using ADMA 64-bit
[    1.805489] ledtrig-cpu: registered to indicate activity on CPUs
[    1.805632] usbcore: registered new interface driver usbhid
[    1.805641] usbhid: USB HID core driver
[    1.807484] fpga_manager fpga0: Xilinx ZynqMP FPGA Manager registered
[    1.809269] pktgen: Packet Generator for packet performance testing. Version: 2.75
[    1.811477] Netfilter messages via NETLINK v0.30.
[    1.811593] ip_tables: (C) 2000-2006 Netfilter Core Team
[    1.811733] Initializing XFRM netlink socket
[    1.811795] NET: Registered protocol family 10
[    1.812204] Segment Routing with IPv6
[    1.812248] ip6_tables: (C) 2000-2006 Netfilter Core Team
[    1.812419] sit: IPv6, IPv4 and MPLS over IPv4 tunneling driver
[    1.812732] NET: Registered protocol family 17
[    1.812749] NET: Registered protocol family 15
[    1.812768] bridge: filtering via arp/ip/ip6tables is no longer available by default. Update your scripts to load br_netfilter if you need this.
[    1.812782] Ebtables v2.0 registered
[    1.812870] can: controller area network core (rev 20170425 abi 9)
[    1.812904] NET: Registered protocol family 29
[    1.812913] can: raw protocol (rev 20170425)
[    1.812921] can: broadcast manager protocol (rev 20170425 t)
[    1.812932] can: netlink gateway (rev 20170425) max_hops=1
[    1.813141] Bluetooth: RFCOMM TTY layer initialized
[    1.813154] Bluetooth: RFCOMM socket layer initialized
[    1.813176] Bluetooth: RFCOMM ver 1.11
[    1.813186] Bluetooth: BNEP (Ethernet Emulation) ver 1.3
[    1.813194] Bluetooth: BNEP filters: protocol multicast
[    1.813204] Bluetooth: BNEP socket layer initialized
[    1.813212] Bluetooth: HIDP (Human Interface Emulation) ver 1.2
[    1.813222] Bluetooth: HIDP socket layer initialized
[    1.813333] 9pnet: Installing 9P2000 support
[    1.813351] Key type dns_resolver registered
[    1.813688] registered taskstats version 1
[    1.814004] Btrfs loaded, crc32c=crc32c-generic
[    1.820344] ff000000.serial: ttyPS0 at MMIO 0xff000000 (irq = 41, base_baud = 6249999) is a xuartps
[    1.969898] mmc0: new high speed SDHC card at address aaaa
[    1.977498] mmcblk0: mmc0:aaaa SS08G 7.40 GiB 
[    1.985016]  mmcblk0: p1
[    3.439382] console [ttyPS0] enabled
[    3.443367] ff010000.serial: ttyPS1 at MMIO 0xff010000 (irq = 42, base_baud = 6249999) is a xuartps
[    3.454025] xilinx-psgtr fd400000.zynqmp_phy: Lane:1 type:8 protocol:4 pll_locked:yes
[    3.462284] PLL: shutdown
[    3.464951] PLL: shutdown
[    3.467873] PLL: enable
[    3.470370] PLL: shutdown
[    3.473729] PLL: enable
[    3.476190] xilinx-dp-snd-codec fd4a0000.zynqmp-display:zynqmp_dp_snd_codec0: Xilinx DisplayPort Sound Codec probed
[    3.486788] xilinx-dp-snd-pcm fd4a0000.zynqmp-display:zynqmp_dp_snd_pcm0: Xilinx DisplayPort Sound PCM probed
[    3.496834] xilinx-dp-snd-pcm fd4a0000.zynqmp-display:zynqmp_dp_snd_pcm1: Xilinx DisplayPort Sound PCM probed
[    3.506966] xilinx-dp-snd-pcm fd4a0000.zynqmp-display:zynqmp_dp_snd_pcm1: ASoC: Failed to create component debugfs directory
[    3.518293] xilinx-dp-snd-card fd4a0000.zynqmp-display:zynqmp_dp_snd_card: xilinx-dp-snd-codec-dai <-> xilinx-dp-snd-codec-dai mapping ok
[    3.530650] xilinx-dp-snd-card fd4a0000.zynqmp-display:zynqmp_dp_snd_card: xilinx-dp-snd-codec-dai <-> xilinx-dp-snd-codec-dai mapping ok
[    3.543279] xilinx-dp-snd-card fd4a0000.zynqmp-display:zynqmp_dp_snd_card: Xilinx DisplayPort Sound Card probed
[    3.553385] OF: graph: no port node found in /amba/zynqmp-display@fd4a0000
[    3.560302] [drm] Supports vblank timestamp caching Rev 2 (21.10.2013).
[    3.566836] [drm] No driver support for vblank timestamp query.
[    3.572800] xlnx-drm xlnx-drm.0: bound fd4a0000.zynqmp-display (ops 0xffffff8008ae4868)
[    3.618318] PLL: enable
[    3.746357] Console: switching to colour frame buffer device 240x67
[    3.771734] zynqmp-display fd4a0000.zynqmp-display: fb0:  frame buffer device
[    3.779052] [drm] Initialized xlnx 1.0.0 20130509 for fd4a0000.zynqmp-display on minor 0
[    3.787152] zynqmp-display fd4a0000.zynqmp-display: ZynqMP DisplayPort Subsystem driver probed
[    3.796213] xilinx-psgtr fd400000.zynqmp_phy: Lane:3 type:3 protocol:2 pll_locked:yes
[    3.804088] ahci-ceva fd0c0000.ahci: AHCI 0001.0301 32 slots 2 ports 6 Gbps 0x3 impl platform mode
[    3.813052] ahci-ceva fd0c0000.ahci: flags: 64bit ncq sntf pm clo only pmp fbs pio slum part ccc sds apst 
[    3.823436] scsi host0: ahci-ceva
[    3.826890] scsi host1: ahci-ceva
[    3.830268] ata1: SATA max UDMA/133 mmio [mem 0xfd0c0000-0xfd0c1fff] port 0x100 irq 39
[    3.838179] ata2: SATA max UDMA/133 mmio [mem 0xfd0c0000-0xfd0c1fff] port 0x180 irq 39
[    3.847882] xilinx-psgtr fd400000.zynqmp_phy: Lane:2 type:0 protocol:3 pll_locked:yes
[    3.857985] xhci-hcd xhci-hcd.0.auto: xHCI Host Controller
[    3.863455] xhci-hcd xhci-hcd.0.auto: new USB bus registered, assigned bus number 1
[    3.871343] xhci-hcd xhci-hcd.0.auto: hcc params 0x0238f625 hci version 0x100 quirks 0x22010010
[    3.880066] xhci-hcd xhci-hcd.0.auto: irq 63, io mem 0xfe200000
[    3.886072] usb usb1: New USB device found, idVendor=1d6b, idProduct=0002
[    3.892847] usb usb1: New USB device strings: Mfr=3, Product=2, SerialNumber=1
[    3.900051] usb usb1: Product: xHCI Host Controller
[    3.904890] usb usb1: Manufacturer: Linux 4.14.0-xilinx-v2018.1 xhci-hcd
[    3.911590] usb usb1: SerialNumber: xhci-hcd.0.auto
[    3.916712] hub 1-0:1.0: USB hub found
[    3.920441] hub 1-0:1.0: 1 port detected
[    3.924502] xhci-hcd xhci-hcd.0.auto: xHCI Host Controller
[    3.929964] xhci-hcd xhci-hcd.0.auto: new USB bus registered, assigned bus number 2
[    3.937657] usb usb2: We don't know the algorithms for LPM for this host, disabling LPM.
[    3.945815] usb usb2: New USB device found, idVendor=1d6b, idProduct=0003
[    3.952584] usb usb2: New USB device strings: Mfr=3, Product=2, SerialNumber=1
[    3.959788] usb usb2: Product: xHCI Host Controller
[    3.964626] usb usb2: Manufacturer: Linux 4.14.0-xilinx-v2018.1 xhci-hcd
[    3.971325] usb usb2: SerialNumber: xhci-hcd.0.auto
[    3.976403] hub 2-0:1.0: USB hub found
[    3.980121] hub 2-0:1.0: 1 port detected
[    3.985105] pca953x 0-0020: 0-0020 supply vcc not found, using dummy regulator
[    3.995113] pca953x 0-0020: interrupt support not compiled in
[    4.001640] ina2xx 3-0040: power monitor ina226 (Rshunt = 2000 uOhm)
[    4.008400] ina2xx 3-0041: power monitor ina226 (Rshunt = 5000 uOhm)
[    4.015154] ina2xx 3-0042: power monitor ina226 (Rshunt = 5000 uOhm)
[    4.021908] ina2xx 3-0043: power monitor ina226 (Rshunt = 5000 uOhm)
[    4.028669] ina2xx 3-0045: power monitor ina226 (Rshunt = 5000 uOhm)
[    4.035426] ina2xx 3-0046: power monitor ina226 (Rshunt = 2000 uOhm)
[    4.042179] ina2xx 3-0047: power monitor ina226 (Rshunt = 5000 uOhm)
[    4.051997] ina2xx 3-0048: power monitor ina226 (Rshunt = 5000 uOhm)
[    4.061797] ina2xx 3-0049: power monitor ina226 (Rshunt = 5000 uOhm)
[    4.071584] ina2xx 3-004a: power monitor ina226 (Rshunt = 5000 uOhm)
[    4.081376] ina2xx 3-004b: power monitor ina226 (Rshunt = 5000 uOhm)
[    4.091161] ina2xx 3-004c: power monitor ina226 (Rshunt = 5000 uOhm)
[    4.100919] ina2xx 3-004d: power monitor ina226 (Rshunt = 5000 uOhm)
[    4.110627] ina2xx 3-004e: power monitor ina226 (Rshunt = 5000 uOhm)
[    4.119858] i2c i2c-0: Added multiplexed i2c bus 3
[    4.127640] i2c i2c-0: Added multiplexed i2c bus 4
[    4.135550] i2c i2c-0: Added multiplexed i2c bus 5
[    4.143172] i2c i2c-0: Added multiplexed i2c bus 6
[    4.150630] pca954x 0-0075: registered 4 multiplexed busses for I2C mux pca9544
[    4.159258] ata1: SATA link down (SStatus 0 SControl 330)
[    4.168685] cdns-i2c ff020000.i2c: 400 kHz mmio ff020000 irq 32
[    4.178948] at24 7-0054: 1024 byte 24c08 EEPROM, writable, 1 bytes/write
[    4.188331] i2c i2c-1: Added multiplexed i2c bus 7
[    4.195927] i2c i2c-1: Added multiplexed i2c bus 8
[    4.205320] si570 9-005d: registered, current frequency 300000000 Hz
[    4.214262] i2c i2c-1: Added multiplexed i2c bus 9
[    4.235519] si570 10-005d: registered, current frequency 148500000 Hz
[    4.244531] i2c i2c-1: Added multiplexed i2c bus 10
[    4.252127] i2c i2c-1: Added multiplexed i2c bus 11
[    4.259682] i2c i2c-1: Added multiplexed i2c bus 12
[    4.267128] i2c i2c-1: Added multiplexed i2c bus 13
[    4.274580] i2c i2c-1: Added multiplexed i2c bus 14
[    4.281842] pca954x 1-0074: registered 8 multiplexed busses for I2C switch pca9548
[    4.292149] i2c i2c-1: Added multiplexed i2c bus 15
[    4.299537] i2c i2c-1: Added multiplexed i2c bus 16
[    4.306857] i2c i2c-1: Added multiplexed i2c bus 17
[    4.314443] i2c i2c-1: Added multiplexed i2c bus 18
[    4.321083] ata2: SATA link up 6.0 Gbps (SStatus 133 SControl 330)
[    4.321804] ata2.00: ATA-9: TS128GMTS400S, Q0926B, max UDMA/133
[    4.321808] ata2.00: 250069680 sectors, multi 16: LBA48 NCQ (depth 31/32)
[    4.321919] ata2.00: configured for UDMA/133
[    4.322111] scsi 1:0:0:0: Direct-Access     ATA      TS128GMTS400S    6B   PQ: 0 ANSI: 5
[    4.322588] sd 1:0:0:0: [sda] 250069680 512-byte logical blocks: (128 GB/119 GiB)
[    4.322616] sd 1:0:0:0: [sda] Write Protect is off
[    4.322663] sd 1:0:0:0: [sda] Write cache: enabled, read cache: enabled, doesn't support DPO or FUA
[    4.333727]  sda: sda1
[    4.334243] sd 1:0:0:0: [sda] Attached SCSI disk
[    4.403342] i2c i2c-1: Added multiplexed i2c bus 19
[    4.410563] i2c i2c-1: Added multiplexed i2c bus 20
[    4.417750] i2c i2c-1: Added multiplexed i2c bus 21
[    4.424891] i2c i2c-1: Added multiplexed i2c bus 22
[    4.431880] pca954x 1-0075: registered 8 multiplexed busses for I2C switch pca9548
[    4.441620] cdns-i2c ff030000.i2c: 400 kHz mmio ff030000 irq 33
[    4.450922] input: gpio-keys as /devices/platform/gpio-keys/input/input0
[    4.460035] rtc_zynqmp ffa60000.rtc: setting system clock to 2018-04-13 07:48:28 UTC (1523605708)
[    4.471281] clk: Not disabling unused clocks
[    4.477812] ALSA device list:
[    4.482966]   #0: DisplayPort monitor
[    4.489211] Freeing unused kernel memory: 512K
INIT: version 2.88 booting
Starting udev
[    4.600667] udevd[1879]: starting version 3.2.2
[    4.612037] udevd[1880]: starting eudev-3.2.2
[    4.873197] usb 2-1: new SuperSpeed USB device number 2 using xhci-hcd
[    4.901910] usb 2-1: New USB device found, idVendor=0781, idProduct=5583
[    4.910892] usb 2-1: New USB device strings: Mfr=1, Product=2, SerialNumber=3
[    4.920273] usb 2-1: Product: Ultra Fit
[    4.926330] usb 2-1: Manufacturer: SanDisk
[    4.932653] usb 2-1: SerialNumber: 4C530001170901113080
[    4.940978] usb-storage 2-1:1.0: USB Mass Storage device detected
[    4.950101] scsi host2: usb-storage 2-1:1.0
[    5.034498] FAT-fs (mmcblk0p1): Volume was not properly unmounted. Some data may be corrupt. Please run fsck.
Starting internet superserver: inetd.
Configuring packages on first boot....
 (This may take several minutes. Please do not power off the machine.)
Running postinst /etc/rpm-postinsts/100-sysvinit-inittab...
update-rc.d: /etc/init.d/run-postinsts exists during rc.d purge (continuing)
 Removing any sINIT: Entering runlevel: 5
Configuring network interfaces... [    5.420416] pps pps0: new PPS source ptp0
[    5.426853] macb ff0e0000.ethernet: gem-ptp-timer ptp clock registered.
[    5.435919] IPv6: ADDRCONF(NETDEV_UP): eth0: link is not ready
udhcpc (v1.24.1) started
Sending discover...
[    5.957895] scsi 2:0:0:0: Direct-Access     SanDisk  Ultra Fit        1.00 PQ: 0 ANSI: 6
[    5.969560] sd 2:0:0:0: [sdb] 60062500 512-byte logical blocks: (30.8 GB/28.6 GiB)
[    5.981041] sd 2:0:0:0: [sdb] Write Protect is off
[    5.988710] sd 2:0:0:0: [sdb] Write cache: disabled, read cache: enabled, doesn't support DPO or FUA
[    6.006833]  sdb: sdb1
[    6.015568] sd 2:0:0:0: [sdb] Attached SCSI removable disk
[    6.156237] FAT-fs (sdb1): Volume was not properly unmounted. Some data may be corrupt. Please run fsck.
Sending discover...
[    9.509349] macb ff0e0000.ethernet eth0: link up (1000/Full)
[    9.517851] IPv6: ADDRCONF(NETDEV_CHANGE): eth0: link becomes ready
Sending discover...
No lease, forking to background
done.
Starting Dropbear SSH server: Generating key, this may take a while...
Public key portion is:
ssh-rsa AAAAB3NzaC1yc2EAAAADAQABAAABAQCBKVcUpCXPEN+85ATAngZ9QLDsBMo1BcI9TB3xDTW1PD24pJg7NN271PAlqHFVG42geSUVCkmoI8Dhvc6X0Uu0hTrSslDZqfCDURjgNn0nh6qSwU8AAzwRq0GCOj5KouV+lRcrPgG5rCfx8o9/jCyehYdK0oHy9HCfFjFbLE9h7V/bZnhqvzffeq0e9z8s4YFlySpOxt+YqiXMpbpNwYDJgBwMvFPVjtFaeVHwATdKXmJXDQXTS/rSKQC5TzXFIHzLPSEeTEkHf1Zc45uXQWX6Fxe0MbCPteE4ZIYILDwKA0v0w2pmD7gA3sPh9rTCi8ct7m/tA4miIp78gnZE4W4V root@xilinx-zcu111-2018_1
Fingerprint: md5 b1:ab:a8:58:3c:7e:79:02:e5:06:bf:7a:fc:1a:ad:61
dropbear.
Starting syslogd/klogd: done
Starting tcf-agent: OK

PetaLinux 2018.1 xilinx-zcu111-2018_1 /dev/ttyPS0

xilinx-zcu111-2018_1 login: 
Entering step: 7


Info: This step started at: 2018-06-14 13:36:06
Writing: 'root\n'

Entering step: 8


Info: This step started at: 2018-06-14 13:36:08
root
Password: Writing: 'root\n'

7[r[999;999H[6n
Entering step: 9


Info: This step started at: 2018-06-14 13:36:10
Writing: '\n'
8root@xilinx-zcu111-2018_1:~# 
Entering step: 10


Info: This step started at: 2018-06-14 13:36:15

User has responded "Yes": "Do you see the Console displaying on the DP Monitor? 
The test passed if you see the pattern on the output monitor."

step finished 

Entering step: 11


Info: This step started at: 2018-06-14 13:36:30
Writing: 'ifconfig eth0 192.168.1.10\n'
ifconfig eth0 192.168.1.10
root@xilinx-zcu111-2018_1:~# 
Entering step: 12


Info: This step started at: 2018-06-14 13:36:35
Writing: '\n'

root@xilinx-zcu111-2018_1:~# 
Entering step: 13


Info: This step started at: 2018-06-14 13:36:40
Writing: 'df\n'
df
Filesystem           1K-blocks      Used Available Use% Mounted on
devtmpfs               1888488         4   1888484   0% /dev
tmpfs                  2023688       132   2023556   0% /run
tmpfs                  2023688        92   2023596   0% /var/volatile
[   55.860440] random: crng init done
/dev/sda1            124964832      1216 124963616   0% /run/media/sda1
/dev/mmcblk0p1         7753728    165344   7588384   2% /run/media/mmcblk0p1
/dev/sdb1             30016560   1796464  28220096   6% /run/media/sdb1
root@xilinx-zcu111-2018_1:~# 
Entering step: 14


Info: This step started at: 2018-06-14 13:36:50
Writing: 'dmesg | grep -i SuperSpeed\n'
dmesg | grep -i SuperSpeed
[    4.873197] usb 2-1: new SuperSpeed USB device number 2 using xhci-hcd
root@xilinx-zcu111-2018_1:~# 
Entering step: 15


Info: This step started at: 2018-06-14 13:36:52
Writing: 'dmesg | grep -i SATA\n'

Entering step: 16


Info: This step started at: 2018-06-14 13:36:54
dmesg | grep -i SATA
[    3.830268] ata1: SATA max UDMA/133 mmio [mem 0xfd0c0000-0xfd0c1fff] port 0x100 irq 39
[    3.838179] ata2: SATA max UDMA/133 mmio [mem 0xfd0c0000-0xfd0c1fff] port 0x180 irq 39
[    4.159258] ata1: SATA link down (SStatus 0 SControl 330)
[    4.321083] ata2: SATA link up 6.0 Gbps (SStatus 133 SControl 330)
root@xilinx-zcu111-2018_1:~# Writing: 'cd /run/media/mmcblk0p1\n'
cd /run/media/mmcblk0p1
root@xilinx-zcu111-2018_1:/run/media/mmcblk0p1# 
Entering step: 17


Info: This step started at: 2018-06-14 13:36:56
Writing: './copy_files.sh\n'
./copy_files.sh
/dev/sda1 and /dev/sdb1 exist
root@xilinx-zcu111-2018_1:/run/media/mmcblk0p1# 
Entering step: 18


Info: This step started at: 2018-06-14 13:37:06
Writing: './disktest2.sh\n'
./disktest2.sh
SATA Disk Read/Write Test Start
rm: can't remove '/mnt/smartctl': No such file or directory
Disk: Iteration 1
Disk: Iteration 2
Disk: Iteration 3
Disk: Iteration 4
Disk: Iteration 5
Disk: Iteration 6
Disk: Iteration 7
Disk: Iteration 8
Disk: Iteration 9
Disk: Iteration 10
Disk: Iteration 11
Disk: Iteration 12
Disk: Iteration 13
Disk: Iteration 14
Disk: Iteration 15
Disk: Iteration 16
Disk: Iteration 17
Disk: Iteration 18
Disk: Iteration 19
Disk: Iteration 20
Disk: Iteration 21
Disk: Iteration 22
Disk: Iteration 23
Disk: Iteration 24
Disk: Iteration 25
Disk: Iteration 26
Disk: Iteration 27
Disk: Iteration 28
Disk: Iteration 29
Disk: Iteration 30
Disk: Iteration 31
Disk: Iteration 32
Disk: Iteration 33
Disk: Iteration 34
Disk: Iteration 35
Disk: Iteration 36
Disk: Iteration 37
Disk: Iteration 38
Disk: Iteration 39
Disk: Iteration 40
Disk: Iteration 41
Disk: Iteration 42
Disk: Iteration 43
Disk: Iteration 44
Disk: Iteration 45
Disk: Iteration 46
Disk: Iteration 47
Disk: Iteration 48
Disk: Iteration 49
Disk: Iteration 50
Disk: Iteration 51
Disk: Iteration 52
Disk: Iteration 53
Disk: Iteration 54
Disk: Iteration 55
Disk: Iteration 56
Disk: Iteration 57
Disk: Iteration 58
Disk: Iteration 59
Disk: Iteration 60
Disk: Iteration 61
Disk: Iteration 62
Disk: Iteration 63
Disk: Iteration 64
Disk: Iteration 65
Disk: Iteration 66
Disk: Iteration 67
Disk: Iteration 68
Disk: Iteration 69
Disk: Iteration 70
Disk: Iteration 71
Disk: Iteration 72
Disk: Iteration 73
Disk: Iteration 74
Disk: Iteration 75
Disk: Iteration 76
Disk: Iteration 77
Disk: Iteration 78
Disk: Iteration 79
Disk: Iteration 80
Disk: Iteration 81
Disk: Iteration 82
Disk: Iteration 83
Disk: Iteration 84
Disk: Iteration 85
Disk: Iteration 86
Disk: Iteration 87
Disk: Iteration 88
Disk: Iteration 89
Disk: Iteration 90
Disk: Iteration 91
Disk: Iteration 92
Disk: Iteration 93
Disk: Iteration 94
Disk: Iteration 95
Disk: Iteration 96
Disk: Iteration 97
Disk: Iteration 98
Disk: Iteration 99
Disk: Iteration 100
SATA Disk Read/Write Test - PASSED
root@xilinx-zcu111-2018_1:/run/media/mmcblk0p1# 
Entering step: 19


Info: This step started at: 2018-06-14 13:37:16
Writing: './usbtest2.sh\n'
./usbtest2.sh
USB Disk Read/Write Test Start
USB: Iteration 1
USB: Iteration 2
USB: Iteration 3
USB: Iteration 4
USB: Iteration 5
USB: Iteration 6
USB: Iteration 7
USB: Iteration 8
USB: Iteration 9
USB: Iteration 10
USB: Iteration 11
USB: Iteration 12
USB: Iteration 13
USB: Iteration 14
USB: Iteration 15
USB: Iteration 16
USB: Iteration 17
USB: Iteration 18
USB: Iteration 19
USB: Iteration 20
USB: Iteration 21
USB: Iteration 22
USB: Iteration 23
USB: Iteration 24
USB: Iteration 25
USB: Iteration 26
USB: Iteration 27
USB: Iteration 28
USB: Iteration 29
USB: Iteration 30
USB: Iteration 31
USB: Iteration 32
USB: Iteration 33
USB: Iteration 34
USB: Iteration 35
USB: Iteration 36
USB: Iteration 37
USB: Iteration 38
USB: Iteration 39
USB: Iteration 40
USB: Iteration 41
USB: Iteration 42
USB: Iteration 43
USB: Iteration 44
USB: Iteration 45
USB: Iteration 46
USB: Iteration 47
USB: Iteration 48
USB: Iteration 49
USB: Iteration 50
USB: Iteration 51
USB: Iteration 52
USB: Iteration 53
USB: Iteration 54
USB: Iteration 55
USB: Iteration 56
USB: Iteration 57
USB: Iteration 58
USB: Iteration 59
USB: Iteration 60
USB: Iteration 61
USB: Iteration 62
USB: Iteration 63
USB: Iteration 64
USB: Iteration 65
USB: Iteration 66
USB: Iteration 67
USB: Iteration 68
USB: Iteration 69
USB: Iteration 70
USB: Iteration 71
USB: Iteration 72
USB: Iteration 73
USB: Iteration 74
USB: Iteration 75
USB: Iteration 76
USB: Iteration 77
USB: Iteration 78
USB: Iteration 79
USB: Iteration 80
USB: Iteration 81
USB: Iteration 82
USB: Iteration 83
USB: Iteration 84
USB: Iteration 85
USB: Iteration 86
USB: Iteration 87
USB: Iteration 88
USB: Iteration 89
USB: Iteration 90
USB: Iteration 91
USB: Iteration 92
USB: Iteration 93
USB: Iteration 94
USB: Iteration 95
USB: Iteration 96
USB: Iteration 97
USB: Iteration 98
USB: Iteration 99
USB: Iteration 100
USB Read/Write Test - PASSED
root@xilinx-zcu111-2018_1:/run/media/mmcblk0p1# 
Entering step: 20


Info: This step started at: 2018-06-14 13:37:26
Writing: '\n'

root@xilinx-zcu111-2018_1:/run/media/mmcblk0p1# 
Entering step: 21


Info: This step started at: 2018-06-14 13:37:31

Pinging 192.168.1.10 with 32 bytes of data:
Reply from 192.168.1.10: bytes=32 time=2ms TTL=64
Reply from 192.168.1.10: bytes=32 time=1ms TTL=64
Reply from 192.168.1.10: bytes=32 time<1ms TTL=64
Reply from 192.168.1.10: bytes=32 time=1ms TTL=64


Entering step: 22


Info: This step started at: 2018-06-14 13:37:34
Writing: 'halt\n'
halt

Broadcast message from root@xilinx-zcu111-2018_1 (ttyPS0) (Fri Apr 13 07:50:1The system is going down for system halt NOW!
INIT: Switching to runlevel: 0?®ë‹¯-[Z·¼-zcu111-2018_1:/run/media/mmcblk0p1# INIT: Sending processes the TERM signal
Stopping Dropbear SSH server: stopped /usr/sbin/dropbear (pid 2389)
dropbear.
Stopping syslogd/klogd: stopped syslogd (pid 2397)
stopped klogd (pid 2400)
done
Stopping tcf-agent: OK
Deconfiguring network interfaces... [  112.452987] macb ff0e0000.ethernet: gem-ptp-timer ptp clock unregistered.
done.
Sending all processes the TERM signal...
logout
[  112.933134] macb ff0e0000.ethernet eth0: link down
Sending all processes the KILL signal...
Unmounting remote filesystems...
Deactivating swap...
Unmounting local filesystems...
[  119.750530] sd 1:0:0:0: [sda] Synchronizing SCSI cache
[  119.759256] sd 1:0:0:0: [sda] Stopping disk
[  119.821135] Console: switching to colour dummy device 80x25
[  119.827945] PLL: shutdown
[  119.863354] reboot: Power down

step finished 

Info: Result for step 0: Pass
Info: Result for step 1: Pass
Info: Result for step 2: Pass
Info: Result for step 3: Pass
Info: Result for step 4: Pass
Info: Result for step 5: Pass
Info: Result for step 6: Pass
Info: Result for step 7: Pass
Info: Result for step 8: Pass
Info: Result for step 9: Pass
Info: Result for step 10: Pass
Info: Result for step 11: Pass
Info: Result for step 12: Pass
Info: Result for step 13: Pass
Info: Result for step 14: Pass
Info: Result for step 15: Pass
Info: Result for step 16: Pass
Info: Result for step 17: Pass
Info: Result for step 18: Pass
Info: Result for step 19: Pass
Info: Result for step 20: Pass
Info: Result for step 21: Pass
Info: Result for step 22: Pass

Info: The test took 0 hours, 02 minutes, and 44 seconds. 0:02:44

Info: FTDI UART flashing test started...

Info: The test will take 0 hours, 00 minutes, and 03 seconds. 0:00:03

Entering step: 0


Info: This step started at: 2018-06-14 13:59:40
Location   Description                    SerialNumber        
0          JTAG+3Serial A                 1280976b088A        
0
1280976b088
program_eeprom 0 openjtag3 1280976b088
step finished 

Info: Result for step 0: Pass

Info: The test took 0 hours, 00 minutes, and 03 seconds. 0:00:03
